Add Component: Footprint Not Found C-0805
Add Component: Footprint Not Found C-0805
Add Component: Footprint Not Found C-0805
Add Component: Footprint Not Found C-0805
Add Component: Footprint Not Found C-0805
Add Component: Footprint Not Found C-0805
Add Component: Footprint Not Found C-0805
Add Component: Footprint Not Found C-0805
Add Component: Footprint Not Found C-0805
Add Component: Footprint Not Found C-0805
Add Component: Footprint Not Found C-0805
Add Component: Footprint Not Found C-0805
Add Component: Footprint Not Found C-0805
Add Component: Footprint Not Found C-0805
Add Component: Footprint Not Found C-0805
Add Component: Footprint Not Found C-0805
Add Component: Footprint Not Found C-0805
Add Component: Footprint Not Found C-0805
Add Component: Footprint Not Found C-0805
Add Component: Footprint Not Found C-0805
Add Component: Footprint Not Found C-0805
Add Component: Footprint Not Found C-0805
Add Component: Footprint Not Found C-0805
Add Component: Footprint Not Found C-0805
Add Component: Footprint Not Found C-0805
Add Component: Footprint Not Found C-0805
Add Component: Footprint Not Found C-0805
Add Component: Footprint Not Found C-0805
Add Component: Footprint Not Found C-0805
Add Component: Footprint Not Found C-0805
Add Component: Footprint Not Found C-0805
Add Component: Footprint Not Found C-0805
Add Component: Footprint Not Found C-0805
Add Component: Footprint Not Found C-0805
Add Component: Footprint Not Found C-0805
Add Component: Footprint Not Found C-0805
Add Component: Footprint Not Found C-0805
Add Component: Footprint Not Found C-0805
Add Component: Footprint Not Found C-0805
Add Component: Footprint Not Found C-0805
Add Component: Footprint Not Found C-0805
Add Component: Footprint Not Found C-0805
Add Component: Footprint Not Found C-0805
Add Component: Footprint Not Found C-0805
Add Component: Footprint Not Found C-0805
Add Component: Footprint Not Found C-0805
Add Component: Footprint Not Found C-0805
Add Component: Footprint Not Found C-0805
Add Component: Footprint Not Found C-0805
Add Component: Footprint Not Found C-0805
Add Component: Footprint Not Found C-0805
Add Component: Footprint Not Found C-0805
Add Component: Footprint Not Found C-0805
Add Component: Footprint Not Found C-0805
Add Component: Footprint Not Found C-0805
Add Component: Footprint Not Found C-0805
Add Component: Footprint Not Found C-0805
Add Component: Footprint Not Found C-0805
Add Component: Footprint Not Found C-0805
Add Component: Footprint Not Found C-0805
Add Component: Footprint Not Found C-0805
Add Component: Footprint Not Found C-0805
Add Component: Footprint Not Found C-0805
Add Component: Footprint Not Found C-0805
Add Component: Footprint Not Found C-0805
Add Component: Footprint Not Found C-0805
Add Component: Footprint Not Found C-0805
Add Pin To Net: Unknown Pin: Pin C1_1-1
Add Pin To Net: Unknown Pin: Pin C1_1-2
Add Pin To Net: Unknown Pin: Pin C1_2-1
Add Pin To Net: Unknown Pin: Pin C1_2-2
Add Pin To Net: Unknown Pin: Pin C1_3-1
Add Pin To Net: Unknown Pin: Pin C1_3-2
Add Pin To Net: Unknown Pin: Pin C2_1-1
Add Pin To Net: Unknown Pin: Pin C2_1-2
Add Pin To Net: Unknown Pin: Pin C2_2-1
Add Pin To Net: Unknown Pin: Pin C2_2-2
Add Pin To Net: Unknown Pin: Pin C2_3-1
Add Pin To Net: Unknown Pin: Pin C2_3-2
Add Pin To Net: Unknown Pin: Pin C2_4-1
Add Pin To Net: Unknown Pin: Pin C2_4-2
Add Pin To Net: Unknown Pin: Pin C3-1
Add Pin To Net: Unknown Pin: Pin C3-2
Add Pin To Net: Unknown Pin: Pin C4-1
Add Pin To Net: Unknown Pin: Pin C4-2
Add Pin To Net: Unknown Pin: Pin C5-1
Add Pin To Net: Unknown Pin: Pin C5-2
Add Pin To Net: Unknown Pin: Pin C6-1
Add Pin To Net: Unknown Pin: Pin C6-2
Add Pin To Net: Unknown Pin: Pin C7-1
Add Pin To Net: Unknown Pin: Pin C7-2
Add Pin To Net: Unknown Pin: Pin C8-1
Add Pin To Net: Unknown Pin: Pin C8-2
Add Pin To Net: Unknown Pin: Pin C9-1
Add Pin To Net: Unknown Pin: Pin C9-2
Add Pin To Net: Unknown Pin: Pin C10-1
Add Pin To Net: Unknown Pin: Pin C10-2
Add Pin To Net: Unknown Pin: Pin C11-1
Add Pin To Net: Unknown Pin: Pin C11-2
Add Pin To Net: Unknown Pin: Pin C12-1
Add Pin To Net: Unknown Pin: Pin C12-2
Add Pin To Net: Unknown Pin: Pin C13-1
Add Pin To Net: Unknown Pin: Pin C13-2
Add Pin To Net: Unknown Pin: Pin C14-1
Add Pin To Net: Unknown Pin: Pin C14-2
Add Pin To Net: Unknown Pin: Pin C15-1
Add Pin To Net: Unknown Pin: Pin C15-2
Add Pin To Net: Unknown Pin: Pin C16-1
Add Pin To Net: Unknown Pin: Pin C16-2
Add Pin To Net: Unknown Pin: Pin C17-1
Add Pin To Net: Unknown Pin: Pin C17-2
Add Pin To Net: Unknown Pin: Pin C18-1
Add Pin To Net: Unknown Pin: Pin C18-2
Add Pin To Net: Unknown Pin: Pin C19-1
Add Pin To Net: Unknown Pin: Pin C19-2
Add Pin To Net: Unknown Pin: Pin C20-1
Add Pin To Net: Unknown Pin: Pin C20-2
Add Pin To Net: Unknown Pin: Pin C21-1
Add Pin To Net: Unknown Pin: Pin C21-2
Add Pin To Net: Unknown Pin: Pin C22-1
Add Pin To Net: Unknown Pin: Pin C22-2
Add Pin To Net: Unknown Pin: Pin C23-1
Add Pin To Net: Unknown Pin: Pin C23-2
Add Pin To Net: Unknown Pin: Pin C24-1
Add Pin To Net: Unknown Pin: Pin C24-2
Add Pin To Net: Unknown Pin: Pin C25-1
Add Pin To Net: Unknown Pin: Pin C25-2
Add Pin To Net: Unknown Pin: Pin C26-1
Add Pin To Net: Unknown Pin: Pin C26-2
Add Pin To Net: Unknown Pin: Pin C27-1
Add Pin To Net: Unknown Pin: Pin C27-2
Add Pin To Net: Unknown Pin: Pin C28-1
Add Pin To Net: Unknown Pin: Pin C28-2
Add Pin To Net: Unknown Pin: Pin C29-1
Add Pin To Net: Unknown Pin: Pin C29-2
Add Pin To Net: Unknown Pin: Pin C30-1
Add Pin To Net: Unknown Pin: Pin C30-2
Add Pin To Net: Unknown Pin: Pin C31-1
Add Pin To Net: Unknown Pin: Pin C31-2
Add Pin To Net: Unknown Pin: Pin C32-1
Add Pin To Net: Unknown Pin: Pin C32-2
Add Pin To Net: Unknown Pin: Pin C33-1
Add Pin To Net: Unknown Pin: Pin C33-2
Add Pin To Net: Unknown Pin: Pin C34-1
Add Pin To Net: Unknown Pin: Pin C34-2
Add Pin To Net: Unknown Pin: Pin C36-1
Add Pin To Net: Unknown Pin: Pin C36-2
Add Pin To Net: Unknown Pin: Pin C37-1
Add Pin To Net: Unknown Pin: Pin C37-2
Add Pin To Net: Unknown Pin: Pin C38-1
Add Pin To Net: Unknown Pin: Pin C38-2
Add Pin To Net: Unknown Pin: Pin C39-1
Add Pin To Net: Unknown Pin: Pin C39-2
Add Pin To Net: Unknown Pin: Pin C41_1-1
Add Pin To Net: Unknown Pin: Pin C41_1-2
Add Pin To Net: Unknown Pin: Pin C41_2-1
Add Pin To Net: Unknown Pin: Pin C41_2-2
Add Pin To Net: Unknown Pin: Pin C41_3-1
Add Pin To Net: Unknown Pin: Pin C41_3-2
Add Pin To Net: Unknown Pin: Pin C41_4-1
Add Pin To Net: Unknown Pin: Pin C41_4-2
Add Pin To Net: Unknown Pin: Pin C41_5-1
Add Pin To Net: Unknown Pin: Pin C41_5-2
Add Pin To Net: Unknown Pin: Pin C41_6-1
Add Pin To Net: Unknown Pin: Pin C41_6-2
Add Pin To Net: Unknown Pin: Pin C41_7-1
Add Pin To Net: Unknown Pin: Pin C41_7-2
Add Pin To Net: Unknown Pin: Pin C41_8-1
Add Pin To Net: Unknown Pin: Pin C41_8-2
Add Pin To Net: Unknown Pin: Pin C41_9-1
Add Pin To Net: Unknown Pin: Pin C41_9-2
Add Pin To Net: Unknown Pin: Pin C41_10-1
Add Pin To Net: Unknown Pin: Pin C41_10-2
Add Pin To Net: Unknown Pin: Pin C41_11-1
Add Pin To Net: Unknown Pin: Pin C41_11-2
Add Pin To Net: Unknown Pin: Pin C41_12-1
Add Pin To Net: Unknown Pin: Pin C41_12-2
Add Pin To Net: Unknown Pin: Pin C41_13-1
Add Pin To Net: Unknown Pin: Pin C41_13-2
Add Pin To Net: Unknown Pin: Pin C41_14-1
Add Pin To Net: Unknown Pin: Pin C41_14-2
Add Pin To Net: Unknown Pin: Pin C41_15-1
Add Pin To Net: Unknown Pin: Pin C41_15-2
Add Pin To Net: Unknown Pin: Pin C41_16-1
Add Pin To Net: Unknown Pin: Pin C41_16-2
Add Pin To Net: Unknown Pin: Pin C41_17-1
Add Pin To Net: Unknown Pin: Pin C41_17-2
Add Pin To Net: Unknown Pin: Pin C41_18-1
Add Pin To Net: Unknown Pin: Pin C41_18-2
Add Pin To Net: Unknown Pin: Pin C41_19-1
Add Pin To Net: Unknown Pin: Pin C41_19-2
Add Pin To Net: Unknown Pin: Pin C41_20-1
Add Pin To Net: Unknown Pin: Pin C41_20-2
Add Pin To Net: Unknown Pin: Pin C41_21-1
Add Pin To Net: Unknown Pin: Pin C41_21-2
Add Pin To Net: Unknown Pin: Pin C41_22-1
Add Pin To Net: Unknown Pin: Pin C41_22-2
Add Pin To Net: Unknown Pin: Pin C41_23-1
Add Pin To Net: Unknown Pin: Pin C41_23-2
Add Pin To Net: Unknown Pin: Pin C41_24-1
Add Pin To Net: Unknown Pin: Pin C41_24-2
Add Class: Class already exists: Designator
Add Class: Class already exists: Designator
Add Class: Class already exists: Designator
Add Class: Class already exists: Designator
Add Class: Class already exists: Designator
Add Class Member: Failed to add class member : Component C1_1 (C1)
Add Class Member: Failed to add class member : Component C1_2 (C1)
Add Class Member: Failed to add class member : Component C1_3 (C1)
Add Class Member: Failed to add class member : Component C2_1 (C2)
Add Class Member: Failed to add class member : Component C2_2 (C2)
Add Class Member: Failed to add class member : Component C2_3 (C2)
Add Class Member: Failed to add class member : Component C2_4 (C2)
Add Class Member: Failed to add class member : Component C22 1uF-50V
Add Class Member: Failed to add class member : Component C23 1uF-50V
Add Class Member: Failed to add class member : Component C24 1uF-50V
Add Class Member: Failed to add class member : Component C25 1uF-50V
Add Class Member: Failed to add class member : Component C26 100nF-50V
Add Class Member: Failed to add class member : Component C27 100nF-50V
Add Class Member: Failed to add class member : Component C41_1 (C41)
Add Class Member: Failed to add class member : Component C41_2 (C41)
Add Class Member: Failed to add class member : Component C41_3 (C41)
Add Class Member: Failed to add class member : Component C41_4 (C41)
Add Class Member: Failed to add class member : Component C41_5 (C41)
Add Class Member: Failed to add class member : Component C41_6 (C41)
Add Class Member: Failed to add class member : Component C41_7 (C41)
Add Class Member: Failed to add class member : Component C41_8 (C41)
Add Class Member: Failed to add class member : Component C41_9 (C41)
Add Class Member: Failed to add class member : Component C41_10 (C41)
Add Class Member: Failed to add class member : Component C41_11 (C41)
Add Class Member: Failed to add class member : Component C41_12 (C41)
Add Class Member: Failed to add class member : Component C41_13 (C41)
Add Class Member: Failed to add class member : Component C41_14 (C41)
Add Class Member: Failed to add class member : Component C41_15 (C41)
Add Class Member: Failed to add class member : Component C41_16 (C41)
Add Class Member: Failed to add class member : Component C41_17 (C41)
Add Class Member: Failed to add class member : Component C41_18 (C41)
Add Class Member: Failed to add class member : Component C41_19 (C41)
Add Class Member: Failed to add class member : Component C41_20 (C41)
Add Class Member: Failed to add class member : Component C41_21 (C41)
Add Class Member: Failed to add class member : Component C41_22 (C41)
Add Class Member: Failed to add class member : Component C41_23 (C41)
Add Class Member: Failed to add class member : Component C41_24 (C41)
Added Member To Class: ClassName=Interface Member=Component CN? Box Header IDC 2x8 Straight/Right
Added Member To Class: ClassName=Interface Member=Component CN? Box Header IDC 2x8 Straight/Right
Added Member To Class: ClassName=Interface Member=Component CN? Box Header IDC 2x8 Straight/Right
Added Member To Class: ClassName=Interface Member=Component CN? Box Header IDC 2x8 Straight/Right
Change Room Name: Old Name=Designator_4 New Name=Designator
Change Room Name: Old Name=Designator_5 New Name=Designator
Added Room: Name=Designator
Added Room: Name=Designator
Added Room: Name=Designator
