Component: ARM Compiler 5.06 update 6 (build 750) Tool: armlink [4d35ed]

==============================================================================

Section Cross References

    startup_stm32f429xx.o(STACK) refers (Special) to heapauxi.o(.text) for __use_two_region_memory
    startup_stm32f429xx.o(HEAP) refers (Special) to heapauxi.o(.text) for __use_two_region_memory
    startup_stm32f429xx.o(RESET) refers (Special) to heapauxi.o(.text) for __use_two_region_memory
    startup_stm32f429xx.o(RESET) refers to startup_stm32f429xx.o(STACK) for __initial_sp
    startup_stm32f429xx.o(RESET) refers to startup_stm32f429xx.o(.text) for Reset_Handler
    startup_stm32f429xx.o(RESET) refers to stm32f4xx_it.o(i.NMI_Handler) for NMI_Handler
    startup_stm32f429xx.o(RESET) refers to stm32f4xx_it.o(i.HardFault_Handler) for HardFault_Handler
    startup_stm32f429xx.o(RESET) refers to stm32f4xx_it.o(i.MemManage_Handler) for MemManage_Handler
    startup_stm32f429xx.o(RESET) refers to stm32f4xx_it.o(i.BusFault_Handler) for BusFault_Handler
    startup_stm32f429xx.o(RESET) refers to stm32f4xx_it.o(i.UsageFault_Handler) for UsageFault_Handler
    startup_stm32f429xx.o(RESET) refers to stm32f4xx_it.o(i.SVC_Handler) for SVC_Handler
    startup_stm32f429xx.o(RESET) refers to stm32f4xx_it.o(i.DebugMon_Handler) for DebugMon_Handler
    startup_stm32f429xx.o(RESET) refers to stm32f4xx_it.o(i.PendSV_Handler) for PendSV_Handler
    startup_stm32f429xx.o(RESET) refers to stm32f4xx_it.o(i.SysTick_Handler) for SysTick_Handler
    startup_stm32f429xx.o(RESET) refers to stm32f4xx_it.o(i.DMA1_Stream3_IRQHandler) for DMA1_Stream3_IRQHandler
    startup_stm32f429xx.o(RESET) refers to stm32f4xx_it.o(i.TIM8_TRG_COM_TIM14_IRQHandler) for TIM8_TRG_COM_TIM14_IRQHandler
    startup_stm32f429xx.o(RESET) refers to stm32f4xx_it.o(i.UART7_IRQHandler) for UART7_IRQHandler
    startup_stm32f429xx.o(.text) refers (Special) to heapauxi.o(.text) for __use_two_region_memory
    startup_stm32f429xx.o(.text) refers to system_stm32f4xx.o(i.SystemInit) for SystemInit
    startup_stm32f429xx.o(.text) refers to __main.o(!!!main) for __main
    startup_stm32f429xx.o(.text) refers to startup_stm32f429xx.o(HEAP) for Heap_Mem
    startup_stm32f429xx.o(.text) refers to startup_stm32f429xx.o(STACK) for Stack_Mem
    main.o(i.HAL_TIM_PeriodElapsedCallback) refers to stm32f4xx_hal_gpio.o(i.HAL_GPIO_TogglePin) for HAL_GPIO_TogglePin
    main.o(i.HAL_TIM_PeriodElapsedCallback) refers to main.o(.data) for .data
    main.o(i.HAL_UARTEx_RxEventCallback) refers to debug_link.o(i.DebugLink_RxEventCallback) for DebugLink_RxEventCallback
    main.o(i.MX_FMC_Init) refers to rt_memclr_w.o(.text) for __aeabi_memclr4
    main.o(i.MX_FMC_Init) refers to stm32f4xx_hal_sdram.o(i.HAL_SDRAM_Init) for HAL_SDRAM_Init
    main.o(i.MX_FMC_Init) refers to main.o(.bss) for .bss
    main.o(i.MX_GPIO_Init) refers to rt_memclr_w.o(.text) for __aeabi_memclr4
    main.o(i.MX_GPIO_Init) refers to stm32f4xx_hal_gpio.o(i.HAL_GPIO_WritePin) for HAL_GPIO_WritePin
    main.o(i.MX_GPIO_Init) refers to stm32f4xx_hal_gpio.o(i.HAL_GPIO_Init) for HAL_GPIO_Init
    main.o(i.MX_I2C3_Init) refers to stm32f4xx_hal_i2c.o(i.HAL_I2C_Init) for HAL_I2C_Init
    main.o(i.MX_I2C3_Init) refers to stm32f4xx_hal_i2c_ex.o(i.HAL_I2CEx_ConfigAnalogFilter) for HAL_I2CEx_ConfigAnalogFilter
    main.o(i.MX_I2C3_Init) refers to stm32f4xx_hal_i2c_ex.o(i.HAL_I2CEx_ConfigDigitalFilter) for HAL_I2CEx_ConfigDigitalFilter
    main.o(i.MX_I2C3_Init) refers to main.o(.bss) for .bss
    main.o(i.MX_LTDC_Init) refers to rt_memclr_w.o(.text) for __aeabi_memclr4
    main.o(i.MX_LTDC_Init) refers to stm32f4xx_hal_ltdc.o(i.HAL_LTDC_Init) for HAL_LTDC_Init
    main.o(i.MX_LTDC_Init) refers to stm32f4xx_hal_ltdc.o(i.HAL_LTDC_ConfigLayer) for HAL_LTDC_ConfigLayer
    main.o(i.MX_LTDC_Init) refers to main.o(.bss) for .bss
    main.o(i.MX_RTC_Init) refers to rt_memclr_w.o(.text) for __aeabi_memclr4
    main.o(i.MX_RTC_Init) refers to stm32f4xx_hal_rtc.o(i.HAL_RTC_Init) for HAL_RTC_Init
    main.o(i.MX_RTC_Init) refers to stm32f4xx_hal_rtc_ex.o(i.HAL_RTCEx_BKUPRead) for HAL_RTCEx_BKUPRead
    main.o(i.MX_RTC_Init) refers to stm32f4xx_hal_rtc.o(i.HAL_RTC_SetTime) for HAL_RTC_SetTime
    main.o(i.MX_RTC_Init) refers to stm32f4xx_hal_rtc.o(i.HAL_RTC_SetDate) for HAL_RTC_SetDate
    main.o(i.MX_RTC_Init) refers to main.o(.bss) for .bss
    main.o(i.MX_SPI1_Init) refers to stm32f4xx_hal_spi.o(i.HAL_SPI_Init) for HAL_SPI_Init
    main.o(i.MX_SPI1_Init) refers to main.o(.bss) for .bss
    main.o(i.MX_TIM4_Init) refers to rt_memclr_w.o(.text) for __aeabi_memclr4
    main.o(i.MX_TIM4_Init) refers to stm32f4xx_hal_tim.o(i.HAL_TIM_PWM_Init) for HAL_TIM_PWM_Init
    main.o(i.MX_TIM4_Init) refers to stm32f4xx_hal_tim_ex.o(i.HAL_TIMEx_MasterConfigSynchronization) for HAL_TIMEx_MasterConfigSynchronization
    main.o(i.MX_TIM4_Init) refers to stm32f4xx_hal_tim.o(i.HAL_TIM_PWM_ConfigChannel) for HAL_TIM_PWM_ConfigChannel
[...]
    i.HAL_RCC_GetPCLK2Freq                   0x08001f68   Section        0  stm32f4xx_hal_rcc.o(i.HAL_RCC_GetPCLK2Freq)
    i.HAL_RCC_GetSysClockFreq                0x08001f88   Section        0  stm32f4xx_hal_rcc.o(i.HAL_RCC_GetSysClockFreq)
    i.HAL_RCC_NMI_IRQHandler                 0x08001fe8   Section        0  stm32f4xx_hal_rcc.o(i.HAL_RCC_NMI_IRQHandler)
    i.HAL_RCC_OscConfig                      0x08002004   Section        0  stm32f4xx_hal_rcc.o(i.HAL_RCC_OscConfig)
    i.HAL_RTCEx_BKUPRead                     0x08002370   Section        0  stm32f4xx_hal_rtc_ex.o(i.HAL_RTCEx_BKUPRead)
    i.HAL_RTCEx_BKUPWrite                    0x0800237a   Section        0  stm32f4xx_hal_rtc_ex.o(i.HAL_RTCEx_BKUPWrite)
    i.HAL_RTC_GetDate                        0x08002384   Section        0  stm32f4xx_hal_rtc.o(i.HAL_RTC_GetDate)
    i.HAL_RTC_GetTime                        0x080023c8   Section        0  stm32f4xx_hal_rtc.o(i.HAL_RTC_GetTime)
    i.HAL_RTC_Init                           0x0800241c   Section        0  stm32f4xx_hal_rtc.o(i.HAL_RTC_Init)
    i.HAL_RTC_MspInit                        0x080024b8   Section        0  stm32f4xx_hal_msp.o(i.HAL_RTC_MspInit)
    i.HAL_RTC_SetDate                        0x080024f4   Section        0  stm32f4xx_hal_rtc.o(i.HAL_RTC_SetDate)
    i.HAL_RTC_SetTime                        0x0800258c   Section        0  stm32f4xx_hal_rtc.o(i.HAL_RTC_SetTime)
    i.HAL_RTC_WaitForSynchro                 0x0800264c   Section        0  stm32f4xx_hal_rtc.o(i.HAL_RTC_WaitForSynchro)
    i.HAL_SDRAM_Init                         0x08002684   Section        0  stm32f4xx_hal_sdram.o(i.HAL_SDRAM_Init)
    i.HAL_SDRAM_MspInit                      0x080026c6   Section        0  stm32f4xx_hal_msp.o(i.HAL_SDRAM_MspInit)
    i.HAL_SPI_Init                           0x080026ca   Section        0  stm32f4xx_hal_spi.o(i.HAL_SPI_Init)
    i.HAL_SPI_MspInit                        0x08002788   Section        0  stm32f4xx_hal_msp.o(i.HAL_SPI_MspInit)
    i.HAL_SPI_TransmitReceive                0x080027f0   Section        0  stm32f4xx_hal_spi.o(i.HAL_SPI_TransmitReceive)
    i.HAL_SYSTICK_Config                     0x080029e0   Section        0  stm32f4xx_hal_cortex.o(i.HAL_SYSTICK_Config)
    i.HAL_TIMEx_BreakCallback                0x08002a08   Section        0  stm32f4xx_hal_tim_ex.o(i.HAL_TIMEx_BreakCallback)
    i.HAL_TIMEx_CommutCallback               0x08002a0a   Section        0  stm32f4xx_hal_tim_ex.o(i.HAL_TIMEx_CommutCallback)
    i.HAL_TIMEx_MasterConfigSynchronization  0x08002a0c   Section        0  stm32f4xx_hal_tim_ex.o(i.HAL_TIMEx_MasterConfigSynchronization)
    i.HAL_TIM_Base_Init                      0x08002a9c   Section        0  stm32f4xx_hal_tim.o(i.HAL_TIM_Base_Init)
    i.HAL_TIM_Base_MspInit                   0x08002af8   Section        0  stm32f4xx_hal_msp.o(i.HAL_TIM_Base_MspInit)
    i.HAL_TIM_Base_Start_IT                  0x08002b34   Section        0  stm32f4xx_hal_tim.o(i.HAL_TIM_Base_Start_IT)
    i.HAL_TIM_IC_CaptureCallback             0x08002bb4   Section        0  stm32f4xx_hal_tim.o(i.HAL_TIM_IC_CaptureCallback)
    i.HAL_TIM_IRQHandler                     0x08002bb6   Section        0  stm32f4xx_hal_tim.o(i.HAL_TIM_IRQHandler)
    i.HAL_TIM_MspPostInit                    0x08002ce8   Section        0  stm32f4xx_hal_msp.o(i.HAL_TIM_MspPostInit)
    i.HAL_TIM_OC_DelayElapsedCallback        0x08002d38   Section        0  stm32f4xx_hal_tim.o(i.HAL_TIM_OC_DelayElapsedCallback)
    i.HAL_TIM_PWM_ConfigChannel              0x08002d3a   Section        0  stm32f4xx_hal_tim.o(i.HAL_TIM_PWM_ConfigChannel)
    i.HAL_TIM_PWM_Init                       0x08002e06   Section        0  stm32f4xx_hal_tim.o(i.HAL_TIM_PWM_Init)
    i.HAL_TIM_PWM_MspInit                    0x08002e60   Section        0  stm32f4xx_hal_msp.o(i.HAL_TIM_PWM_MspInit)
    i.HAL_TIM_PWM_PulseFinishedCallback      0x08002e88   Section        0  stm32f4xx_hal_tim.o(i.HAL_TIM_PWM_PulseFinishedCallback)
    i.HAL_TIM_PWM_Start                      0x08002e8c   Section        0  stm32f4xx_hal_tim.o(i.HAL_TIM_PWM_Start)
    i.HAL_TIM_PeriodElapsedCallback          0x08002f54   Section        0  main.o(i.HAL_TIM_PeriodElapsedCallback)
    i.HAL_TIM_TriggerCallback                0x08002f7c   Section        0  stm32f4xx_hal_tim.o(i.HAL_TIM_TriggerCallback)
    i.HAL_UARTEx_ReceiveToIdle_IT            0x08002f7e   Section        0  stm32f4xx_hal_uart.o(i.HAL_UARTEx_ReceiveToIdle_IT)
    i.HAL_UARTEx_RxEventCallback             0x08002fcc   Section        0  main.o(i.HAL_UARTEx_RxEventCallback)
    i.HAL_UART_ErrorCallback                 0x08002fd0   Section        0  stm32f4xx_hal_uart.o(i.HAL_UART_ErrorCallback)
    i.HAL_UART_IRQHandler                    0x08002fd4   Section        0  stm32f4xx_hal_uart.o(i.HAL_UART_IRQHandler)
    i.HAL_UART_Init                          0x08003254   Section        0  stm32f4xx_hal_uart.o(i.HAL_UART_Init)
    i.HAL_UART_MspInit                       0x080032b8   Section        0  stm32f4xx_hal_msp.o(i.HAL_UART_MspInit)
    i.HAL_UART_RxCpltCallback                0x080033b4   Section        0  stm32f4xx_hal_uart.o(i.HAL_UART_RxCpltCallback)
    i.HAL_UART_Transmit                      0x080033b6   Section        0  stm32f4xx_hal_uart.o(i.HAL_UART_Transmit)
    i.HAL_UART_TxCpltCallback                0x08003456   Section        0  stm32f4xx_hal_uart.o(i.HAL_UART_TxCpltCallback)
    i.HardFault_Handler                      0x08003458   Section        0  stm32f4xx_it.o(i.HardFault_Handler)
    i.ISD1730_Init                           0x0800345c   Section        0  isd1730.o(i.ISD1730_Init)
    i.ISD1730_PowerUp                        0x080034a8   Section        0  isd1730.o(i.ISD1730_PowerUp)
    i.ISD_CS_High                            0x080034bc   Section        0  isd1730.o(i.ISD_CS_High)
    ISD_CS_High                              0x080034bd   Thumb Code    10  isd1730.o(i.ISD_CS_High)
    i.ISD_CS_Low                             0x080034cc   Section        0  isd1730.o(i.ISD_CS_Low)
    ISD_CS_Low                               0x080034cd   Thumb Code    12  isd1730.o(i.ISD_CS_Low)
    i.ISD_SelectBus                          0x080034dc   Section        0  isd1730.o(i.ISD_SelectBus)
    ISD_SelectBus                            0x080034dd   Thumb Code    22  isd1730.o(i.ISD_SelectBus)
    i.ISD_SimpleCommand                      0x080034f2   Section        0  isd1730.o(i.ISD_SimpleCommand)
    ISD_SimpleCommand                        0x080034f3   Thumb Code    54  isd1730.o(i.ISD_SimpleCommand)
    i.LTDC_SetConfig                         0x08003528   Section        0  stm32f4xx_hal_ltdc.o(i.LTDC_SetConfig)
    LTDC_SetConfig                           0x08003529   Thumb Code   332  stm32f4xx_hal_ltdc.o(i.LTDC_SetConfig)
    i.MX_FMC_Init                            0x08003674   Section        0  main.o(i.MX_FMC_Init)
    MX_FMC_Init                              0x08003675   Thumb Code    80  main.o(i.MX_FMC_Init)
    i.MX_GPIO_Init                           0x080036cc   Section        0  main.o(i.MX_GPIO_Init)
    MX_GPIO_Init                             0x080036cd   Thumb Code   472  main.o(i.MX_GPIO_Init)
    i.MX_I2C3_Init                           0x080038c4   Section        0  main.o(i.MX_I2C3_Init)
    MX_I2C3_Init                             0x080038c5   Thumb Code    74  main.o(i.MX_I2C3_Init)
    i.MX_LTDC_Init                           0x0800391c   Section        0  main.o(i.MX_LTDC_Init)
    MX_LTDC_Init                             0x0800391d   Thumb Code   212  main.o(i.MX_LTDC_Init)
    i.MX_RTC_Init                            0x080039f8   Section        0  main.o(i.MX_RTC_Init)
    MX_RTC_Init                              0x080039f9   Thumb Code   136  main.o(i.MX_RTC_Init)
    i.MX_SPI1_Init                           0x08003a88   Section        0  main.o(i.MX_SPI1_Init)
    MX_SPI1_Init                             0x08003a89   Thumb Code    56  main.o(i.MX_SPI1_Init)
    i.MX_TIM4_Init                           0x08003ac8   Section        0  main.o(i.MX_TIM4_Init)
    MX_TIM4_Init                             0x08003ac9   Thumb Code   102  main.o(i.MX_TIM4_Init)
    i.MemManage_Handler                      0x08003b38   Section        0  stm32f4xx_it.o(i.MemManage_Handler)
    i.NMI_Handler                            0x08003b3a   Section        0  stm32f4xx_it.o(i.NMI_Handler)
    i.PendSV_Handler                         0x08003b40   Section        0  stm32f4xx_it.o(i.PendSV_Handler)
    i.RTC_Bcd2ToByte                         0x08003b42   Section        0  stm32f4xx_hal_rtc.o(i.RTC_Bcd2ToByte)
    i.RTC_ByteToBcd2                         0x08003b54   Section        0  stm32f4xx_hal_rtc.o(i.RTC_ByteToBcd2)
    i.RTC_EnterInitMode                      0x08003b6c   Section        0  stm32f4xx_hal_rtc.o(i.RTC_EnterInitMode)
    i.RTC_ExitInitMode                       0x08003bb4   Section        0  stm32f4xx_hal_rtc.o(i.RTC_ExitInitMode)
    i.RTC_GetDateTime                        0x08003be0   Section        0  rtc.o(i.RTC_GetDateTime)
    i.RTC_Init                               0x08003c48   Section        0  rtc.o(i.RTC_Init)
    i.RTC_SetDateTime                        0x08003c80   Section        0  rtc.o(i.RTC_SetDateTime)
    i.SPI_Bus_Configure                      0x08003d00   Section        0  spi_bus.o(i.SPI_Bus_Configure)
    i.SPI_Bus_Init                           0x08003d04   Section        0  spi_bus.o(i.SPI_Bus_Init)
    i.SPI_Bus_Reinit                         0x08003d80   Section        0  spi_bus.o(i.SPI_Bus_Reinit)
    SPI_Bus_Reinit                           0x08003d81   Thumb Code    58  spi_bus.o(i.SPI_Bus_Reinit)
    i.SPI_Bus_SetPrescaler                   0x08003dc4   Section        0  spi_bus.o(i.SPI_Bus_SetPrescaler)
    i.SPI_Bus_TransmitReceive                0x08003dd0   Section        0  spi_bus.o(i.SPI_Bus_TransmitReceive)
    i.SPI_EndRxTxTransaction                 0x08003dec   Section        0  stm32f4xx_hal_spi.o(i.SPI_EndRxTxTransaction)
    SPI_EndRxTxTransaction                   0x08003ded   Thumb Code    98  stm32f4xx_hal_spi.o(i.SPI_EndRxTxTransaction)
    i.SPI_WaitFlagStateUntilTimeout          0x08003e58   Section        0  stm32f4xx_hal_spi.o(i.SPI_WaitFlagStateUntilTimeout)
    SPI_WaitFlagStateUntilTimeout            0x08003e59   Thumb Code   182  stm32f4xx_hal_spi.o(i.SPI_WaitFlagStateUntilTimeout)
    i.SVC_Handler                            0x08003f14   Section        0  stm32f4xx_it.o(i.SVC_Handler)
    i.SysTick_Handler                        0x08003f16   Section        0  stm32f4xx_it.o(i.SysTick_Handler)
    i.SystemClock_Config                     0x08003f1c   Section        0  main.o(i.SystemClock_Config)
    i.SystemInit                             0x08003fc0   Section        0  system_stm32f4xx.o(i.SystemInit)
    i.TIM8_TRG_COM_TIM14_IRQHandler          0x08003fd0   Section        0  stm32f4xx_it.o(i.TIM8_TRG_COM_TIM14_IRQHandler)
    i.TIM_Base_SetConfig                     0x08003fdc   Section        0  stm32f4xx_hal_tim.o(i.TIM_Base_SetConfig)
    i.TIM_CCxChannelCmd                      0x080040ac   Section        0  stm32f4xx_hal_tim.o(i.TIM_CCxChannelCmd)
    i.TIM_OC1_SetConfig                      0x080040c8   Section        0  stm32f4xx_hal_tim.o(i.TIM_OC1_SetConfig)
    TIM_OC1_SetConfig                        0x080040c9   Thumb Code    88  stm32f4xx_hal_tim.o(i.TIM_OC1_SetConfig)
    i.TIM_OC2_SetConfig                      0x08004128   Section        0  stm32f4xx_hal_tim.o(i.TIM_OC2_SetConfig)
    i.TIM_OC3_SetConfig                      0x08004194   Section        0  stm32f4xx_hal_tim.o(i.TIM_OC3_SetConfig)
    TIM_OC3_SetConfig                        0x08004195   Thumb Code    96  stm32f4xx_hal_tim.o(i.TIM_OC3_SetConfig)
    i.TIM_OC4_SetConfig                      0x080041fc   Section        0  stm32f4xx_hal_tim.o(i.TIM_OC4_SetConfig)
    TIM_OC4_SetConfig                        0x080041fd   Thumb Code    70  stm32f4xx_hal_tim.o(i.TIM_OC4_SetConfig)
    i.Touch_CS_High                          0x0800424c   Section        0  touch.o(i.Touch_CS_High)
    Touch_CS_High                            0x0800424d   Thumb Code    10  touch.o(i.Touch_CS_High)
    i.Touch_ForceConversion                  0x0800425c   Section        0  touch.o(i.Touch_ForceConversion)
    i.Touch_Init                             0x0800426c   Section        0  touch.o(i.Touch_Init)
    i.Touch_ReadChannel                      0x080042d8   Section        0  touch.o(i.Touch_ReadChannel)
    Touch_ReadChannel                        0x080042d9   Thumb Code    50  touch.o(i.Touch_ReadChannel)
    i.Touch_SelectBus                        0x08004310   Section        0  touch.o(i.Touch_SelectBus)
    Touch_SelectBus                          0x08004311   Thumb Code    16  touch.o(i.Touch_SelectBus)
    i.UART7_IRQHandler                       0x08004320   Section        0  stm32f4xx_it.o(i.UART7_IRQHandler)
    i.UART_DMAAbortOnError                   0x0800432c   Section        0  stm32f4xx_hal_uart.o(i.UART_DMAAbortOnError)
    UART_DMAAbortOnError                     0x0800432d   Thumb Code    14  stm32f4xx_hal_uart.o(i.UART_DMAAbortOnError)
    i.UART_EndRxTransfer                     0x0800433a   Section        0  stm32f4xx_hal_uart.o(i.UART_EndRxTransfer)
    UART_EndRxTransfer                       0x0800433b   Thumb Code    78  stm32f4xx_hal_uart.o(i.UART_EndRxTransfer)
    i.UART_Receive_IT                        0x08004388   Section        0  stm32f4xx_hal_uart.o(i.UART_Receive_IT)
    UART_Receive_IT                          0x08004389   Thumb Code   194  stm32f4xx_hal_uart.o(i.UART_Receive_IT)
    i.UART_SetConfig                         0x0800444c   Section        0  stm32f4xx_hal_uart.o(i.UART_SetConfig)
    UART_SetConfig                           0x0800444d   Thumb Code   258  stm32f4xx_hal_uart.o(i.UART_SetConfig)
    i.UART_Start_Receive_IT                  0x08004558   Section        0  stm32f4xx_hal_uart.o(i.UART_Start_Receive_IT)
    i.UART_WaitOnFlagUntilTimeout            0x0800458e   Section        0  stm32f4xx_hal_uart.o(i.UART_WaitOnFlagUntilTimeout)
    UART_WaitOnFlagUntilTimeout              0x0800458f   Thumb Code   114  stm32f4xx_hal_uart.o(i.UART_WaitOnFlagUntilTimeout)
    i.UsageFault_Handler                     0x08004600   Section        0  stm32f4xx_it.o(i.UsageFault_Handler)
    i.__NVIC_SetPriority                     0x08004602   Section        0  stm32f4xx_hal_cortex.o(i.__NVIC_SetPriority)
    __NVIC_SetPriority                       0x08004603   Thumb Code    32  stm32f4xx_hal_cortex.o(i.__NVIC_SetPriority)
    i._is_digit                              0x08004622   Section        0  __printf_wp.o(i._is_digit)
    i.main                                   0x08004630   Section        0  main.o(i.main)
    x$fpl$fpinit                             0x08004734   Section       10  fpinit.o(x$fpl$fpinit)
    $v0                                      0x08004734   Number         0  fpinit.o(x$fpl$fpinit)
    .constdata                               0x0800473e   Section        8  stm32f4xx_hal_dma.o(.constdata)
    flagBitshiftOffset                       0x0800473e   Data           8  stm32f4xx_hal_dma.o(.constdata)
    .constdata                               0x08004746   Section       16  system_stm32f4xx.o(.constdata)
    .constdata                               0x08004756   Section        8  system_stm32f4xx.o(.constdata)
    .constdata                               0x08004760   Section       56  rtc.o(.constdata)
    g_days_in_month                          0x08004768   Data          48  rtc.o(.constdata)
    .constdata                               0x08004798   Section       17  __printf_flags_ss_wp.o(.constdata)
    maptable                                 0x08004798   Data          17  __printf_flags_ss_wp.o(.constdata)
    .data                                    0x20000000   Section        1  main.o(.data)
    .data                                    0x20000004   Section        8  stm32f4xx_hal_msp.o(.data)
    FMC_Initialized                          0x20000004   Data           4  stm32f4xx_hal_msp.o(.data)
    FMC_DeInitialized                        0x20000008   Data           4  stm32f4xx_hal_msp.o(.data)
    .data                                    0x2000000c   Section       12  stm32f4xx_hal.o(.data)
    .data                                    0x20000018   Section        4  system_stm32f4xx.o(.data)
    .data                                    0x2000001c   Section        1  spi_bus.o(.data)
    bus_initialized                          0x2000001c   Data           1  spi_bus.o(.data)
    .data                                    0x20000020   Section       20  debug_link.o(.data)
    s_rx_line_ready                          0x20000020   Data           1  debug_link.o(.data)
    s_locker_cycle_state                     0x20000021   Data           1  debug_link.o(.data)
    s_rx_line_len                            0x20000022   Data           2  debug_link.o(.data)
    s_huart                                  0x20000024   Data           4  debug_link.o(.data)
    s_last_tx_tick                           0x20000028   Data           4  debug_link.o(.data)
    s_last_locker_tick                       0x2000002c   Data           4  debug_link.o(.data)
    s_fake_seconds                           0x20000030   Data           4  debug_link.o(.data)
    .bss                                     0x20000034   Section      712  main.o(.bss)
    .bss                                     0x200002fc   Section       96  main.o(.bss)
    .bss                                     0x2000035c   Section       72  backlight.o(.bss)
    htim4                                    0x2000035c   Data          72  backlight.o(.bss)
    .bss                                     0x200003a4   Section       88  spi_bus.o(.bss)
    hspi1                                    0x200003a4   Data          88  spi_bus.o(.bss)
    .bss                                     0x200003fc   Section      416  debug_link.o(.bss)
    s_rx_raw                                 0x200003fc   Data         128  debug_link.o(.bss)
    s_rx_line                                0x2000047c   Data         128  debug_link.o(.bss)
    s_tx_buf                                 0x200004fc   Data         160  debug_link.o(.bss)
    .bss                                     0x2000059c   Section       96  libspace.o(.bss)
    HEAP                                     0x20000600   Section     8192  startup_stm32f429xx.o(HEAP)
    Heap_Mem                                 0x20000600   Data        8192  startup_stm32f429xx.o(HEAP)
    STACK                                    0x20002600   Section     8192  startup_stm32f429xx.o(STACK)
    Stack_Mem                                0x20002600   Data        8192  startup_stm32f429xx.o(STACK)
    __initial_sp                             0x20004600   Data           0  startup_stm32f429xx.o(STACK)

    Global Symbols

    Symbol Name                              Value     Ov Type        Size  Object(Section)

    BuildAttributes$$THM_ISAv4$E$P$D$K$B$S$7EM$VFPi3$EXTD16$VFPS$VFMA$PE$A:L22UL41UL21$X:L11$S22US41US21$IEEE1$IW$USESV6$~STKCKD$USESV7$~SHL$OSPACE$ROPI$EBA8$UX$STANDARDLIB$REQ8$PRES8$EABIv2 0x00000000   Number         0  anon$$obj.o ABSOLUTE
    __ARM_use_no_argv                        0x00000000   Number         0  main.o ABSOLUTE
    _printf_flags                            0x00000000   Number         0  printf_stubs.o ABSOLUTE
    _printf_return_value                     0x00000000   Number         0  printf_stubs.o ABSOLUTE
    _printf_sizespec                         0x00000000   Number         0  printf_stubs.o ABSOLUTE
    _printf_widthprec                        0x00000000   Number         0  printf_stubs.o ABSOLUTE
    __ARM_exceptions_init                     - Undefined Weak Reference
    __alloca_initialize                       - Undefined Weak Reference
    __arm_preinit_                            - Undefined Weak Reference
    __cpp_initialize__aeabi_                  - Undefined Weak Reference
    __cxa_finalize                            - Undefined Weak Reference
    __rt_locale                               - Undefined Weak Reference
    __sigvec_lookup                           - Undefined Weak Reference
    _atexit_init                              - Undefined Weak Reference
    _call_atexit_fns                          - Undefined Weak Reference
    _clock_init                               - Undefined Weak Reference
    _fp_trap_init                             - Undefined Weak Reference
    _fp_trap_shutdown                         - Undefined Weak Reference
    _get_lc_collate                           - Undefined Weak Reference
    _get_lc_ctype                             - Undefined Weak Reference
    _get_lc_monetary                          - Undefined Weak Reference
    _get_lc_numeric                           - Undefined Weak Reference
    _get_lc_time                              - Undefined Weak Reference
    _getenv_init                              - Undefined Weak Reference
    _handle_redirection                       - Undefined Weak Reference
    _init_alloc                               - Undefined Weak Reference
    _init_user_alloc                          - Undefined Weak Reference
    _initio                                   - Undefined Weak Reference
    _printf_mbtowc                            - Undefined Weak Reference
    _printf_truncate_signed                   - Undefined Weak Reference
    _printf_truncate_unsigned                 - Undefined Weak Reference
    _rand_init                                - Undefined Weak Reference
    _signal_finish                            - Undefined Weak Reference
    _signal_init                              - Undefined Weak Reference
    _terminate_alloc                          - Undefined Weak Reference
    _terminate_user_alloc                     - Undefined Weak Reference
    _terminateio                              - Undefined Weak Reference
    __Vectors_Size                           0x000001ac   Number         0  startup_stm32f429xx.o ABSOLUTE
    __Vectors                                0x08000000   Data           4  startup_stm32f429xx.o(RESET)
    __Vectors_End                            0x080001ac   Data           0  startup_stm32f429xx.o(RESET)
    __main                                   0x080001ad   Thumb Code     8  __main.o(!!!main)
    __scatterload                            0x080001b5   Thumb Code     0  __scatter.o(!!!scatter)
    __scatterload_rt2                        0x080001b5   Thumb Code    44  __scatter.o(!!!scatter)
    __scatterload_rt2_thumb_only             0x080001b5   Thumb Code     0  __scatter.o(!!!scatter)
    __scatterload_null                       0x080001c3   Thumb Code     0  __scatter.o(!!!scatter)
    __scatterload_copy                       0x080001e9   Thumb Code    26  __scatter_copy.o(!!handler_copy)
    __scatterload_zeroinit                   0x08000205   Thumb Code    28  __scatter_zi.o(!!handler_zi)
    _printf_percent                          0x08000221   Thumb Code     0  _printf_percent.o(.ARM.Collect$$_printf_percent$$00000000)
    _printf_u                                0x08000221   Thumb Code     0  _printf_u.o(.ARM.Collect$$_printf_percent$$0000000A)
    _printf_s                                0x08000227   Thumb Code     0  _printf_s.o(.ARM.Collect$$_printf_percent$$00000014)
    _printf_percent_end                      0x0800022d   Thumb Code     0  _printf_percent_end.o(.ARM.Collect$$_printf_percent$$00000017)
    __rt_lib_init                            0x08000231   Thumb Code     0  libinit.o(.ARM.Collect$$libinit$$00000000)
    __rt_lib_init_fp_1                       0x08000233   Thumb Code     0  libinit2.o(.ARM.Collect$$libinit$$00000001)
    __rt_lib_init_alloca_1                   0x08000237   Thumb Code     0  libinit2.o(.ARM.Collect$$libinit$$0000002E)
    __rt_lib_init_argv_1                     0x08000237   Thumb Code     0  libinit2.o(.ARM.Collect$$libinit$$0000002C)
    __rt_lib_init_atexit_1                   0x08000237   Thumb Code     0  libinit2.o(.ARM.Collect$$libinit$$0000001B)
    __rt_lib_init_clock_1                    0x08000237   Thumb Code     0  libinit2.o(.ARM.Collect$$libinit$$00000021)
    __rt_lib_init_cpp_1                      0x08000237   Thumb Code     0  libinit2.o(.ARM.Collect$$libinit$$00000032)
    __rt_lib_init_exceptions_1               0x08000237   Thumb Code     0  libinit2.o(.ARM.Collect$$libinit$$00000030)
    __rt_lib_init_fp_trap_1                  0x08000237   Thumb Code     0  libinit2.o(.ARM.Collect$$libinit$$0000001F)
    __rt_lib_init_getenv_1                   0x08000237   Thumb Code     0  libinit2.o(.ARM.Collect$$libinit$$00000023)
    __rt_lib_init_heap_1                     0x08000237   Thumb Code     0  libinit2.o(.ARM.Collect$$libinit$$0000000A)
    __rt_lib_init_lc_collate_1               0x08000237   Thumb Code     0  libinit2.o(.ARM.Collect$$libinit$$00000011)
    __rt_lib_init_lc_ctype_1                 0x08000237   Thumb Code     0  libinit2.o(.ARM.Collect$$libinit$$00000013)
    __rt_lib_init_lc_monetary_1              0x08000237   Thumb Code     0  libinit2.o(.ARM.Collect$$libinit$$00000015)
    __rt_lib_init_lc_numeric_1               0x08000237   Thumb Code     0  libinit2.o(.ARM.Collect$$libinit$$00000017)
    __rt_lib_init_lc_time_1                  0x08000237   Thumb Code     0  libinit2.o(.ARM.Collect$$libinit$$00000019)
    __rt_lib_init_preinit_1                  0x08000237   Thumb Code     0  libinit2.o(.ARM.Collect$$libinit$$00000004)
    __rt_lib_init_rand_1                     0x08000237   Thumb Code     0  libinit2.o(.ARM.Collect$$libinit$$0000000E)
    __rt_lib_init_return                     0x08000237   Thumb Code     0  libinit2.o(.ARM.Collect$$libinit$$00000033)
    __rt_lib_init_signal_1                   0x08000237   Thumb Code     0  libinit2.o(.ARM.Collect$$libinit$$0000001D)
    __rt_lib_init_stdio_1                    0x08000237   Thumb Code     0  libinit2.o(.ARM.Collect$$libinit$$00000025)
    __rt_lib_init_user_alloc_1               0x08000237   Thumb Code     0  libinit2.o(.ARM.Collect$$libinit$$0000000C)
    __rt_lib_shutdown                        0x08000239   Thumb Code     0  libshutdown.o(.ARM.Collect$$libshutdown$$00000000)
    __rt_lib_shutdown_cpp_1                  0x0800023b   Thumb Code     0  libshutdown2.o(.ARM.Collect$$libshutdown$$00000002)
    __rt_lib_shutdown_fp_trap_1              0x0800023b   Thumb Code     0  libshutdown2.o(.ARM.Collect$$libshutdown$$00000007)
    __rt_lib_shutdown_heap_1                 0x0800023b   Thumb Code     0  libshutdown2.o(.ARM.Collect$$libshutdown$$0000000F)
    __rt_lib_shutdown_return                 0x0800023b   Thumb Code     0  libshutdown2.o(.ARM.Collect$$libshutdown$$00000010)
    __rt_lib_shutdown_signal_1               0x0800023b   Thumb Code     0  libshutdown2.o(.ARM.Collect$$libshutdown$$0000000A)
    __rt_lib_shutdown_stdio_1                0x0800023b   Thumb Code     0  libshutdown2.o(.ARM.Collect$$libshutdown$$00000004)
    __rt_lib_shutdown_user_alloc_1           0x0800023b   Thumb Code     0  libshutdown2.o(.ARM.Collect$$libshutdown$$0000000C)
    __rt_entry                               0x0800023d   Thumb Code     0  __rtentry.o(.ARM.Collect$$rtentry$$00000000)
    __rt_entry_presh_1                       0x0800023d   Thumb Code     0  __rtentry2.o(.ARM.Collect$$rtentry$$00000002)
    __rt_entry_sh                            0x0800023d   Thumb Code     0  __rtentry4.o(.ARM.Collect$$rtentry$$00000004)
    __rt_entry_li                            0x08000243   Thumb Code     0  __rtentry2.o(.ARM.Collect$$rtentry$$0000000A)
    __rt_entry_postsh_1                      0x08000243   Thumb Code     0  __rtentry2.o(.ARM.Collect$$rtentry$$00000009)
    __rt_entry_main                          0x08000247   Thumb Code     0  __rtentry2.o(.ARM.Collect$$rtentry$$0000000D)
    __rt_entry_postli_1                      0x08000247   Thumb Code     0  __rtentry2.o(.ARM.Collect$$rtentry$$0000000C)
    __rt_exit                                0x0800024f   Thumb Code     0  rtexit.o(.ARM.Collect$$rtexit$$00000000)
    __rt_exit_ls                             0x08000251   Thumb Code     0  rtexit2.o(.ARM.Collect$$rtexit$$00000003)
    __rt_exit_prels_1                        0x08000251   Thumb Code     0  rtexit2.o(.ARM.Collect$$rtexit$$00000002)
    __rt_exit_exit                           0x08000255   Thumb Code     0  rtexit2.o(.ARM.Collect$$rtexit$$00000004)
    Reset_Handler                            0x0800025d   Thumb Code     8  startup_stm32f429xx.o(.text)
    ADC_IRQHandler                           0x08000277   Thumb Code     0  startup_stm32f429xx.o(.text)
    CAN1_RX0_IRQHandler                      0x08000277   Thumb Code     0  startup_stm32f429xx.o(.text)
    CAN1_RX1_IRQHandler                      0x08000277   Thumb Code     0  startup_stm32f429xx.o(.text)
    CAN1_SCE_IRQHandler                      0x08000277   Thumb Code     0  startup_stm32f429xx.o(.text)
    CAN1_TX_IRQHandler                       0x08000277   Thumb Code     0  startup_stm32f429xx.o(.text)
    CAN2_RX0_IRQHandler                      0x08000277   Thumb Code     0  startup_stm32f429xx.o(.text)
    CAN2_RX1_IRQHandler                      0x08000277   Thumb Code     0  startup_stm32f429xx.o(.text)
    CAN2_SCE_IRQHandler                      0x08000277   Thumb Code     0  startup_stm32f429xx.o(.text)
    CAN2_TX_IRQHandler                       0x08000277   Thumb Code     0  startup_stm32f429xx.o(.text)
    DCMI_IRQHandler                          0x08000277   Thumb Code     0  startup_stm32f429xx.o(.text)
    DMA1_Stream0_IRQHandler                  0x08000277   Thumb Code     0  startup_stm32f429xx.o(.text)
    DMA1_Stream1_IRQHandler                  0x08000277   Thumb Code     0  startup_stm32f429xx.o(.text)
    DMA1_Stream2_IRQHandler                  0x08000277   Thumb Code     0  startup_stm32f429xx.o(.text)
    DMA1_Stream4_IRQHandler                  0x08000277   Thumb Code     0  startup_stm32f429xx.o(.text)
    DMA1_Stream5_IRQHandler                  0x08000277   Thumb Code     0  startup_stm32f429xx.o(.text)
    DMA1_Stream6_IRQHandler                  0x08000277   Thumb Code     0  startup_stm32f429xx.o(.text)
    DMA1_Stream7_IRQHandler                  0x08000277   Thumb Code     0  startup_stm32f429xx.o(.text)
    DMA2D_IRQHandler                         0x08000277   Thumb Code     0  startup_stm32f429xx.o(.text)
    DMA2_Stream0_IRQHandler                  0x08000277   Thumb Code     0  startup_stm32f429xx.o(.text)
    DMA2_Stream1_IRQHandler                  0x08000277   Thumb Code     0  startup_stm32f429xx.o(.text)
    DMA2_Stream2_IRQHandler                  0x08000277   Thumb Code     0  startup_stm32f429xx.o(.text)
    DMA2_Stream3_IRQHandler                  0x08000277   Thumb Code     0  startup_stm32f429xx.o(.text)
    DMA2_Stream4_IRQHandler                  0x08000277   Thumb Code     0  startup_stm32f429xx.o(.text)
    DMA2_Stream5_IRQHandler                  0x08000277   Thumb Code     0  startup_stm32f429xx.o(.text)
    DMA2_Stream6_IRQHandler                  0x08000277   Thumb Code     0  startup_stm32f429xx.o(.text)
    DMA2_Stream7_IRQHandler                  0x08000277   Thumb Code     0  startup_stm32f429xx.o(.text)
    ETH_IRQHandler                           0x08000277   Thumb Code     0  startup_stm32f429xx.o(.text)
    ETH_WKUP_IRQHandler                      0x08000277   Thumb Code     0  startup_stm32f429xx.o(.text)
    EXTI0_IRQHandler                         0x08000277   Thumb Code     0  startup_stm32f429xx.o(.text)
    EXTI15_10_IRQHandler                     0x08000277   Thumb Code     0  startup_stm32f429xx.o(.text)
    EXTI1_IRQHandler                         0x08000277   Thumb Code     0  startup_stm32f429xx.o(.text)
    EXTI2_IRQHandler                         0x08000277   Thumb Code     0  startup_stm32f429xx.o(.text)
    EXTI3_IRQHandler                         0x08000277   Thumb Code     0  startup_stm32f429xx.o(.text)
    EXTI4_IRQHandler                         0x08000277   Thumb Code     0  startup_stm32f429xx.o(.text)
    EXTI9_5_IRQHandler                       0x08000277   Thumb Code     0  startup_stm32f429xx.o(.text)
    FLASH_IRQHandler                         0x08000277   Thumb Code     0  startup_stm32f429xx.o(.text)
    FMC_IRQHandler                           0x08000277   Thumb Code     0  startup_stm32f429xx.o(.text)
    FPU_IRQHandler                           0x08000277   Thumb Code     0  startup_stm32f429xx.o(.text)
    HASH_RNG_IRQHandler                      0x08000277   Thumb Code     0  startup_stm32f429xx.o(.text)
    I2C1_ER_IRQHandler                       0x08000277   Thumb Code     0  startup_stm32f429xx.o(.text)
    I2C1_EV_IRQHandler                       0x08000277   Thumb Code     0  startup_stm32f429xx.o(.text)
    I2C2_ER_IRQHandler                       0x08000277   Thumb Code     0  startup_stm32f429xx.o(.text)
    I2C2_EV_IRQHandler                       0x08000277   Thumb Code     0  startup_stm32f429xx.o(.text)
    I2C3_ER_IRQHandler                       0x08000277   Thumb Code     0  startup_stm32f429xx.o(.text)
    I2C3_EV_IRQHandler                       0x08000277   Thumb Code     0  startup_stm32f429xx.o(.text)
    LTDC_ER_IRQHandler                       0x08000277   Thumb Code     0  startup_stm32f429xx.o(.text)
    LTDC_IRQHandler                          0x08000277   Thumb Code     0  startup_stm32f429xx.o(.text)
    OTG_FS_IRQHandler                        0x08000277   Thumb Code     0  startup_stm32f429xx.o(.text)
    OTG_FS_WKUP_IRQHandler                   0x08000277   Thumb Code     0  startup_stm32f429xx.o(.text)
    OTG_HS_EP1_IN_IRQHandler                 0x08000277   Thumb Code     0  startup_stm32f429xx.o(.text)
    OTG_HS_EP1_OUT_IRQHandler                0x08000277   Thumb Code     0  startup_stm32f429xx.o(.text)
    OTG_HS_IRQHandler                        0x08000277   Thumb Code     0  startup_stm32f429xx.o(.text)
    OTG_HS_WKUP_IRQHandler                   0x08000277   Thumb Code     0  startup_stm32f429xx.o(.text)
    PVD_IRQHandler                           0x08000277   Thumb Code     0  startup_stm32f429xx.o(.text)
    RCC_IRQHandler                           0x08000277   Thumb Code     0  startup_stm32f429xx.o(.text)
    RTC_Alarm_IRQHandler                     0x08000277   Thumb Code     0  startup_stm32f429xx.o(.text)
    RTC_WKUP_IRQHandler                      0x08000277   Thumb Code     0  startup_stm32f429xx.o(.text)
    SAI1_IRQHandler                          0x08000277   Thumb Code     0  startup_stm32f429xx.o(.text)
    SDIO_IRQHandler                          0x08000277   Thumb Code     0  startup_stm32f429xx.o(.text)
    SPI1_IRQHandler                          0x08000277   Thumb Code     0  startup_stm32f429xx.o(.text)
    SPI2_IRQHandler                          0x08000277   Thumb Code     0  startup_stm32f429xx.o(.text)
    SPI3_IRQHandler                          0x08000277   Thumb Code     0  startup_stm32f429xx.o(.text)
    SPI4_IRQHandler                          0x08000277   Thumb Code     0  startup_stm32f429xx.o(.text)
    SPI5_IRQHandler                          0x08000277   Thumb Code     0  startup_stm32f429xx.o(.text)
    SPI6_IRQHandler                          0x08000277   Thumb Code     0  startup_stm32f429xx.o(.text)
    TAMP_STAMP_IRQHandler                    0x08000277   Thumb Code     0  startup_stm32f429xx.o(.text)
    TIM1_BRK_TIM9_IRQHandler                 0x08000277   Thumb Code     0  startup_stm32f429xx.o(.text)
    TIM1_CC_IRQHandler                       0x08000277   Thumb Code     0  startup_stm32f429xx.o(.text)
    TIM1_TRG_COM_TIM11_IRQHandler            0x08000277   Thumb Code     0  startup_stm32f429xx.o(.text)
    TIM1_UP_TIM10_IRQHandler                 0x08000277   Thumb Code     0  startup_stm32f429xx.o(.text)
    TIM2_IRQHandler                          0x08000277   Thumb Code     0  startup_stm32f429xx.o(.text)
    TIM3_IRQHandler                          0x08000277   Thumb Code     0  startup_stm32f429xx.o(.text)
    TIM4_IRQHandler                          0x08000277   Thumb Code     0  startup_stm32f429xx.o(.text)
    TIM5_IRQHandler                          0x08000277   Thumb Code     0  startup_stm32f429xx.o(.text)
    TIM6_DAC_IRQHandler                      0x08000277   Thumb Code     0  startup_stm32f429xx.o(.text)
    TIM7_IRQHandler                          0x08000277   Thumb Code     0  startup_stm32f429xx.o(.text)
    TIM8_BRK_TIM12_IRQHandler                0x08000277   Thumb Code     0  startup_stm32f429xx.o(.text)
    TIM8_CC_IRQHandler                       0x08000277   Thumb Code     0  startup_stm32f429xx.o(.text)
    TIM8_UP_TIM13_IRQHandler                 0x08000277   Thumb Code     0  startup_stm32f429xx.o(.text)
    UART4_IRQHandler                         0x08000277   Thumb Code     0  startup_stm32f429xx.o(.text)
    UART5_IRQHandler                         0x08000277   Thumb Code     0  startup_stm32f429xx.o(.text)
    UART8_IRQHandler                         0x08000277   Thumb Code     0  startup_stm32f429xx.o(.text)
    USART1_IRQHandler                        0x08000277   Thumb Code     0  startup_stm32f429xx.o(.text)
    USART2_IRQHandler                        0x08000277   Thumb Code     0  startup_stm32f429xx.o(.text)
    USART3_IRQHandler                        0x08000277   Thumb Code     0  startup_stm32f429xx.o(.text)
    USART6_IRQHandler                        0x08000277   Thumb Code     0  startup_stm32f429xx.o(.text)
    WWDG_IRQHandler                          0x08000277   Thumb Code     0  startup_stm32f429xx.o(.text)
    __user_initial_stackheap                 0x08000279   Thumb Code     0  startup_stm32f429xx.o(.text)
    __aeabi_uldivmod                         0x0800029d   Thumb Code     0  lludivv7m.o(.text)
    _ll_udiv                                 0x0800029d   Thumb Code   238  lludivv7m.o(.text)
    __2snprintf                              0x0800038d   Thumb Code    50  __2snprintf.o(.text)
    _printf_pre_padding                      0x080003c5   Thumb Code    44  _printf_pad.o(.text)
    _printf_post_padding                     0x080003f1   Thumb Code    34  _printf_pad.o(.text)
    _printf_str                              0x08000413   Thumb Code    82  _printf_str.o(.text)
    _printf_int_dec                          0x08000465   Thumb Code   104  _printf_dec.o(.text)
    __printf                                 0x080004dd   Thumb Code   388  __printf_flags_ss_wp.o(.text)
    __aeabi_memcpy                           0x08000665   Thumb Code     0  rt_memcpy_v6.o(.text)
    __rt_memcpy                              0x08000665   Thumb Code   138  rt_memcpy_v6.o(.text)
    _memcpy_lastbytes                        0x080006cb   Thumb Code     0  rt_memcpy_v6.o(.text)
    __aeabi_memcpy4                          0x080006ef   Thumb Code     0  rt_memcpy_w.o(.text)
    __aeabi_memcpy8                          0x080006ef   Thumb Code     0  rt_memcpy_w.o(.text)
    __rt_memcpy_w                            0x080006ef   Thumb Code   100  rt_memcpy_w.o(.text)
    _memcpy_lastbytes_aligned                0x08000737   Thumb Code     0  rt_memcpy_w.o(.text)
    __aeabi_memclr4                          0x08000753   Thumb Code     0  rt_memclr_w.o(.text)
    __aeabi_memclr8                          0x08000753   Thumb Code     0  rt_memclr_w.o(.text)
    __rt_memclr_w                            0x08000753   Thumb Code    78  rt_memclr_w.o(.text)
    _memset_w                                0x08000757   Thumb Code     0  rt_memclr_w.o(.text)
    __use_two_region_memory                  0x080007a1   Thumb Code     2  heapauxi.o(.text)
    __rt_heap_escrow$2region                 0x080007a3   Thumb Code     2  heapauxi.o(.text)
    __rt_heap_expand$2region                 0x080007a5   Thumb Code     2  heapauxi.o(.text)
    _printf_int_common                       0x080007a7   Thumb Code   178  _printf_intcommon.o(.text)
    _printf_char_common                      0x08000863   Thumb Code    32  _printf_char_common.o(.text)
    _sputc                                   0x08000889   Thumb Code    10  _sputc.o(.text)
    _snputc                                  0x08000893   Thumb Code    16  _snputc.o(.text)
    _printf_cs_common                        0x080008a3   Thumb Code    20  _printf_char.o(.text)
    _printf_char                             0x080008b7   Thumb Code    16  _printf_char.o(.text)
    _printf_string                           0x080008c7   Thumb Code     8  _printf_char.o(.text)
    __user_setup_stackheap                   0x080008cf   Thumb Code    74  sys_stackheap_outer.o(.text)
    exit                                     0x08000919   Thumb Code    18  exit.o(.text)
    __user_libspace                          0x0800092d   Thumb Code     8  libspace.o(.text)
    __user_perproc_libspace                  0x0800092d   Thumb Code     0  libspace.o(.text)
    __user_perthread_libspace                0x0800092d   Thumb Code     0  libspace.o(.text)
    _sys_exit                                0x08000935   Thumb Code     8  sys_exit.o(.text)
    __I$use$semihosting                      0x08000941   Thumb Code     0  use_no_semi.o(.text)
    __use_no_semihosting_swi                 0x08000941   Thumb Code     2  use_no_semi.o(.text)
    __semihosting_library_function           0x08000943   Thumb Code     0  indicate_semi.o(.text)
    Backlight_Init                           0x08000945   Thumb Code   152  backlight.o(i.Backlight_Init)
    Backlight_SetBrightness                  0x080009ed   Thumb Code    26  backlight.o(i.Backlight_SetBrightness)
    BusFault_Handler                         0x08000a0d   Thumb Code     2  stm32f4xx_it.o(i.BusFault_Handler)
    DMA1_Stream3_IRQHandler                  0x08000a11   Thumb Code     6  stm32f4xx_it.o(i.DMA1_Stream3_IRQHandler)
    DebugLink_Init                           0x08000b05   Thumb Code    48  debug_link.o(i.DebugLink_Init)
    DebugLink_Process                        0x08000ca5   Thumb Code    24  debug_link.o(i.DebugLink_Process)
    DebugLink_RxEventCallback                0x08000cc1   Thumb Code    50  debug_link.o(i.DebugLink_RxEventCallback)
    DebugLink_SendLine                       0x08000cfd   Thumb Code    52  debug_link.o(i.DebugLink_SendLine)
    DebugMon_Handler                         0x08000d51   Thumb Code     2  stm32f4xx_it.o(i.DebugMon_Handler)
    Error_Handler                            0x08000d53   Thumb Code     4  main.o(i.Error_Handler)
    FMC_SDRAM_Init                           0x08000d57   Thumb Code   102  stm32f4xx_ll_fmc.o(i.FMC_SDRAM_Init)
    FMC_SDRAM_Timing_Init                    0x08000dbd   Thumb Code   154  stm32f4xx_ll_fmc.o(i.FMC_SDRAM_Timing_Init)
    HAL_DMA_Abort                            0x08000e61   Thumb Code   146  stm32f4xx_hal_dma.o(i.HAL_DMA_Abort)
    HAL_DMA_Abort_IT                         0x08000ef3   Thumb Code    36  stm32f4xx_hal_dma.o(i.HAL_DMA_Abort_IT)
    HAL_DMA_IRQHandler                       0x08000f19   Thumb Code   412  stm32f4xx_hal_dma.o(i.HAL_DMA_IRQHandler)
    HAL_DMA_Init                             0x080010b9   Thumb Code   206  stm32f4xx_hal_dma.o(i.HAL_DMA_Init)
    HAL_Delay                                0x0800118d   Thumb Code    32  stm32f4xx_hal.o(i.HAL_Delay)
    HAL_GPIO_Init                            0x08001271   Thumb Code   510  stm32f4xx_hal_gpio.o(i.HAL_GPIO_Init)
    HAL_GPIO_TogglePin                       0x080014a5   Thumb Code    16  stm32f4xx_hal_gpio.o(i.HAL_GPIO_TogglePin)
    HAL_GPIO_WritePin                        0x080014b5   Thumb Code    10  stm32f4xx_hal_gpio.o(i.HAL_GPIO_WritePin)
    HAL_GetTick                              0x080014c1   Thumb Code     6  stm32f4xx_hal.o(i.HAL_GetTick)
    HAL_I2CEx_ConfigAnalogFilter             0x080014cd   Thumb Code    66  stm32f4xx_hal_i2c_ex.o(i.HAL_I2CEx_ConfigAnalogFilter)
    HAL_I2CEx_ConfigDigitalFilter            0x0800150f   Thumb Code    62  stm32f4xx_hal_i2c_ex.o(i.HAL_I2CEx_ConfigDigitalFilter)
    HAL_I2C_Init                             0x0800154d   Thumb Code   376  stm32f4xx_hal_i2c.o(i.HAL_I2C_Init)
    HAL_I2C_MspInit                          0x080016d5   Thumb Code   130  stm32f4xx_hal_msp.o(i.HAL_I2C_MspInit)
    HAL_IncTick                              0x08001769   Thumb Code    12  stm32f4xx_hal.o(i.HAL_IncTick)
    HAL_Init                                 0x08001779   Thumb Code    48  stm32f4xx_hal.o(i.HAL_Init)
    HAL_InitTick                             0x080017ad   Thumb Code    54  stm32f4xx_hal.o(i.HAL_InitTick)
    HAL_LTDC_ConfigLayer                     0x080017ed   Thumb Code    82  stm32f4xx_hal_ltdc.o(i.HAL_LTDC_ConfigLayer)
    HAL_LTDC_Init                            0x0800183f   Thumb Code   188  stm32f4xx_hal_ltdc.o(i.HAL_LTDC_Init)
    HAL_LTDC_MspInit                         0x080018fd   Thumb Code   372  stm32f4xx_hal_msp.o(i.HAL_LTDC_MspInit)
    HAL_MspInit                              0x08001a91   Thumb Code    42  stm32f4xx_hal_msp.o(i.HAL_MspInit)
    HAL_NVIC_EnableIRQ                       0x08001ac1   Thumb Code    26  stm32f4xx_hal_cortex.o(i.HAL_NVIC_EnableIRQ)
    HAL_NVIC_SetPriority                     0x08001add   Thumb Code    60  stm32f4xx_hal_cortex.o(i.HAL_NVIC_SetPriority)
    HAL_NVIC_SetPriorityGrouping             0x08001b1d   Thumb Code    26  stm32f4xx_hal_cortex.o(i.HAL_NVIC_SetPriorityGrouping)
    HAL_PWREx_EnableOverDrive                0x08001b41   Thumb Code    98  stm32f4xx_hal_pwr_ex.o(i.HAL_PWREx_EnableOverDrive)
    HAL_RCCEx_PeriphCLKConfig                0x08001bb1   Thumb Code   560  stm32f4xx_hal_rcc_ex.o(i.HAL_RCCEx_PeriphCLKConfig)
    HAL_RCC_CSSCallback                      0x08001e05   Thumb Code     2  stm32f4xx_hal_rcc.o(i.HAL_RCC_CSSCallback)
    HAL_RCC_ClockConfig                      0x08001e09   Thumb Code   288  stm32f4xx_hal_rcc.o(i.HAL_RCC_ClockConfig)
    HAL_RCC_EnableCSS                        0x08001f3d   Thumb Code     8  stm32f4xx_hal_rcc.o(i.HAL_RCC_EnableCSS)
    HAL_RCC_GetPCLK1Freq                     0x08001f49   Thumb Code    20  stm32f4xx_hal_rcc.o(i.HAL_RCC_GetPCLK1Freq)
    HAL_RCC_GetPCLK2Freq                     0x08001f69   Thumb Code    20  stm32f4xx_hal_rcc.o(i.HAL_RCC_GetPCLK2Freq)
    HAL_RCC_GetSysClockFreq                  0x08001f89   Thumb Code    88  stm32f4xx_hal_rcc.o(i.HAL_RCC_GetSysClockFreq)
    HAL_RCC_NMI_IRQHandler                   0x08001fe9   Thumb Code    24  stm32f4xx_hal_rcc.o(i.HAL_RCC_NMI_IRQHandler)
    HAL_RCC_OscConfig                        0x08002005   Thumb Code   856  stm32f4xx_hal_rcc.o(i.HAL_RCC_OscConfig)
    HAL_RTCEx_BKUPRead                       0x08002371   Thumb Code    10  stm32f4xx_hal_rtc_ex.o(i.HAL_RTCEx_BKUPRead)
    HAL_RTCEx_BKUPWrite                      0x0800237b   Thumb Code    10  stm32f4xx_hal_rtc_ex.o(i.HAL_RTCEx_BKUPWrite)
    HAL_RTC_GetDate                          0x08002385   Thumb Code    62  stm32f4xx_hal_rtc.o(i.HAL_RTC_GetDate)
    HAL_RTC_GetTime                          0x080023c9   Thumb Code    78  stm32f4xx_hal_rtc.o(i.HAL_RTC_GetTime)
    HAL_RTC_Init                             0x0800241d   Thumb Code   150  stm32f4xx_hal_rtc.o(i.HAL_RTC_Init)
    HAL_RTC_MspInit                          0x080024b9   Thumb Code    52  stm32f4xx_hal_msp.o(i.HAL_RTC_MspInit)
    HAL_RTC_SetDate                          0x080024f5   Thumb Code   146  stm32f4xx_hal_rtc.o(i.HAL_RTC_SetDate)
    HAL_RTC_SetTime                          0x0800258d   Thumb Code   186  stm32f4xx_hal_rtc.o(i.HAL_RTC_SetTime)
    HAL_RTC_WaitForSynchro                   0x0800264d   Thumb Code    50  stm32f4xx_hal_rtc.o(i.HAL_RTC_WaitForSynchro)
    HAL_SDRAM_Init                           0x08002685   Thumb Code    66  stm32f4xx_hal_sdram.o(i.HAL_SDRAM_Init)
    HAL_SDRAM_MspInit                        0x080026c7   Thumb Code     4  stm32f4xx_hal_msp.o(i.HAL_SDRAM_MspInit)
    HAL_SPI_Init                             0x080026cb   Thumb Code   188  stm32f4xx_hal_spi.o(i.HAL_SPI_Init)
    HAL_SPI_MspInit                          0x08002789   Thumb Code    92  stm32f4xx_hal_msp.o(i.HAL_SPI_MspInit)
    HAL_SPI_TransmitReceive                  0x080027f1   Thumb Code   496  stm32f4xx_hal_spi.o(i.HAL_SPI_TransmitReceive)
    HAL_SYSTICK_Config                       0x080029e1   Thumb Code    40  stm32f4xx_hal_cortex.o(i.HAL_SYSTICK_Config)
    HAL_TIMEx_BreakCallback                  0x08002a09   Thumb Code     2  stm32f4xx_hal_tim_ex.o(i.HAL_TIMEx_BreakCallback)
    HAL_TIMEx_CommutCallback                 0x08002a0b   Thumb Code     2  stm32f4xx_hal_tim_ex.o(i.HAL_TIMEx_CommutCallback)
    HAL_TIMEx_MasterConfigSynchronization    0x08002a0d   Thumb Code   116  stm32f4xx_hal_tim_ex.o(i.HAL_TIMEx_MasterConfigSynchronization)
    HAL_TIM_Base_Init                        0x08002a9d   Thumb Code    90  stm32f4xx_hal_tim.o(i.HAL_TIM_Base_Init)
    HAL_TIM_Base_MspInit                     0x08002af9   Thumb Code    50  stm32f4xx_hal_msp.o(i.HAL_TIM_Base_MspInit)
    HAL_TIM_Base_Start_IT                    0x08002b35   Thumb Code   100  stm32f4xx_hal_tim.o(i.HAL_TIM_Base_Start_IT)
    HAL_TIM_IC_CaptureCallback               0x08002bb5   Thumb Code     2  stm32f4xx_hal_tim.o(i.HAL_TIM_IC_CaptureCallback)
    HAL_TIM_IRQHandler                       0x08002bb7   Thumb Code   304  stm32f4xx_hal_tim.o(i.HAL_TIM_IRQHandler)
    HAL_TIM_MspPostInit                      0x08002ce9   Thumb Code    68  stm32f4xx_hal_msp.o(i.HAL_TIM_MspPostInit)
    HAL_TIM_OC_DelayElapsedCallback          0x08002d39   Thumb Code     2  stm32f4xx_hal_tim.o(i.HAL_TIM_OC_DelayElapsedCallback)
    HAL_TIM_PWM_ConfigChannel                0x08002d3b   Thumb Code   204  stm32f4xx_hal_tim.o(i.HAL_TIM_PWM_ConfigChannel)
    HAL_TIM_PWM_Init                         0x08002e07   Thumb Code    90  stm32f4xx_hal_tim.o(i.HAL_TIM_PWM_Init)
    HAL_TIM_PWM_MspInit                      0x08002e61   Thumb Code    30  stm32f4xx_hal_msp.o(i.HAL_TIM_PWM_MspInit)
    HAL_TIM_PWM_PulseFinishedCallback        0x08002e89   Thumb Code     2  stm32f4xx_hal_tim.o(i.HAL_TIM_PWM_PulseFinishedCallback)
    HAL_TIM_PWM_Start                        0x08002e8d   Thumb Code   172  stm32f4xx_hal_tim.o(i.HAL_TIM_PWM_Start)
    HAL_TIM_PeriodElapsedCallback            0x08002f55   Thumb Code    26  main.o(i.HAL_TIM_PeriodElapsedCallback)
    HAL_TIM_TriggerCallback                  0x08002f7d   Thumb Code     2  stm32f4xx_hal_tim.o(i.HAL_TIM_TriggerCallback)
    HAL_UARTEx_ReceiveToIdle_IT              0x08002f7f   Thumb Code    78  stm32f4xx_hal_uart.o(i.HAL_UARTEx_ReceiveToIdle_IT)
    HAL_UARTEx_RxEventCallback               0x08002fcd   Thumb Code     4  main.o(i.HAL_UARTEx_RxEventCallback)
    HAL_UART_ErrorCallback                   0x08002fd1   Thumb Code     2  stm32f4xx_hal_uart.o(i.HAL_UART_ErrorCallback)
    HAL_UART_IRQHandler                      0x08002fd5   Thumb Code   636  stm32f4xx_hal_uart.o(i.HAL_UART_IRQHandler)
    HAL_UART_Init                            0x08003255   Thumb Code   100  stm32f4xx_hal_uart.o(i.HAL_UART_Init)
    HAL_UART_MspInit                         0x080032b9   Thumb Code   222  stm32f4xx_hal_msp.o(i.HAL_UART_MspInit)
    HAL_UART_RxCpltCallback                  0x080033b5   Thumb Code     2  stm32f4xx_hal_uart.o(i.HAL_UART_RxCpltCallback)
    HAL_UART_Transmit                        0x080033b7   Thumb Code   160  stm32f4xx_hal_uart.o(i.HAL_UART_Transmit)
    HAL_UART_TxCpltCallback                  0x08003457   Thumb Code     2  stm32f4xx_hal_uart.o(i.HAL_UART_TxCpltCallback)
    HardFault_Handler                        0x08003459   Thumb Code     2  stm32f4xx_it.o(i.HardFault_Handler)
    ISD1730_Init                             0x0800345d   Thumb Code    68  isd1730.o(i.ISD1730_Init)
    ISD1730_PowerUp                          0x080034a9   Thumb Code    20  isd1730.o(i.ISD1730_PowerUp)
    MemManage_Handler                        0x08003b39   Thumb Code     2  stm32f4xx_it.o(i.MemManage_Handler)
    NMI_Handler                              0x08003b3b   Thumb Code     6  stm32f4xx_it.o(i.NMI_Handler)
    PendSV_Handler                           0x08003b41   Thumb Code     2  stm32f4xx_it.o(i.PendSV_Handler)
    RTC_Bcd2ToByte                           0x08003b43   Thumb Code    18  stm32f4xx_hal_rtc.o(i.RTC_Bcd2ToByte)
    RTC_ByteToBcd2                           0x08003b55   Thumb Code    22  stm32f4xx_hal_rtc.o(i.RTC_ByteToBcd2)
    RTC_EnterInitMode                        0x08003b6d   Thumb Code    72  stm32f4xx_hal_rtc.o(i.RTC_EnterInitMode)
    RTC_ExitInitMode                         0x08003bb5   Thumb Code    42  stm32f4xx_hal_rtc.o(i.RTC_ExitInitMode)
    RTC_GetDateTime                          0x08003be1   Thumb Code   100  rtc.o(i.RTC_GetDateTime)
    RTC_Init                                 0x08003c49   Thumb Code    48  rtc.o(i.RTC_Init)
    RTC_SetDateTime                          0x08003c81   Thumb Code   122  rtc.o(i.RTC_SetDateTime)
    SPI_Bus_Configure                        0x08003d01   Thumb Code     4  spi_bus.o(i.SPI_Bus_Configure)
    SPI_Bus_Init                             0x08003d05   Thumb Code   112  spi_bus.o(i.SPI_Bus_Init)
    SPI_Bus_SetPrescaler                     0x08003dc5   Thumb Code    10  spi_bus.o(i.SPI_Bus_SetPrescaler)
    SPI_Bus_TransmitReceive                  0x08003dd1   Thumb Code    24  spi_bus.o(i.SPI_Bus_TransmitReceive)
    SVC_Handler                              0x08003f15   Thumb Code     2  stm32f4xx_it.o(i.SVC_Handler)
    SysTick_Handler                          0x08003f17   Thumb Code     4  stm32f4xx_it.o(i.SysTick_Handler)
    SystemClock_Config                       0x08003f1d   Thumb Code   156  main.o(i.SystemClock_Config)
    SystemInit                               0x08003fc1   Thumb Code    12  system_stm32f4xx.o(i.SystemInit)
    TIM8_TRG_COM_TIM14_IRQHandler            0x08003fd1   Thumb Code     6  stm32f4xx_it.o(i.TIM8_TRG_COM_TIM14_IRQHandler)
    TIM_Base_SetConfig                       0x08003fdd   Thumb Code   164  stm32f4xx_hal_tim.o(i.TIM_Base_SetConfig)
    TIM_CCxChannelCmd                        0x080040ad   Thumb Code    26  stm32f4xx_hal_tim.o(i.TIM_CCxChannelCmd)
    TIM_OC2_SetConfig                        0x08004129   Thumb Code    98  stm32f4xx_hal_tim.o(i.TIM_OC2_SetConfig)
    Touch_ForceConversion                    0x0800425d   Thumb Code    16  touch.o(i.Touch_ForceConversion)
    Touch_Init                               0x0800426d   Thumb Code    94  touch.o(i.Touch_Init)
    UART7_IRQHandler                         0x08004321   Thumb Code     6  stm32f4xx_it.o(i.UART7_IRQHandler)
    UART_Start_Receive_IT                    0x08004559   Thumb Code    54  stm32f4xx_hal_uart.o(i.UART_Start_Receive_IT)
    UsageFault_Handler                       0x08004601   Thumb Code     2  stm32f4xx_it.o(i.UsageFault_Handler)
    _is_digit                                0x08004623   Thumb Code    14  __printf_wp.o(i._is_digit)
    main                                     0x08004631   Thumb Code   238  main.o(i.main)
    _fp_init                                 0x08004735   Thumb Code    10  fpinit.o(x$fpl$fpinit)
    __fplib_config_fpu_vfp                   0x0800473d   Thumb Code     0  fpinit.o(x$fpl$fpinit)
    __fplib_config_pureend_doubles           0x0800473d   Thumb Code     0  fpinit.o(x$fpl$fpinit)
    AHBPrescTable                            0x08004746   Data          16  system_stm32f4xx.o(.constdata)
    APBPrescTable                            0x08004756   Data           8  system_stm32f4xx.o(.constdata)
    Region$$Table$$Base                      0x080047ac   Number         0  anon$$obj.o(Region$$Table)
    Region$$Table$$Limit                     0x080047cc   Number         0  anon$$obj.o(Region$$Table)
    zfm_poll_flag                            0x20000000   Data           1  main.o(.data)
    uwTickFreq                               0x2000000c   Data           1  stm32f4xx_hal.o(.data)
    uwTickPrio                               0x20000010   Data           4  stm32f4xx_hal.o(.data)
    uwTick                                   0x20000014   Data           4  stm32f4xx_hal.o(.data)
    SystemCoreClock                          0x20000018   Data           4  system_stm32f4xx.o(.data)
    hi2c3                                    0x20000034   Data          84  main.o(.bss)
    hltdc                                    0x20000088   Data         168  main.o(.bss)
    hrtc                                     0x20000130   Data          32  main.o(.bss)
    hspi1                                    0x20000150   Data          88  main.o(.bss)
    htim4                                    0x200001a8   Data          72  main.o(.bss)
    htim14                                   0x200001f0   Data          72  main.o(.bss)
    huart7                                   0x20000238   Data          72  main.o(.bss)
    huart1                                   0x20000280   Data          72  main.o(.bss)
    hsdram1                                  0x200002c8   Data          52  main.o(.bss)
    hdma_uart7_rx                            0x200002fc   Data          96  main.o(.bss)
    __libspace_start                         0x2000059c   Data          96  libspace.o(.bss)
    __temporary_stack_top$libspace           0x200005fc   Data           0  libspace.o(.bss)



==============================================================================

Memory Map of the image

  Image Entry point : 0x080001ad

  Load Region LR_IROM1 (Base: 0x08000000, Size: 0x00004800, Max: 0x00100000, ABSOLUTE)

    Execution Region ER_IROM1 (Exec base: 0x08000000, Load base: 0x08000000, Size: 0x000047cc, Max: 0x00100000, ABSOLUTE)

    Exec Addr    Load Addr    Size         Type   Attr      Idx    E Section Name        Object

    0x08000000   0x08000000   0x000001ac   Data   RO            3    RESET               startup_stm32f429xx.o
    0x080001ac   0x080001ac   0x00000008   Code   RO         6228  * !!!main             c_w.l(__main.o)
    0x080001b4   0x080001b4   0x00000034   Code   RO         6408    !!!scatter          c_w.l(__scatter.o)
    0x080001e8   0x080001e8   0x0000001a   Code   RO         6410    !!handler_copy      c_w.l(__scatter_copy.o)
    0x08000202   0x08000202   0x00000002   PAD
    0x08000204   0x08000204   0x0000001c   Code   RO         6412    !!handler_zi        c_w.l(__scatter_zi.o)
    0x08000220   0x08000220   0x00000000   Code   RO         6211    .ARM.Collect$$_printf_percent$$00000000  c_w.l(_printf_percent.o)
    0x08000220   0x08000220   0x00000006   Code   RO         6210    .ARM.Collect$$_printf_percent$$0000000A  c_w.l(_printf_u.o)
    0x08000226   0x08000226   0x00000006   Code   RO         6209    .ARM.Collect$$_printf_percent$$00000014  c_w.l(_printf_s.o)
    0x0800022c   0x0800022c   0x00000004   Code   RO         6245    .ARM.Collect$$_printf_percent$$00000017  c_w.l(_printf_percent_end.o)
    0x08000230   0x08000230   0x00000002   Code   RO         6278    .ARM.Collect$$libinit$$00000000  c_w.l(libinit.o)
    0x08000232   0x08000232   0x00000004   Code   RO         6290    .ARM.Collect$$libinit$$00000001  c_w.l(libinit2.o)
    0x08000236   0x08000236   0x00000000   Code   RO         6293    .ARM.Collect$$libinit$$00000004  c_w.l(libinit2.o)
    0x08000236   0x08000236   0x00000000   Code   RO         6296    .ARM.Collect$$libinit$$0000000A  c_w.l(libinit2.o)
    0x08000236   0x08000236   0x00000000   Code   RO         6298    .ARM.Collect$$libinit$$0000000C  c_w.l(libinit2.o)
    0x08000236   0x08000236   0x00000000   Code   RO         6300    .ARM.Collect$$libinit$$0000000E  c_w.l(libinit2.o)
    0x08000236   0x08000236   0x00000000   Code   RO         6303    .ARM.Collect$$libinit$$00000011  c_w.l(libinit2.o)
    0x08000236   0x08000236   0x00000000   Code   RO         6305    .ARM.Collect$$libinit$$00000013  c_w.l(libinit2.o)
    0x08000236   0x08000236   0x00000000   Code   RO         6307    .ARM.Collect$$libinit$$00000015  c_w.l(libinit2.o)
    0x08000236   0x08000236   0x00000000   Code   RO         6309    .ARM.Collect$$libinit$$00000017  c_w.l(libinit2.o)
    0x08000236   0x08000236   0x00000000   Code   RO         6311    .ARM.Collect$$libinit$$00000019  c_w.l(libinit2.o)
    0x08000236   0x08000236   0x00000000   Code   RO         6313    .ARM.Collect$$libinit$$0000001B  c_w.l(libinit2.o)
    0x08000236   0x08000236   0x00000000   Code   RO         6315    .ARM.Collect$$libinit$$0000001D  c_w.l(libinit2.o)
    0x08000236   0x08000236   0x00000000   Code   RO         6317    .ARM.Collect$$libinit$$0000001F  c_w.l(libinit2.o)
    0x08000236   0x08000236   0x00000000   Code   RO         6319    .ARM.Collect$$libinit$$00000021  c_w.l(libinit2.o)
    0x08000236   0x08000236   0x00000000   Code   RO         6321    .ARM.Collect$$libinit$$00000023  c_w.l(libinit2.o)
    0x08000236   0x08000236   0x00000000   Code   RO         6323    .ARM.Collect$$libinit$$00000025  c_w.l(libinit2.o)
    0x08000236   0x08000236   0x00000000   Code   RO         6327    .ARM.Collect$$libinit$$0000002C  c_w.l(libinit2.o)
    0x08000236   0x08000236   0x00000000   Code   RO         6329    .ARM.Collect$$libinit$$0000002E  c_w.l(libinit2.o)
    0x08000236   0x08000236   0x00000000   Code   RO         6331    .ARM.Collect$$libinit$$00000030  c_w.l(libinit2.o)
    0x08000236   0x08000236   0x00000000   Code   RO         6333    .ARM.Collect$$libinit$$00000032  c_w.l(libinit2.o)
    0x08000236   0x08000236   0x00000002   Code   RO         6334    .ARM.Collect$$libinit$$00000033  c_w.l(libinit2.o)
    0x08000238   0x08000238   0x00000002   Code   RO         6365    .ARM.Collect$$libshutdown$$00000000  c_w.l(libshutdown.o)
    0x0800023a   0x0800023a   0x00000000   Code   RO         6391    .ARM.Collect$$libshutdown$$00000002  c_w.l(libshutdown2.o)
    0x0800023a   0x0800023a   0x00000000   Code   RO         6393    .ARM.Collect$$libshutdown$$00000004  c_w.l(libshutdown2.o)
    0x0800023a   0x0800023a   0x00000000   Code   RO         6396    .ARM.Collect$$libshutdown$$00000007  c_w.l(libshutdown2.o)
    0x0800023a   0x0800023a   0x00000000   Code   RO         6399    .ARM.Collect$$libshutdown$$0000000A  c_w.l(libshutdown2.o)
    0x0800023a   0x0800023a   0x00000000   Code   RO         6401    .ARM.Collect$$libshutdown$$0000000C  c_w.l(libshutdown2.o)
    0x0800023a   0x0800023a   0x00000000   Code   RO         6404    .ARM.Collect$$libshutdown$$0000000F  c_w.l(libshutdown2.o)
    0x0800023a   0x0800023a   0x00000002   Code   RO         6405    .ARM.Collect$$libshutdown$$00000010  c_w.l(libshutdown2.o)
    0x0800023c   0x0800023c   0x00000000   Code   RO         6230    .ARM.Collect$$rtentry$$00000000  c_w.l(__rtentry.o)
    0x0800023c   0x0800023c   0x00000000   Code   RO         6247    .ARM.Collect$$rtentry$$00000002  c_w.l(__rtentry2.o)
    0x0800023c   0x0800023c   0x00000006   Code   RO         6259    .ARM.Collect$$rtentry$$00000004  c_w.l(__rtentry4.o)
    0x08000242   0x08000242   0x00000000   Code   RO         6249    .ARM.Collect$$rtentry$$00000009  c_w.l(__rtentry2.o)
    0x08000242   0x08000242   0x00000004   Code   RO         6250    .ARM.Collect$$rtentry$$0000000A  c_w.l(__rtentry2.o)
    0x08000246   0x08000246   0x00000000   Code   RO         6252    .ARM.Collect$$rtentry$$0000000C  c_w.l(__rtentry2.o)
    0x08000246   0x08000246   0x00000008   Code   RO         6253    .ARM.Collect$$rtentry$$0000000D  c_w.l(__rtentry2.o)
    0x0800024e   0x0800024e   0x00000002   Code   RO         6282    .ARM.Collect$$rtexit$$00000000  c_w.l(rtexit.o)
    0x08000250   0x08000250   0x00000000   Code   RO         6338    .ARM.Collect$$rtexit$$00000002  c_w.l(rtexit2.o)
    0x08000250   0x08000250   0x00000004   Code   RO         6339    .ARM.Collect$$rtexit$$00000003  c_w.l(rtexit2.o)
    0x08000254   0x08000254   0x00000006   Code   RO         6340    .ARM.Collect$$rtexit$$00000004  c_w.l(rtexit2.o)
    0x0800025a   0x0800025a   0x00000002   PAD
    0x0800025c   0x0800025c   0x00000040   Code   RO            4    .text               startup_stm32f429xx.o
    0x0800029c   0x0800029c   0x000000ee   Code   RO         6173    .text               c_w.l(lludivv7m.o)
    0x0800038a   0x0800038a   0x00000002   PAD
    0x0800038c   0x0800038c   0x00000038   Code   RO         6177    .text               c_w.l(__2snprintf.o)
    0x080003c4   0x080003c4   0x0000004e   Code   RO         6183    .text               c_w.l(_printf_pad.o)
    0x08000412   0x08000412   0x00000052   Code   RO         6185    .text               c_w.l(_printf_str.o)
    0x08000464   0x08000464   0x00000078   Code   RO         6187    .text               c_w.l(_printf_dec.o)
    0x080004dc   0x080004dc   0x00000188   Code   RO         6206    .text               c_w.l(__printf_flags_ss_wp.o)
    0x08000664   0x08000664   0x0000008a   Code   RO         6214    .text               c_w.l(rt_memcpy_v6.o)
    0x080006ee   0x080006ee   0x00000064   Code   RO         6216    .text               c_w.l(rt_memcpy_w.o)
    0x08000752   0x08000752   0x0000004e   Code   RO         6222    .text               c_w.l(rt_memclr_w.o)
    0x080007a0   0x080007a0   0x00000006   Code   RO         6226    .text               c_w.l(heapauxi.o)
    0x080007a6   0x080007a6   0x000000b2   Code   RO         6235    .text               c_w.l(_printf_intcommon.o)
    0x08000858   0x08000858   0x00000030   Code   RO         6237    .text               c_w.l(_printf_char_common.o)
    0x08000888   0x08000888   0x0000000a   Code   RO         6239    .text               c_w.l(_sputc.o)
    0x08000892   0x08000892   0x00000010   Code   RO         6241    .text               c_w.l(_snputc.o)
    0x080008a2   0x080008a2   0x0000002c   Code   RO         6243    .text               c_w.l(_printf_char.o)
    0x080008ce   0x080008ce   0x0000004a   Code   RO         6265    .text               c_w.l(sys_stackheap_outer.o)
    0x08000918   0x08000918   0x00000012   Code   RO         6267    .text               c_w.l(exit.o)
    0x0800092a   0x0800092a   0x00000002   PAD
    0x0800092c   0x0800092c   0x00000008   Code   RO         6279    .text               c_w.l(libspace.o)
    0x08000934   0x08000934   0x0000000c   Code   RO         6335    .text               c_w.l(sys_exit.o)
    0x08000940   0x08000940   0x00000002   Code   RO         6354    .text               c_w.l(use_no_semi.o)
    0x08000942   0x08000942   0x00000000   Code   RO         6356    .text               c_w.l(indicate_semi.o)
    0x08000942   0x08000942   0x00000002   PAD
    0x08000944   0x08000944   0x000000a8   Code   RO         5027    i.Backlight_Init    backlight.o
    0x080009ec   0x080009ec   0x00000020   Code   RO         5028    i.Backlight_SetBrightness  backlight.o
    0x08000a0c   0x08000a0c   0x00000002   Code   RO          275    i.BusFault_Handler  stm32f4xx_it.o
    0x08000a0e   0x08000a0e   0x00000002   PAD
    0x08000a10   0x08000a10   0x0000000c   Code   RO          276    i.DMA1_Stream3_IRQHandler  stm32f4xx_it.o
    0x08000a1c   0x08000a1c   0x00000028   Code   RO         1194    i.DMA_CalcBaseAndBitshift  stm32f4xx_hal_dma.o
    0x08000a44   0x08000a44   0x00000054   Code   RO         1195    i.DMA_CheckFifoParam  stm32f4xx_hal_dma.o
    0x08000a98   0x08000a98   0x0000006c   Code   RO         6109    i.DebugLink_HandleReceivedLine  debug_link.o
    0x08000b04   0x08000b04   0x00000064   Code   RO         6110    i.DebugLink_Init    debug_link.o
    0x08000b68   0x08000b68   0x00000084   Code   RO         6111    i.DebugLink_PeriodicLockerCycle  debug_link.o
    0x08000bec   0x08000bec   0x000000b8   Code   RO         6112    i.DebugLink_PeriodicTx  debug_link.o
    0x08000ca4   0x08000ca4   0x0000001c   Code   RO         6113    i.DebugLink_Process  debug_link.o
    0x08000cc0   0x08000cc0   0x0000003c   Code   RO         6114    i.DebugLink_RxEventCallback  debug_link.o
    0x08000cfc   0x08000cfc   0x00000040   Code   RO         6115    i.DebugLink_SendLine  debug_link.o
    0x08000d3c   0x08000d3c   0x00000014   Code   RO         6116    i.DebugLink_StartReceive  debug_link.o
    0x08000d50   0x08000d50   0x00000002   Code   RO          277    i.DebugMon_Handler  stm32f4xx_it.o
    0x08000d52   0x08000d52   0x00000004   Code   RO           13    i.Error_Handler     main.o
    0x08000d56   0x08000d56   0x00000066   Code   RO          523    i.FMC_SDRAM_Init    stm32f4xx_ll_fmc.o
    0x08000dbc   0x08000dbc   0x000000a4   Code   RO          527    i.FMC_SDRAM_Timing_Init  stm32f4xx_ll_fmc.o
    0x08000e60   0x08000e60   0x00000092   Code   RO         1197    i.HAL_DMA_Abort     stm32f4xx_hal_dma.o
    0x08000ef2   0x08000ef2   0x00000024   Code   RO         1198    i.HAL_DMA_Abort_IT  stm32f4xx_hal_dma.o
    0x08000f16   0x08000f16   0x00000002   PAD
    0x08000f18   0x08000f18   0x000001a0   Code   RO         1202    i.HAL_DMA_IRQHandler  stm32f4xx_hal_dma.o
    0x080010b8   0x080010b8   0x000000d4   Code   RO         1203    i.HAL_DMA_Init      stm32f4xx_hal_dma.o
    0x0800118c   0x0800118c   0x00000024   Code   RO         1652    i.HAL_Delay         stm32f4xx_hal.o
    0x080011b0   0x080011b0   0x000000c0   Code   RO          369    i.HAL_FMC_MspInit   stm32f4xx_hal_msp.o
    0x08001270   0x08001270   0x00000234   Code   RO         1090    i.HAL_GPIO_Init     stm32f4xx_hal_gpio.o
    0x080014a4   0x080014a4   0x00000010   Code   RO         1093    i.HAL_GPIO_TogglePin  stm32f4xx_hal_gpio.o
    0x080014b4   0x080014b4   0x0000000a   Code   RO         1094    i.HAL_GPIO_WritePin  stm32f4xx_hal_gpio.o
    0x080014be   0x080014be   0x00000002   PAD
    0x080014c0   0x080014c0   0x0000000c   Code   RO         1660    i.HAL_GetTick       stm32f4xx_hal.o
    0x080014cc   0x080014cc   0x00000042   Code   RO         2523    i.HAL_I2CEx_ConfigAnalogFilter  stm32f4xx_hal_i2c_ex.o
    0x0800150e   0x0800150e   0x0000003e   Code   RO         2524    i.HAL_I2CEx_ConfigDigitalFilter  stm32f4xx_hal_i2c_ex.o
    0x0800154c   0x0800154c   0x00000188   Code   RO         2097    i.HAL_I2C_Init      stm32f4xx_hal_i2c.o
    0x080016d4   0x080016d4   0x00000094   Code   RO          371    i.HAL_I2C_MspInit   stm32f4xx_hal_msp.o
    0x08001768   0x08001768   0x00000010   Code   RO         1666    i.HAL_IncTick       stm32f4xx_hal.o
    0x08001778   0x08001778   0x00000034   Code   RO         1667    i.HAL_Init          stm32f4xx_hal.o
    0x080017ac   0x080017ac   0x00000040   Code   RO         1668    i.HAL_InitTick      stm32f4xx_hal.o
    0x080017ec   0x080017ec   0x00000052   Code   RO         2556    i.HAL_LTDC_ConfigLayer  stm32f4xx_hal_ltdc.o
    0x0800183e   0x0800183e   0x000000bc   Code   RO         2573    i.HAL_LTDC_Init     stm32f4xx_hal_ltdc.o
    0x080018fa   0x080018fa   0x00000002   PAD
    0x080018fc   0x080018fc   0x00000194   Code   RO          373    i.HAL_LTDC_MspInit  stm32f4xx_hal_msp.o
    0x08001a90   0x08001a90   0x00000030   Code   RO          374    i.HAL_MspInit       stm32f4xx_hal_msp.o
    0x08001ac0   0x08001ac0   0x0000001a   Code   RO         1500    i.HAL_NVIC_EnableIRQ  stm32f4xx_hal_cortex.o
    0x08001ada   0x08001ada   0x00000002   PAD
    0x08001adc   0x08001adc   0x00000040   Code   RO         1506    i.HAL_NVIC_SetPriority  stm32f4xx_hal_cortex.o
    0x08001b1c   0x08001b1c   0x00000024   Code   RO         1507    i.HAL_NVIC_SetPriorityGrouping  stm32f4xx_hal_cortex.o
    0x08001b40   0x08001b40   0x00000070   Code   RO         1426    i.HAL_PWREx_EnableOverDrive  stm32f4xx_hal_pwr_ex.o
    0x08001bb0   0x08001bb0   0x00000254   Code   RO          791    i.HAL_RCCEx_PeriphCLKConfig  stm32f4xx_hal_rcc_ex.o
    0x08001e04   0x08001e04   0x00000002   Code   RO          683    i.HAL_RCC_CSSCallback  stm32f4xx_hal_rcc.o
    0x08001e06   0x08001e06   0x00000002   PAD
    0x08001e08   0x08001e08   0x00000134   Code   RO          684    i.HAL_RCC_ClockConfig  stm32f4xx_hal_rcc.o
    0x08001f3c   0x08001f3c   0x0000000c   Code   RO          687    i.HAL_RCC_EnableCSS  stm32f4xx_hal_rcc.o
    0x08001f48   0x08001f48   0x00000020   Code   RO          691    i.HAL_RCC_GetPCLK1Freq  stm32f4xx_hal_rcc.o
    0x08001f68   0x08001f68   0x00000020   Code   RO          692    i.HAL_RCC_GetPCLK2Freq  stm32f4xx_hal_rcc.o
    0x08001f88   0x08001f88   0x00000060   Code   RO          693    i.HAL_RCC_GetSysClockFreq  stm32f4xx_hal_rcc.o
    0x08001fe8   0x08001fe8   0x0000001c   Code   RO          695    i.HAL_RCC_NMI_IRQHandler  stm32f4xx_hal_rcc.o
    0x08002004   0x08002004   0x0000036c   Code   RO          696    i.HAL_RCC_OscConfig  stm32f4xx_hal_rcc.o
    0x08002370   0x08002370   0x0000000a   Code   RO         3019    i.HAL_RTCEx_BKUPRead  stm32f4xx_hal_rtc_ex.o
    0x0800237a   0x0800237a   0x0000000a   Code   RO         3020    i.HAL_RTCEx_BKUPWrite  stm32f4xx_hal_rtc_ex.o
    0x08002384   0x08002384   0x00000044   Code   RO         2856    i.HAL_RTC_GetDate   stm32f4xx_hal_rtc.o
    0x080023c8   0x080023c8   0x00000054   Code   RO         2858    i.HAL_RTC_GetTime   stm32f4xx_hal_rtc.o
    0x0800241c   0x0800241c   0x0000009c   Code   RO         2859    i.HAL_RTC_Init      stm32f4xx_hal_rtc.o
    0x080024b8   0x080024b8   0x0000003c   Code   RO          376    i.HAL_RTC_MspInit   stm32f4xx_hal_msp.o
    0x080024f4   0x080024f4   0x00000098   Code   RO         2865    i.HAL_RTC_SetDate   stm32f4xx_hal_rtc.o
    0x0800258c   0x0800258c   0x000000c0   Code   RO         2866    i.HAL_RTC_SetTime   stm32f4xx_hal_rtc.o
    0x0800264c   0x0800264c   0x00000038   Code   RO         2867    i.HAL_RTC_WaitForSynchro  stm32f4xx_hal_rtc.o
    0x08002684   0x08002684   0x00000042   Code   RO         1921    i.HAL_SDRAM_Init    stm32f4xx_hal_sdram.o
    0x080026c6   0x080026c6   0x00000004   Code   RO          378    i.HAL_SDRAM_MspInit  stm32f4xx_hal_msp.o
    0x080026ca   0x080026ca   0x000000bc   Code   RO         3257    i.HAL_SPI_Init      stm32f4xx_hal_spi.o
    0x08002786   0x08002786   0x00000002   PAD
    0x08002788   0x08002788   0x00000068   Code   RO          380    i.HAL_SPI_MspInit   stm32f4xx_hal_msp.o
    0x080027f0   0x080027f0   0x000001f0   Code   RO         3266    i.HAL_SPI_TransmitReceive  stm32f4xx_hal_spi.o
    0x080029e0   0x080029e0   0x00000028   Code   RO         1511    i.HAL_SYSTICK_Config  stm32f4xx_hal_cortex.o
    0x08002a08   0x08002a08   0x00000002   Code   RO         4274    i.HAL_TIMEx_BreakCallback  stm32f4xx_hal_tim_ex.o
    0x08002a0a   0x08002a0a   0x00000002   Code   RO         4275    i.HAL_TIMEx_CommutCallback  stm32f4xx_hal_tim_ex.o
    0x08002a0c   0x08002a0c   0x00000090   Code   RO         4293    i.HAL_TIMEx_MasterConfigSynchronization  stm32f4xx_hal_tim_ex.o
    0x08002a9c   0x08002a9c   0x0000005a   Code   RO         3570    i.HAL_TIM_Base_Init  stm32f4xx_hal_tim.o
    0x08002af6   0x08002af6   0x00000002   PAD
    0x08002af8   0x08002af8   0x0000003c   Code   RO          382    i.HAL_TIM_Base_MspInit  stm32f4xx_hal_msp.o
    0x08002b34   0x08002b34   0x00000080   Code   RO         3575    i.HAL_TIM_Base_Start_IT  stm32f4xx_hal_tim.o
    0x08002bb4   0x08002bb4   0x00000002   Code   RO         3604    i.HAL_TIM_IC_CaptureCallback  stm32f4xx_hal_tim.o
    0x08002bb6   0x08002bb6   0x00000130   Code   RO         3618    i.HAL_TIM_IRQHandler  stm32f4xx_hal_tim.o
    0x08002ce6   0x08002ce6   0x00000002   PAD
    0x08002ce8   0x08002ce8   0x00000050   Code   RO          383    i.HAL_TIM_MspPostInit  stm32f4xx_hal_msp.o
    0x08002d38   0x08002d38   0x00000002   Code   RO         3621    i.HAL_TIM_OC_DelayElapsedCallback  stm32f4xx_hal_tim.o
    0x08002d3a   0x08002d3a   0x000000cc   Code   RO         3642    i.HAL_TIM_PWM_ConfigChannel  stm32f4xx_hal_tim.o
    0x08002e06   0x08002e06   0x0000005a   Code   RO         3645    i.HAL_TIM_PWM_Init  stm32f4xx_hal_tim.o
    0x08002e60   0x08002e60   0x00000028   Code   RO          385    i.HAL_TIM_PWM_MspInit  stm32f4xx_hal_msp.o
    0x08002e88   0x08002e88   0x00000002   Code   RO         3648    i.HAL_TIM_PWM_PulseFinishedCallback  stm32f4xx_hal_tim.o
    0x08002e8a   0x08002e8a   0x00000002   PAD
    0x08002e8c   0x08002e8c   0x000000c8   Code   RO         3650    i.HAL_TIM_PWM_Start  stm32f4xx_hal_tim.o
    0x08002f54   0x08002f54   0x00000028   Code   RO           14    i.HAL_TIM_PeriodElapsedCallback  main.o
    0x08002f7c   0x08002f7c   0x00000002   Code   RO         3661    i.HAL_TIM_TriggerCallback  stm32f4xx_hal_tim.o
    0x08002f7e   0x08002f7e   0x0000004e   Code   RO         4552    i.HAL_UARTEx_ReceiveToIdle_IT  stm32f4xx_hal_uart.o
    0x08002fcc   0x08002fcc   0x00000004   Code   RO           15    i.HAL_UARTEx_RxEventCallback  main.o
    0x08002fd0   0x08002fd0   0x00000002   Code   RO         4567    i.HAL_UART_ErrorCallback  stm32f4xx_hal_uart.o
    0x08002fd2   0x08002fd2   0x00000002   PAD
    0x08002fd4   0x08002fd4   0x00000280   Code   RO         4570    i.HAL_UART_IRQHandler  stm32f4xx_hal_uart.o
    0x08003254   0x08003254   0x00000064   Code   RO         4571    i.HAL_UART_Init     stm32f4xx_hal_uart.o
    0x080032b8   0x080032b8   0x000000fc   Code   RO          387    i.HAL_UART_MspInit  stm32f4xx_hal_msp.o
    0x080033b4   0x080033b4   0x00000002   Code   RO         4577    i.HAL_UART_RxCpltCallback  stm32f4xx_hal_uart.o
    0x080033b6   0x080033b6   0x000000a0   Code   RO         4579    i.HAL_UART_Transmit  stm32f4xx_hal_uart.o
    0x08003456   0x08003456   0x00000002   Code   RO         4582    i.HAL_UART_TxCpltCallback  stm32f4xx_hal_uart.o
    0x08003458   0x08003458   0x00000002   Code   RO          278    i.HardFault_Handler  stm32f4xx_it.o
    0x0800345a   0x0800345a   0x00000002   PAD
    0x0800345c   0x0800345c   0x0000004c   Code   RO         5416    i.ISD1730_Init      isd1730.o
    0x080034a8   0x080034a8   0x00000014   Code   RO         5421    i.ISD1730_PowerUp   isd1730.o
    0x080034bc   0x080034bc   0x00000010   Code   RO         5428    i.ISD_CS_High       isd1730.o
    0x080034cc   0x080034cc   0x00000010   Code   RO         5429    i.ISD_CS_Low        isd1730.o
    0x080034dc   0x080034dc   0x00000016   Code   RO         5430    i.ISD_SelectBus     isd1730.o
    0x080034f2   0x080034f2   0x00000036   Code   RO         5431    i.ISD_SimpleCommand  isd1730.o
    0x08003528   0x08003528   0x0000014c   Code   RO         2592    i.LTDC_SetConfig    stm32f4xx_hal_ltdc.o
    0x08003674   0x08003674   0x00000058   Code   RO           16    i.MX_FMC_Init       main.o
    0x080036cc   0x080036cc   0x000001f8   Code   RO           17    i.MX_GPIO_Init      main.o
    0x080038c4   0x080038c4   0x00000058   Code   RO           18    i.MX_I2C3_Init      main.o
    0x0800391c   0x0800391c   0x000000dc   Code   RO           19    i.MX_LTDC_Init      main.o
    0x080039f8   0x080039f8   0x00000090   Code   RO           20    i.MX_RTC_Init       main.o
    0x08003a88   0x08003a88   0x00000040   Code   RO           21    i.MX_SPI1_Init      main.o
    0x08003ac8   0x08003ac8   0x00000070   Code   RO           22    i.MX_TIM4_Init      main.o
    0x08003b38   0x08003b38   0x00000002   Code   RO          279    i.MemManage_Handler  stm32f4xx_it.o
    0x08003b3a   0x08003b3a   0x00000006   Code   RO          280    i.NMI_Handler       stm32f4xx_it.o
    0x08003b40   0x08003b40   0x00000002   Code   RO          281    i.PendSV_Handler    stm32f4xx_it.o
    0x08003b42   0x08003b42   0x00000012   Code   RO         2868    i.RTC_Bcd2ToByte    stm32f4xx_hal_rtc.o
    0x08003b54   0x08003b54   0x00000016   Code   RO         2869    i.RTC_ByteToBcd2    stm32f4xx_hal_rtc.o
    0x08003b6a   0x08003b6a   0x00000002   PAD
    0x08003b6c   0x08003b6c   0x00000048   Code   RO         2870    i.RTC_EnterInitMode  stm32f4xx_hal_rtc.o
    0x08003bb4   0x08003bb4   0x0000002a   Code   RO         2871    i.RTC_ExitInitMode  stm32f4xx_hal_rtc.o
    0x08003bde   0x08003bde   0x00000002   PAD
    0x08003be0   0x08003be0   0x00000068   Code   RO         6042    i.RTC_GetDateTime   rtc.o
    0x08003c48   0x08003c48   0x00000038   Code   RO         6045    i.RTC_Init          rtc.o
    0x08003c80   0x08003c80   0x00000080   Code   RO         6046    i.RTC_SetDateTime   rtc.o
    0x08003d00   0x08003d00   0x00000004   Code   RO         5062    i.SPI_Bus_Configure  spi_bus.o
    0x08003d04   0x08003d04   0x0000007c   Code   RO         5063    i.SPI_Bus_Init      spi_bus.o
    0x08003d80   0x08003d80   0x00000044   Code   RO         5065    i.SPI_Bus_Reinit    spi_bus.o
    0x08003dc4   0x08003dc4   0x0000000a   Code   RO         5066    i.SPI_Bus_SetPrescaler  spi_bus.o
    0x08003dce   0x08003dce   0x00000002   PAD
    0x08003dd0   0x08003dd0   0x0000001c   Code   RO         5068    i.SPI_Bus_TransmitReceive  spi_bus.o
    0x08003dec   0x08003dec   0x0000006c   Code   RO         3295    i.SPI_EndRxTxTransaction  stm32f4xx_hal_spi.o
    0x08003e58   0x08003e58   0x000000bc   Code   RO         3300    i.SPI_WaitFlagStateUntilTimeout  stm32f4xx_hal_spi.o
    0x08003f14   0x08003f14   0x00000002   Code   RO          282    i.SVC_Handler       stm32f4xx_it.o
    0x08003f16   0x08003f16   0x00000004   Code   RO          283    i.SysTick_Handler   stm32f4xx_it.o
    0x08003f1a   0x08003f1a   0x00000002   PAD
    0x08003f1c   0x08003f1c   0x000000a4   Code   RO           23    i.SystemClock_Config  main.o
    0x08003fc0   0x08003fc0   0x00000010   Code   RO         4905    i.SystemInit        system_stm32f4xx.o
    0x08003fd0   0x08003fd0   0x0000000c   Code   RO          284    i.TIM8_TRG_COM_TIM14_IRQHandler  stm32f4xx_it.o
    0x08003fdc   0x08003fdc   0x000000d0   Code   RO         3663    i.TIM_Base_SetConfig  stm32f4xx_hal_tim.o
    0x080040ac   0x080040ac   0x0000001a   Code   RO         3664    i.TIM_CCxChannelCmd  stm32f4xx_hal_tim.o
    0x080040c6   0x080040c6   0x00000002   PAD
    0x080040c8   0x080040c8   0x00000060   Code   RO         3676    i.TIM_OC1_SetConfig  stm32f4xx_hal_tim.o
    0x08004128   0x08004128   0x0000006c   Code   RO         3677    i.TIM_OC2_SetConfig  stm32f4xx_hal_tim.o
    0x08004194   0x08004194   0x00000068   Code   RO         3678    i.TIM_OC3_SetConfig  stm32f4xx_hal_tim.o
    0x080041fc   0x080041fc   0x00000050   Code   RO         3679    i.TIM_OC4_SetConfig  stm32f4xx_hal_tim.o
    0x0800424c   0x0800424c   0x00000010   Code   RO         5221    i.Touch_CS_High     touch.o
    0x0800425c   0x0800425c   0x00000010   Code   RO         5222    i.Touch_ForceConversion  touch.o
    0x0800426c   0x0800426c   0x0000006c   Code   RO         5223    i.Touch_Init        touch.o
    0x080042d8   0x080042d8   0x00000038   Code   RO         5225    i.Touch_ReadChannel  touch.o
    0x08004310   0x08004310   0x00000010   Code   RO         5227    i.Touch_SelectBus   touch.o
    0x08004320   0x08004320   0x0000000c   Code   RO          285    i.UART7_IRQHandler  stm32f4xx_it.o
    0x0800432c   0x0800432c   0x0000000e   Code   RO         4584    i.UART_DMAAbortOnError  stm32f4xx_hal_uart.o
    0x0800433a   0x0800433a   0x0000004e   Code   RO         4594    i.UART_EndRxTransfer  stm32f4xx_hal_uart.o
    0x08004388   0x08004388   0x000000c2   Code   RO         4596    i.UART_Receive_IT   stm32f4xx_hal_uart.o
    0x0800444a   0x0800444a   0x00000002   PAD
    0x0800444c   0x0800444c   0x0000010c   Code   RO         4597    i.UART_SetConfig    stm32f4xx_hal_uart.o
    0x08004558   0x08004558   0x00000036   Code   RO         4599    i.UART_Start_Receive_IT  stm32f4xx_hal_uart.o
    0x0800458e   0x0800458e   0x00000072   Code   RO         4600    i.UART_WaitOnFlagUntilTimeout  stm32f4xx_hal_uart.o
    0x08004600   0x08004600   0x00000002   Code   RO          286    i.UsageFault_Handler  stm32f4xx_it.o
    0x08004602   0x08004602   0x00000020   Code   RO         1513    i.__NVIC_SetPriority  stm32f4xx_hal_cortex.o
    0x08004622   0x08004622   0x0000000e   Code   RO         6199    i._is_digit         c_w.l(__printf_wp.o)
    0x08004630   0x08004630   0x00000104   Code   RO           24    i.main              main.o
    0x08004734   0x08004734   0x0000000a   Code   RO         6350    x$fpl$fpinit        fz_wm.l(fpinit.o)
    0x0800473e   0x0800473e   0x00000008   Data   RO         1209    .constdata          stm32f4xx_hal_dma.o
    0x08004746   0x08004746   0x00000010   Data   RO         4906    .constdata          system_stm32f4xx.o
    0x08004756   0x08004756   0x00000008   Data   RO         4907    .constdata          system_stm32f4xx.o
    0x0800475e   0x0800475e   0x00000002   PAD
    0x08004760   0x08004760   0x00000038   Data   RO         6048    .constdata          rtc.o
    0x08004798   0x08004798   0x00000011   Data   RO         6207    .constdata          c_w.l(__printf_flags_ss_wp.o)
    0x080047a9   0x080047a9   0x00000003   PAD
    0x080047ac   0x080047ac   0x00000020   Data   RO         6406    Region$$Table       anon$$obj.o


    Execution Region RW_IRAM2 (Exec base: 0x10000000, Load base: 0x08004800, Size: 0x00000000, Max: 0x00010000, ABSOLUTE)

    **** No section assigned to this execution region ****


    Execution Region RW_IRAM1 (Exec base: 0x20000000, Load base: 0x080047cc, Size: 0x00004600, Max: 0x00030000, ABSOLUTE)

    Exec Addr    Load Addr    Size         Type   Attr      Idx    E Section Name        Object

    0x20000000   0x080047cc   0x00000001   Data   RW           27    .data               main.o
    0x20000001   0x080047cd   0x00000003   PAD
    0x20000004   0x080047d0   0x00000008   Data   RW          388    .data               stm32f4xx_hal_msp.o
    0x2000000c   0x080047d8   0x0000000c   Data   RW         1674    .data               stm32f4xx_hal.o
    0x20000018   0x080047e4   0x00000004   Data   RW         4908    .data               system_stm32f4xx.o
    0x2000001c   0x080047e8   0x00000001   Data   RW         5070    .data               spi_bus.o
    0x2000001d   0x080047e9   0x00000003   PAD
    0x20000020   0x080047ec   0x00000014   Data   RW         6118    .data               debug_link.o
    0x20000034        -       0x000002c8   Zero   RW           25    .bss                main.o
    0x200002fc        -       0x00000060   Zero   RW           26    .bss                main.o
    0x2000035c        -       0x00000048   Zero   RW         5029    .bss                backlight.o
    0x200003a4        -       0x00000058   Zero   RW         5069    .bss                spi_bus.o
    0x200003fc        -       0x000001a0   Zero   RW         6117    .bss                debug_link.o
    0x2000059c        -       0x00000060   Zero   RW         6280    .bss                c_w.l(libspace.o)
    0x200005fc   0x08004800   0x00000004   PAD
    0x20000600        -       0x00002000   Zero   RW            2    HEAP                startup_stm32f429xx.o
    0x20002600        -       0x00002000   Zero   RW            1    STACK               startup_stm32f429xx.o


==============================================================================

Image component sizes


      Code (inc. data)   RO Data    RW Data    ZI Data      Debug   Object Name

       200         22          0          0         72       2415   backlight.o
       696        258          0         20        416       5794   debug_link.o
       204         18          0          0          0       4421   isd1730.o
      1692        132          0          1        808     831079   main.o
       288         18         56          0          0       3686   rtc.o
       234         26          0          1         88       4136   spi_bus.o
        64         26        428          0      16384        844   startup_stm32f429xx.o
       180         28          0         12          0       9569   stm32f4xx_hal.o
       198         14          0          0          0      33831   stm32f4xx_hal_cortex.o
       934         16          8          0          0       5631   stm32f4xx_hal_dma.o
       590         54          0          0          0       2861   stm32f4xx_hal_gpio.o
       392         16          0          0          0       3227   stm32f4xx_hal_i2c.o
       128          0          0          0          0       1863   stm32f4xx_hal_i2c_ex.o
       602          0          0          0          0       2943   stm32f4xx_hal_ltdc.o
      1392        168          0          8          0       8361   stm32f4xx_hal_msp.o
       112         14          0          0          0       1292   stm32f4xx_hal_pwr_ex.o
      1386         80          0          0          0       6923   stm32f4xx_hal_rcc.o
       596         36          0          0          0       1616   stm32f4xx_hal_rcc_ex.o
       862         36          0          0          0       8205   stm32f4xx_hal_rtc.o
        20          0          0          0          0       1723   stm32f4xx_hal_rtc_ex.o
        66          0          0          0          0       1193   stm32f4xx_hal_sdram.o
       980         16          0          0          0       4913   stm32f4xx_hal_spi.o
      1646        136          0          0          0      13196   stm32f4xx_hal_tim.o
       148         28          0          0          0       2497   stm32f4xx_hal_tim_ex.o
      1706         14          0          0          0      11609   stm32f4xx_hal_uart.o
        60         18          0          0          0       5639   stm32f4xx_it.o
       266         10          0          0          0       3461   stm32f4xx_ll_fmc.o
        16          4         24          4          0       1135   system_stm32f4xx.o
       212         26          0          0          0       3767   touch.o

    ----------------------------------------------------------------------
     15906       1214        550         52      17768     987830   Object Totals
         0          0         32          0          0          0   (incl. Generated)
        36          0          2          6          0          0   (incl. Padding)

    ----------------------------------------------------------------------

      Code (inc. data)   RO Data    RW Data    ZI Data      Debug   Library Member Name

        56          6          0          0          0         88   __2snprintf.o
         8          0          0          0          0         68   __main.o
       392          4         17          0          0         92   __printf_flags_ss_wp.o
        14          0          0          0          0         68   __printf_wp.o
         0          0          0          0          0          0   __rtentry.o
        12          0          0          0          0          0   __rtentry2.o
         6          0          0          0          0          0   __rtentry4.o
        52          8          0          0          0          0   __scatter.o
        26          0          0          0          0          0   __scatter_copy.o
        28          0          0          0          0          0   __scatter_zi.o
        44          0          0          0          0        108   _printf_char.o
        48          6          0          0          0         96   _printf_char_common.o
       120         16          0          0          0         92   _printf_dec.o
       178          0          0          0          0         88   _printf_intcommon.o
        78          0          0          0          0        108   _printf_pad.o
         0          0          0          0          0          0   _printf_percent.o
         4          0          0          0          0          0   _printf_percent_end.o
         6          0          0          0          0          0   _printf_s.o
        82          0          0          0          0         80   _printf_str.o
         6          0          0          0          0          0   _printf_u.o
        16          0          0          0          0         68   _snputc.o
        10          0          0          0          0         68   _sputc.o
        18          0          0          0          0         80   exit.o
         6          0          0          0          0        152   heapauxi.o
         0          0          0          0          0          0   indicate_semi.o
         2          0          0          0          0          0   libinit.o
         6          0          0          0          0          0   libinit2.o
         2          0          0          0          0          0   libshutdown.o
         2          0          0          0          0          0   libshutdown2.o
         8          4          0          0         96         68   libspace.o
       238          0          0          0          0        100   lludivv7m.o
        78          0          0          0          0         80   rt_memclr_w.o
       138          0          0          0          0         68   rt_memcpy_v6.o
       100          0          0          0          0         80   rt_memcpy_w.o
         2          0          0          0          0          0   rtexit.o
        10          0          0          0          0          0   rtexit2.o
        12          4          0          0          0         68   sys_exit.o
        74          0          0          0          0         80   sys_stackheap_outer.o
         2          0          0          0          0         68   use_no_semi.o
        10          0          0          0          0        116   fpinit.o

    ----------------------------------------------------------------------
      1904         48         20          0        100       1984   Library Totals
        10          0          3          0          4          0   (incl. Padding)

    ----------------------------------------------------------------------

      Code (inc. data)   RO Data    RW Data    ZI Data      Debug   Library Name

      1884         48         17          0         96       1868   c_w.l
        10          0          0          0          0        116   fz_wm.l

    ----------------------------------------------------------------------
      1904         48         20          0        100       1984   Library Totals

    ----------------------------------------------------------------------

==============================================================================


      Code (inc. data)   RO Data    RW Data    ZI Data      Debug   

     17810       1262        570         52      17868     974478   Grand Totals
     17810       1262        570         52      17868     974478   ELF Image Totals
     17810       1262        570         52          0          0   ROM Totals

==============================================================================

    Total RO  Size (Code + RO Data)                18380 (  17.95kB)
    Total RW  Size (RW Data + ZI Data)             17920 (  17.50kB)
    Total ROM Size (Code + RO Data + RW Data)      18432 (  18.00kB)

==============================================================================

