Component: ARM Compiler 5.06 update 6 (build 750) Tool: armlink [4d35ed]

==============================================================================

Section Cross References

    startup_stm32f429xx.o(STACK) refers (Special) to heapauxi.o(.text) for __use_two_region_memory
    startup_stm32f429xx.o(HEAP) refers (Special) to heapauxi.o(.text) for __use_two_region_memory
    startup_stm32f429xx.o(RESET) refers (Special) to heapauxi.o(.text) for __use_two_region_memory
    startup_stm32f429xx.o(RESET) refers to startup_stm32f429xx.o(STACK) for __initial_sp
    startup_stm32f429xx.o(RESET) refers to startup_stm32f429xx.o(.text) for Reset_Handler
    startup_stm32f429xx.o(RESET) refers to stm32f4xx_it.o(i.NMI_Handler) for NMI_Handler
    startup_stm32f429xx.o(RESET) refers to stm32f4xx_it.o(i.HardFault_Handler) for HardFault_Handler
    startup_stm32f429xx.o(RESET) refers to stm32f4xx_it.o(i.MemManage_Handler) for MemManage_Handler
    startup_stm32f429xx.o(RESET) refers to stm32f4xx_it.o(i.BusFault_Handler) for BusFault_Handler
    startup_stm32f429xx.o(RESET) refers to stm32f4xx_it.o(i.UsageFault_Handler) for UsageFault_Handler
    startup_stm32f429xx.o(RESET) refers to stm32f4xx_it.o(i.SVC_Handler) for SVC_Handler
    startup_stm32f429xx.o(RESET) refers to stm32f4xx_it.o(i.DebugMon_Handler) for DebugMon_Handler
    startup_stm32f429xx.o(RESET) refers to stm32f4xx_it.o(i.PendSV_Handler) for PendSV_Handler
    startup_stm32f429xx.o(RESET) refers to stm32f4xx_it.o(i.SysTick_Handler) for SysTick_Handler
    startup_stm32f429xx.o(RESET) refers to stm32f4xx_it.o(i.DMA1_Stream3_IRQHandler) for DMA1_Stream3_IRQHandler
    startup_stm32f429xx.o(RESET) refers to stm32f4xx_it.o(i.TIM8_TRG_COM_TIM14_IRQHandler) for TIM8_TRG_COM_TIM14_IRQHandler
    startup_stm32f429xx.o(RESET) refers to stm32f4xx_it.o(i.UART7_IRQHandler) for UART7_IRQHandler
    startup_stm32f429xx.o(.text) refers (Special) to heapauxi.o(.text) for __use_two_region_memory
    startup_stm32f429xx.o(.text) refers to system_stm32f4xx.o(i.SystemInit) for SystemInit
    startup_stm32f429xx.o(.text) refers to __main.o(!!!main) for __main
    startup_stm32f429xx.o(.text) refers to startup_stm32f429xx.o(HEAP) for Heap_Mem
    startup_stm32f429xx.o(.text) refers to startup_stm32f429xx.o(STACK) for Stack_Mem
    main.o(i.HAL_TIM_PeriodElapsedCallback) refers to stm32f4xx_hal_gpio.o(i.HAL_GPIO_TogglePin) for HAL_GPIO_TogglePin
    main.o(i.HAL_UARTEx_RxEventCallback) refers to debug_link.o(i.DebugLink_RxEventCallback) for DebugLink_RxEventCallback
    main.o(i.MX_FMC_Init) refers to rt_memclr_w.o(.text) for __aeabi_memclr4
    main.o(i.MX_FMC_Init) refers to stm32f4xx_hal_sdram.o(i.HAL_SDRAM_Init) for HAL_SDRAM_Init
    main.o(i.MX_FMC_Init) refers to main.o(.bss) for .bss
    main.o(i.MX_GPIO_Init) refers to rt_memclr_w.o(.text) for __aeabi_memclr4
    main.o(i.MX_GPIO_Init) refers to stm32f4xx_hal_gpio.o(i.HAL_GPIO_WritePin) for HAL_GPIO_WritePin
    main.o(i.MX_GPIO_Init) refers to stm32f4xx_hal_gpio.o(i.HAL_GPIO_Init) for HAL_GPIO_Init
    main.o(i.MX_I2C3_Init) refers to stm32f4xx_hal_i2c.o(i.HAL_I2C_Init) for HAL_I2C_Init
    main.o(i.MX_I2C3_Init) refers to stm32f4xx_hal_i2c_ex.o(i.HAL_I2CEx_ConfigAnalogFilter) for HAL_I2CEx_ConfigAnalogFilter
    main.o(i.MX_I2C3_Init) refers to stm32f4xx_hal_i2c_ex.o(i.HAL_I2CEx_ConfigDigitalFilter) for HAL_I2CEx_ConfigDigitalFilter
    main.o(i.MX_I2C3_Init) refers to main.o(.bss) for .bss
    main.o(i.MX_LTDC_Init) refers to rt_memclr_w.o(.text) for __aeabi_memclr4
    main.o(i.MX_LTDC_Init) refers to stm32f4xx_hal_ltdc.o(i.HAL_LTDC_Init) for HAL_LTDC_Init
    main.o(i.MX_LTDC_Init) refers to stm32f4xx_hal_ltdc.o(i.HAL_LTDC_ConfigLayer) for HAL_LTDC_ConfigLayer
    main.o(i.MX_LTDC_Init) refers to main.o(.bss) for .bss
    main.o(i.MX_RTC_Init) refers to rt_memclr_w.o(.text) for __aeabi_memclr4
    main.o(i.MX_RTC_Init) refers to stm32f4xx_hal_rtc.o(i.HAL_RTC_Init) for HAL_RTC_Init
    main.o(i.MX_RTC_Init) refers to stm32f4xx_hal_rtc_ex.o(i.HAL_RTCEx_BKUPRead) for HAL_RTCEx_BKUPRead
    main.o(i.MX_RTC_Init) refers to stm32f4xx_hal_rtc.o(i.HAL_RTC_SetTime) for HAL_RTC_SetTime
    main.o(i.MX_RTC_Init) refers to stm32f4xx_hal_rtc.o(i.HAL_RTC_SetDate) for HAL_RTC_SetDate
    main.o(i.MX_RTC_Init) refers to main.o(.bss) for .bss
    main.o(i.MX_SPI1_Init) refers to stm32f4xx_hal_spi.o(i.HAL_SPI_Init) for HAL_SPI_Init
    main.o(i.MX_SPI1_Init) refers to main.o(.bss) for .bss
    main.o(i.MX_TIM4_Init) refers to rt_memclr_w.o(.text) for __aeabi_memclr4
    main.o(i.MX_TIM4_Init) refers to stm32f4xx_hal_tim.o(i.HAL_TIM_PWM_Init) for HAL_TIM_PWM_Init
    main.o(i.MX_TIM4_Init) refers to stm32f4xx_hal_tim_ex.o(i.HAL_TIMEx_MasterConfigSynchronization) for HAL_TIMEx_MasterConfigSynchronization
    main.o(i.MX_TIM4_Init) refers to stm32f4xx_hal_tim.o(i.HAL_TIM_PWM_ConfigChannel) for HAL_TIM_PWM_ConfigChannel
    main.o(i.MX_TIM4_Init) refers to stm32f4xx_hal_msp.o(i.HAL_TIM_MspPostInit) for HAL_TIM_MspPostInit
[...]
    __rt_lib_shutdown                        0x08000251   Thumb Code     0  libshutdown.o(.ARM.Collect$$libshutdown$$00000000)
    __rt_lib_shutdown_cpp_1                  0x08000253   Thumb Code     0  libshutdown2.o(.ARM.Collect$$libshutdown$$00000002)
    __rt_lib_shutdown_fp_trap_1              0x08000253   Thumb Code     0  libshutdown2.o(.ARM.Collect$$libshutdown$$00000007)
    __rt_lib_shutdown_heap_1                 0x08000253   Thumb Code     0  libshutdown2.o(.ARM.Collect$$libshutdown$$0000000F)
    __rt_lib_shutdown_return                 0x08000253   Thumb Code     0  libshutdown2.o(.ARM.Collect$$libshutdown$$00000010)
    __rt_lib_shutdown_signal_1               0x08000253   Thumb Code     0  libshutdown2.o(.ARM.Collect$$libshutdown$$0000000A)
    __rt_lib_shutdown_stdio_1                0x08000253   Thumb Code     0  libshutdown2.o(.ARM.Collect$$libshutdown$$00000004)
    __rt_lib_shutdown_user_alloc_1           0x08000253   Thumb Code     0  libshutdown2.o(.ARM.Collect$$libshutdown$$0000000C)
    __rt_entry                               0x08000255   Thumb Code     0  __rtentry.o(.ARM.Collect$$rtentry$$00000000)
    __rt_entry_presh_1                       0x08000255   Thumb Code     0  __rtentry2.o(.ARM.Collect$$rtentry$$00000002)
    __rt_entry_sh                            0x08000255   Thumb Code     0  __rtentry4.o(.ARM.Collect$$rtentry$$00000004)
    __rt_entry_li                            0x0800025b   Thumb Code     0  __rtentry2.o(.ARM.Collect$$rtentry$$0000000A)
    __rt_entry_postsh_1                      0x0800025b   Thumb Code     0  __rtentry2.o(.ARM.Collect$$rtentry$$00000009)
    __rt_entry_main                          0x0800025f   Thumb Code     0  __rtentry2.o(.ARM.Collect$$rtentry$$0000000D)
    __rt_entry_postli_1                      0x0800025f   Thumb Code     0  __rtentry2.o(.ARM.Collect$$rtentry$$0000000C)
    __rt_exit                                0x08000267   Thumb Code     0  rtexit.o(.ARM.Collect$$rtexit$$00000000)
    __rt_exit_ls                             0x08000269   Thumb Code     0  rtexit2.o(.ARM.Collect$$rtexit$$00000003)
    __rt_exit_prels_1                        0x08000269   Thumb Code     0  rtexit2.o(.ARM.Collect$$rtexit$$00000002)
    __rt_exit_exit                           0x0800026d   Thumb Code     0  rtexit2.o(.ARM.Collect$$rtexit$$00000004)
    Reset_Handler                            0x08000275   Thumb Code     8  startup_stm32f429xx.o(.text)
    ADC_IRQHandler                           0x0800028f   Thumb Code     0  startup_stm32f429xx.o(.text)
    CAN1_RX0_IRQHandler                      0x0800028f   Thumb Code     0  startup_stm32f429xx.o(.text)
    CAN1_RX1_IRQHandler                      0x0800028f   Thumb Code     0  startup_stm32f429xx.o(.text)
    CAN1_SCE_IRQHandler                      0x0800028f   Thumb Code     0  startup_stm32f429xx.o(.text)
    CAN1_TX_IRQHandler                       0x0800028f   Thumb Code     0  startup_stm32f429xx.o(.text)
    CAN2_RX0_IRQHandler                      0x0800028f   Thumb Code     0  startup_stm32f429xx.o(.text)
    CAN2_RX1_IRQHandler                      0x0800028f   Thumb Code     0  startup_stm32f429xx.o(.text)
    CAN2_SCE_IRQHandler                      0x0800028f   Thumb Code     0  startup_stm32f429xx.o(.text)
    CAN2_TX_IRQHandler                       0x0800028f   Thumb Code     0  startup_stm32f429xx.o(.text)
    DCMI_IRQHandler                          0x0800028f   Thumb Code     0  startup_stm32f429xx.o(.text)
    DMA1_Stream0_IRQHandler                  0x0800028f   Thumb Code     0  startup_stm32f429xx.o(.text)
    DMA1_Stream1_IRQHandler                  0x0800028f   Thumb Code     0  startup_stm32f429xx.o(.text)
    DMA1_Stream2_IRQHandler                  0x0800028f   Thumb Code     0  startup_stm32f429xx.o(.text)
    DMA1_Stream4_IRQHandler                  0x0800028f   Thumb Code     0  startup_stm32f429xx.o(.text)
    DMA1_Stream5_IRQHandler                  0x0800028f   Thumb Code     0  startup_stm32f429xx.o(.text)
    DMA1_Stream6_IRQHandler                  0x0800028f   Thumb Code     0  startup_stm32f429xx.o(.text)
    DMA1_Stream7_IRQHandler                  0x0800028f   Thumb Code     0  startup_stm32f429xx.o(.text)
    DMA2D_IRQHandler                         0x0800028f   Thumb Code     0  startup_stm32f429xx.o(.text)
    DMA2_Stream0_IRQHandler                  0x0800028f   Thumb Code     0  startup_stm32f429xx.o(.text)
    DMA2_Stream1_IRQHandler                  0x0800028f   Thumb Code     0  startup_stm32f429xx.o(.text)
    DMA2_Stream2_IRQHandler                  0x0800028f   Thumb Code     0  startup_stm32f429xx.o(.text)
    DMA2_Stream3_IRQHandler                  0x0800028f   Thumb Code     0  startup_stm32f429xx.o(.text)
    DMA2_Stream4_IRQHandler                  0x0800028f   Thumb Code     0  startup_stm32f429xx.o(.text)
    DMA2_Stream5_IRQHandler                  0x0800028f   Thumb Code     0  startup_stm32f429xx.o(.text)
    DMA2_Stream6_IRQHandler                  0x0800028f   Thumb Code     0  startup_stm32f429xx.o(.text)
    DMA2_Stream7_IRQHandler                  0x0800028f   Thumb Code     0  startup_stm32f429xx.o(.text)
    ETH_IRQHandler                           0x0800028f   Thumb Code     0  startup_stm32f429xx.o(.text)
    ETH_WKUP_IRQHandler                      0x0800028f   Thumb Code     0  startup_stm32f429xx.o(.text)
    EXTI0_IRQHandler                         0x0800028f   Thumb Code     0  startup_stm32f429xx.o(.text)
    EXTI15_10_IRQHandler                     0x0800028f   Thumb Code     0  startup_stm32f429xx.o(.text)
    EXTI1_IRQHandler                         0x0800028f   Thumb Code     0  startup_stm32f429xx.o(.text)
    EXTI2_IRQHandler                         0x0800028f   Thumb Code     0  startup_stm32f429xx.o(.text)
    EXTI3_IRQHandler                         0x0800028f   Thumb Code     0  startup_stm32f429xx.o(.text)
    EXTI4_IRQHandler                         0x0800028f   Thumb Code     0  startup_stm32f429xx.o(.text)
    EXTI9_5_IRQHandler                       0x0800028f   Thumb Code     0  startup_stm32f429xx.o(.text)
    FLASH_IRQHandler                         0x0800028f   Thumb Code     0  startup_stm32f429xx.o(.text)
    FMC_IRQHandler                           0x0800028f   Thumb Code     0  startup_stm32f429xx.o(.text)
    FPU_IRQHandler                           0x0800028f   Thumb Code     0  startup_stm32f429xx.o(.text)
    HASH_RNG_IRQHandler                      0x0800028f   Thumb Code     0  startup_stm32f429xx.o(.text)
    I2C1_ER_IRQHandler                       0x0800028f   Thumb Code     0  startup_stm32f429xx.o(.text)
    I2C1_EV_IRQHandler                       0x0800028f   Thumb Code     0  startup_stm32f429xx.o(.text)
    I2C2_ER_IRQHandler                       0x0800028f   Thumb Code     0  startup_stm32f429xx.o(.text)
    I2C2_EV_IRQHandler                       0x0800028f   Thumb Code     0  startup_stm32f429xx.o(.text)
    I2C3_ER_IRQHandler                       0x0800028f   Thumb Code     0  startup_stm32f429xx.o(.text)
    I2C3_EV_IRQHandler                       0x0800028f   Thumb Code     0  startup_stm32f429xx.o(.text)
    LTDC_ER_IRQHandler                       0x0800028f   Thumb Code     0  startup_stm32f429xx.o(.text)
    LTDC_IRQHandler                          0x0800028f   Thumb Code     0  startup_stm32f429xx.o(.text)
    OTG_FS_IRQHandler                        0x0800028f   Thumb Code     0  startup_stm32f429xx.o(.text)
    OTG_FS_WKUP_IRQHandler                   0x0800028f   Thumb Code     0  startup_stm32f429xx.o(.text)
    OTG_HS_EP1_IN_IRQHandler                 0x0800028f   Thumb Code     0  startup_stm32f429xx.o(.text)
    OTG_HS_EP1_OUT_IRQHandler                0x0800028f   Thumb Code     0  startup_stm32f429xx.o(.text)
    OTG_HS_IRQHandler                        0x0800028f   Thumb Code     0  startup_stm32f429xx.o(.text)
    OTG_HS_WKUP_IRQHandler                   0x0800028f   Thumb Code     0  startup_stm32f429xx.o(.text)
    PVD_IRQHandler                           0x0800028f   Thumb Code     0  startup_stm32f429xx.o(.text)
    RCC_IRQHandler                           0x0800028f   Thumb Code     0  startup_stm32f429xx.o(.text)
    RTC_Alarm_IRQHandler                     0x0800028f   Thumb Code     0  startup_stm32f429xx.o(.text)
    RTC_WKUP_IRQHandler                      0x0800028f   Thumb Code     0  startup_stm32f429xx.o(.text)
    SAI1_IRQHandler                          0x0800028f   Thumb Code     0  startup_stm32f429xx.o(.text)
    SDIO_IRQHandler                          0x0800028f   Thumb Code     0  startup_stm32f429xx.o(.text)
    SPI1_IRQHandler                          0x0800028f   Thumb Code     0  startup_stm32f429xx.o(.text)
    SPI2_IRQHandler                          0x0800028f   Thumb Code     0  startup_stm32f429xx.o(.text)
    SPI3_IRQHandler                          0x0800028f   Thumb Code     0  startup_stm32f429xx.o(.text)
    SPI4_IRQHandler                          0x0800028f   Thumb Code     0  startup_stm32f429xx.o(.text)
    SPI5_IRQHandler                          0x0800028f   Thumb Code     0  startup_stm32f429xx.o(.text)
    SPI6_IRQHandler                          0x0800028f   Thumb Code     0  startup_stm32f429xx.o(.text)
    TAMP_STAMP_IRQHandler                    0x0800028f   Thumb Code     0  startup_stm32f429xx.o(.text)
    TIM1_BRK_TIM9_IRQHandler                 0x0800028f   Thumb Code     0  startup_stm32f429xx.o(.text)
    TIM1_CC_IRQHandler                       0x0800028f   Thumb Code     0  startup_stm32f429xx.o(.text)
    TIM1_TRG_COM_TIM11_IRQHandler            0x0800028f   Thumb Code     0  startup_stm32f429xx.o(.text)
    TIM1_UP_TIM10_IRQHandler                 0x0800028f   Thumb Code     0  startup_stm32f429xx.o(.text)
    TIM2_IRQHandler                          0x0800028f   Thumb Code     0  startup_stm32f429xx.o(.text)
    TIM3_IRQHandler                          0x0800028f   Thumb Code     0  startup_stm32f429xx.o(.text)
    TIM4_IRQHandler                          0x0800028f   Thumb Code     0  startup_stm32f429xx.o(.text)
    TIM5_IRQHandler                          0x0800028f   Thumb Code     0  startup_stm32f429xx.o(.text)
    TIM6_DAC_IRQHandler                      0x0800028f   Thumb Code     0  startup_stm32f429xx.o(.text)
    TIM7_IRQHandler                          0x0800028f   Thumb Code     0  startup_stm32f429xx.o(.text)
    TIM8_BRK_TIM12_IRQHandler                0x0800028f   Thumb Code     0  startup_stm32f429xx.o(.text)
    TIM8_CC_IRQHandler                       0x0800028f   Thumb Code     0  startup_stm32f429xx.o(.text)
    TIM8_UP_TIM13_IRQHandler                 0x0800028f   Thumb Code     0  startup_stm32f429xx.o(.text)
    UART4_IRQHandler                         0x0800028f   Thumb Code     0  startup_stm32f429xx.o(.text)
    UART5_IRQHandler                         0x0800028f   Thumb Code     0  startup_stm32f429xx.o(.text)
    UART8_IRQHandler                         0x0800028f   Thumb Code     0  startup_stm32f429xx.o(.text)
    USART1_IRQHandler                        0x0800028f   Thumb Code     0  startup_stm32f429xx.o(.text)
    USART2_IRQHandler                        0x0800028f   Thumb Code     0  startup_stm32f429xx.o(.text)
    USART3_IRQHandler                        0x0800028f   Thumb Code     0  startup_stm32f429xx.o(.text)
    USART6_IRQHandler                        0x0800028f   Thumb Code     0  startup_stm32f429xx.o(.text)
    WWDG_IRQHandler                          0x0800028f   Thumb Code     0  startup_stm32f429xx.o(.text)
    __user_initial_stackheap                 0x08000291   Thumb Code     0  startup_stm32f429xx.o(.text)
    __aeabi_uldivmod                         0x080002b5   Thumb Code     0  lludivv7m.o(.text)
    _ll_udiv                                 0x080002b5   Thumb Code   238  lludivv7m.o(.text)
    __aeabi_ldivmod                          0x080003a3   Thumb Code     0  llsdiv.o(.text)
    _ll_sdiv                                 0x080003a3   Thumb Code    72  llsdiv.o(.text)
    __2snprintf                              0x080003ed   Thumb Code    50  __2snprintf.o(.text)
    _printf_pre_padding                      0x08000425   Thumb Code    44  _printf_pad.o(.text)
    _printf_post_padding                     0x08000451   Thumb Code    34  _printf_pad.o(.text)
    _printf_str                              0x08000473   Thumb Code    82  _printf_str.o(.text)
    _printf_int_dec                          0x080004c5   Thumb Code   104  _printf_dec.o(.text)
    __printf                                 0x0800053d   Thumb Code   388  __printf_flags_ss_wp.o(.text)
    atoi                                     0x080006c5   Thumb Code    26  atoi.o(.text)
    strncmp                                  0x080006df   Thumb Code   150  strncmp.o(.text)
    __aeabi_memcpy                           0x08000775   Thumb Code     0  rt_memcpy_v6.o(.text)
    __rt_memcpy                              0x08000775   Thumb Code   138  rt_memcpy_v6.o(.text)
    _memcpy_lastbytes                        0x080007db   Thumb Code     0  rt_memcpy_v6.o(.text)
    __aeabi_memcpy4                          0x080007ff   Thumb Code     0  rt_memcpy_w.o(.text)
    __aeabi_memcpy8                          0x080007ff   Thumb Code     0  rt_memcpy_w.o(.text)
    __rt_memcpy_w                            0x080007ff   Thumb Code   100  rt_memcpy_w.o(.text)
    _memcpy_lastbytes_aligned                0x08000847   Thumb Code     0  rt_memcpy_w.o(.text)
    __aeabi_memset                           0x08000863   Thumb Code    16  aeabi_memset.o(.text)
    __aeabi_memclr                           0x08000873   Thumb Code     0  rt_memclr.o(.text)
    __rt_memclr                              0x08000873   Thumb Code    68  rt_memclr.o(.text)
    _memset                                  0x08000877   Thumb Code     0  rt_memclr.o(.text)
    __aeabi_memclr4                          0x080008b7   Thumb Code     0  rt_memclr_w.o(.text)
    __aeabi_memclr8                          0x080008b7   Thumb Code     0  rt_memclr_w.o(.text)
    __rt_memclr_w                            0x080008b7   Thumb Code    78  rt_memclr_w.o(.text)
    _memset_w                                0x080008bb   Thumb Code     0  rt_memclr_w.o(.text)
    strncpy                                  0x08000905   Thumb Code    86  strncpy.o(.text)
    strcmp                                   0x0800095d   Thumb Code   128  strcmpv7m.o(.text)
    __use_two_region_memory                  0x080009dd   Thumb Code     2  heapauxi.o(.text)
    __rt_heap_escrow$2region                 0x080009df   Thumb Code     2  heapauxi.o(.text)
    __rt_heap_expand$2region                 0x080009e1   Thumb Code     2  heapauxi.o(.text)
    __aeabi_errno_addr                       0x080009e5   Thumb Code     8  rt_errno_addr_intlibspace.o(.text)
    __errno$intlibspace                      0x080009e5   Thumb Code     0  rt_errno_addr_intlibspace.o(.text)
    __rt_errno_addr$intlibspace              0x080009e5   Thumb Code     0  rt_errno_addr_intlibspace.o(.text)
    _printf_int_common                       0x080009ed   Thumb Code   178  _printf_intcommon.o(.text)
    _printf_char_common                      0x08000aab   Thumb Code    32  _printf_char_common.o(.text)
    _sputc                                   0x08000ad1   Thumb Code    10  _sputc.o(.text)
    _snputc                                  0x08000adb   Thumb Code    16  _snputc.o(.text)
    _printf_cs_common                        0x08000aeb   Thumb Code    20  _printf_char.o(.text)
    _printf_char                             0x08000aff   Thumb Code    16  _printf_char.o(.text)
    _printf_string                           0x08000b0f   Thumb Code     8  _printf_char.o(.text)
    strtol                                   0x08000b17   Thumb Code   112  strtol.o(.text)
    __user_libspace                          0x08000b89   Thumb Code     8  libspace.o(.text)
    __user_perproc_libspace                  0x08000b89   Thumb Code     0  libspace.o(.text)
    __user_perthread_libspace                0x08000b89   Thumb Code     0  libspace.o(.text)
    __rt_ctype_table                         0x08000b91   Thumb Code    16  rt_ctype_table.o(.text)
    _strtoul                                 0x08000ba1   Thumb Code   158  _strtoul.o(.text)
    __user_setup_stackheap                   0x08000c3f   Thumb Code    74  sys_stackheap_outer.o(.text)
    __rt_locale                              0x08000c89   Thumb Code     8  rt_locale_intlibspace.o(.text)
    _chval                                   0x08000c91   Thumb Code    28  _chval.o(.text)
    exit                                     0x08000cad   Thumb Code    18  exit.o(.text)
    _sys_exit                                0x08000cc1   Thumb Code     8  sys_exit.o(.text)
    __I$use$semihosting                      0x08000ccd   Thumb Code     0  use_no_semi.o(.text)
    __use_no_semihosting_swi                 0x08000ccd   Thumb Code     2  use_no_semi.o(.text)
    AT24Cxx_ReadEEPROM                       0x08000ccf   Thumb Code     6  at24cxx.o(i.AT24Cxx_ReadEEPROM)
    __semihosting_library_function           0x08000ccf   Thumb Code     0  indicate_semi.o(.text)
    AT24Cxx_WriteEEPROM                      0x08000cd5   Thumb Code     6  at24cxx.o(i.AT24Cxx_WriteEEPROM)
    BCD_PackDigits                           0x08000d79   Thumb Code    68  bcd.o(i.BCD_PackDigits)
    BCD_UnpackDigits                         0x08000dbd   Thumb Code    48  bcd.o(i.BCD_UnpackDigits)
    Backlight_Init                           0x08000ded   Thumb Code   152  backlight.o(i.Backlight_Init)
    Backlight_SetBrightness                  0x08000e95   Thumb Code    26  backlight.o(i.Backlight_SetBrightness)
    BusFault_Handler                         0x08000eb5   Thumb Code     2  stm32f4xx_it.o(i.BusFault_Handler)
    ChannelHW_Init                           0x08000f25   Thumb Code   158  channel_hw.o(i.ChannelHW_Init)
    ChannelHW_IsDoorClosed                   0x08000fc9   Thumb Code    32  channel_hw.o(i.ChannelHW_IsDoorClosed)
    ChannelHW_SetLED                         0x08000fed   Thumb Code    32  channel_hw.o(i.ChannelHW_SetLED)
    ChannelHW_SetLock                        0x08001011   Thumb Code    32  channel_hw.o(i.ChannelHW_SetLock)
    ChannelManager_AdminOpenLocker           0x08001035   Thumb Code    64  channel_manager.o(i.ChannelManager_AdminOpenLocker)
    ChannelManager_ClearFailedAttempts       0x08001079   Thumb Code    22  channel_manager.o(i.ChannelManager_ClearFailedAttempts)
    ChannelManager_CountEmptyLockers         0x08001095   Thumb Code    34  channel_manager.o(i.ChannelManager_CountEmptyLockers)
    ChannelManager_FindLockerByPhone         0x080010bd   Thumb Code    66  channel_manager.o(i.ChannelManager_FindLockerByPhone)
    ChannelManager_GetLockerState            0x08001105   Thumb Code    36  channel_manager.o(i.ChannelManager_GetLockerState)
    ChannelManager_Init                      0x0800112d   Thumb Code    86  channel_manager.o(i.ChannelManager_Init)
    ChannelManager_IsLockerLockedOut         0x08001189   Thumb Code    82  channel_manager.o(i.ChannelManager_IsLockerLockedOut)
    ChannelManager_Poll                      0x080011e1   Thumb Code   152  channel_manager.o(i.ChannelManager_Poll)
    ChannelManager_RegisterFailedFingerprintAttempt 0x0800127d   Thumb Code   104  channel_manager.o(i.ChannelManager_RegisterFailedFingerprintAttempt)
    ChannelManager_StartDeposit              0x080012e9   Thumb Code   126  channel_manager.o(i.ChannelManager_StartDeposit)
    ChannelManager_StartRetrieve             0x0800136d   Thumb Code    68  channel_manager.o(i.ChannelManager_StartRetrieve)
    DMA1_Stream3_IRQHandler                  0x080013b5   Thumb Code     6  stm32f4xx_it.o(i.DMA1_Stream3_IRQHandler)
    DebugLink_Init                           0x080014b1   Thumb Code    48  debug_link.o(i.DebugLink_Init)
    DebugLink_Process                        0x08001651   Thumb Code    24  debug_link.o(i.DebugLink_Process)
    DebugLink_RegisterCallback               0x0800166d   Thumb Code     6  debug_link.o(i.DebugLink_RegisterCallback)
    DebugLink_RxEventCallback                0x08001679   Thumb Code    50  debug_link.o(i.DebugLink_RxEventCallback)
    DebugLink_SendLine                       0x080016b5   Thumb Code    52  debug_link.o(i.DebugLink_SendLine)
    DebugMon_Handler                         0x08001709   Thumb Code     2  stm32f4xx_it.o(i.DebugMon_Handler)
    Error_Handler                            0x080017e1   Thumb Code     4  main.o(i.Error_Handler)
    FMC_SDRAM_Init                           0x080017e5   Thumb Code   102  stm32f4xx_ll_fmc.o(i.FMC_SDRAM_Init)
    FMC_SDRAM_Timing_Init                    0x0800184d   Thumb Code   154  stm32f4xx_ll_fmc.o(i.FMC_SDRAM_Timing_Init)
    FlowManager_Init                         0x08001979   Thumb Code    24  flow_manager.o(i.FlowManager_Init)
    FlowManager_Process                      0x08001995   Thumb Code    90  flow_manager.o(i.FlowManager_Process)
    HAL_DMA_Abort                            0x08001aa5   Thumb Code   146  stm32f4xx_hal_dma.o(i.HAL_DMA_Abort)
    HAL_DMA_Abort_IT                         0x08001b37   Thumb Code    36  stm32f4xx_hal_dma.o(i.HAL_DMA_Abort_IT)
    HAL_DMA_IRQHandler                       0x08001b5d   Thumb Code   412  stm32f4xx_hal_dma.o(i.HAL_DMA_IRQHandler)
    HAL_DMA_Init                             0x08001cfd   Thumb Code   206  stm32f4xx_hal_dma.o(i.HAL_DMA_Init)
    HAL_Delay                                0x08001dd1   Thumb Code    32  stm32f4xx_hal.o(i.HAL_Delay)
    HAL_GPIO_Init                            0x08001eb5   Thumb Code   510  stm32f4xx_hal_gpio.o(i.HAL_GPIO_Init)
    HAL_GPIO_ReadPin                         0x080020e9   Thumb Code    10  stm32f4xx_hal_gpio.o(i.HAL_GPIO_ReadPin)
    HAL_GPIO_TogglePin                       0x080020f3   Thumb Code    16  stm32f4xx_hal_gpio.o(i.HAL_GPIO_TogglePin)
    HAL_GPIO_WritePin                        0x08002103   Thumb Code    10  stm32f4xx_hal_gpio.o(i.HAL_GPIO_WritePin)
    HAL_GetTick                              0x0800210d   Thumb Code     6  stm32f4xx_hal.o(i.HAL_GetTick)
    HAL_I2CEx_ConfigAnalogFilter             0x08002119   Thumb Code    66  stm32f4xx_hal_i2c_ex.o(i.HAL_I2CEx_ConfigAnalogFilter)
    HAL_I2CEx_ConfigDigitalFilter            0x0800215b   Thumb Code    62  stm32f4xx_hal_i2c_ex.o(i.HAL_I2CEx_ConfigDigitalFilter)
    HAL_I2C_Init                             0x08002199   Thumb Code   376  stm32f4xx_hal_i2c.o(i.HAL_I2C_Init)
    HAL_I2C_Mem_Read                         0x08002321   Thumb Code   502  stm32f4xx_hal_i2c.o(i.HAL_I2C_Mem_Read)
    HAL_I2C_Mem_Write                        0x08002525   Thumb Code   294  stm32f4xx_hal_i2c.o(i.HAL_I2C_Mem_Write)
    HAL_I2C_MspInit                          0x08002655   Thumb Code   130  stm32f4xx_hal_msp.o(i.HAL_I2C_MspInit)
    HAL_IncTick                              0x080026e9   Thumb Code    12  stm32f4xx_hal.o(i.HAL_IncTick)
    HAL_Init                                 0x080026f9   Thumb Code    48  stm32f4xx_hal.o(i.HAL_Init)
    HAL_InitTick                             0x0800272d   Thumb Code    54  stm32f4xx_hal.o(i.HAL_InitTick)
    HAL_LTDC_ConfigLayer                     0x0800276d   Thumb Code    82  stm32f4xx_hal_ltdc.o(i.HAL_LTDC_ConfigLayer)
    HAL_LTDC_Init                            0x080027bf   Thumb Code   188  stm32f4xx_hal_ltdc.o(i.HAL_LTDC_Init)
    HAL_LTDC_MspInit                         0x0800287d   Thumb Code   372  stm32f4xx_hal_msp.o(i.HAL_LTDC_MspInit)
    HAL_MspInit                              0x08002a11   Thumb Code    42  stm32f4xx_hal_msp.o(i.HAL_MspInit)
    HAL_NVIC_EnableIRQ                       0x08002a41   Thumb Code    26  stm32f4xx_hal_cortex.o(i.HAL_NVIC_EnableIRQ)
    HAL_NVIC_SetPriority                     0x08002a5d   Thumb Code    60  stm32f4xx_hal_cortex.o(i.HAL_NVIC_SetPriority)
    HAL_NVIC_SetPriorityGrouping             0x08002a9d   Thumb Code    26  stm32f4xx_hal_cortex.o(i.HAL_NVIC_SetPriorityGrouping)
    HAL_PWREx_EnableOverDrive                0x08002ac1   Thumb Code    98  stm32f4xx_hal_pwr_ex.o(i.HAL_PWREx_EnableOverDrive)
    HAL_RCCEx_PeriphCLKConfig                0x08002b31   Thumb Code   560  stm32f4xx_hal_rcc_ex.o(i.HAL_RCCEx_PeriphCLKConfig)
    HAL_RCC_CSSCallback                      0x08002d85   Thumb Code     2  stm32f4xx_hal_rcc.o(i.HAL_RCC_CSSCallback)
    HAL_RCC_ClockConfig                      0x08002d89   Thumb Code   288  stm32f4xx_hal_rcc.o(i.HAL_RCC_ClockConfig)
    HAL_RCC_EnableCSS                        0x08002ebd   Thumb Code     8  stm32f4xx_hal_rcc.o(i.HAL_RCC_EnableCSS)
    HAL_RCC_GetPCLK1Freq                     0x08002ec9   Thumb Code    20  stm32f4xx_hal_rcc.o(i.HAL_RCC_GetPCLK1Freq)
    HAL_RCC_GetPCLK2Freq                     0x08002ee9   Thumb Code    20  stm32f4xx_hal_rcc.o(i.HAL_RCC_GetPCLK2Freq)
    HAL_RCC_GetSysClockFreq                  0x08002f09   Thumb Code    88  stm32f4xx_hal_rcc.o(i.HAL_RCC_GetSysClockFreq)
    HAL_RCC_NMI_IRQHandler                   0x08002f69   Thumb Code    24  stm32f4xx_hal_rcc.o(i.HAL_RCC_NMI_IRQHandler)
    HAL_RCC_OscConfig                        0x08002f85   Thumb Code   856  stm32f4xx_hal_rcc.o(i.HAL_RCC_OscConfig)
    HAL_RTCEx_BKUPRead                       0x080032f1   Thumb Code    10  stm32f4xx_hal_rtc_ex.o(i.HAL_RTCEx_BKUPRead)
    HAL_RTCEx_BKUPWrite                      0x080032fb   Thumb Code    10  stm32f4xx_hal_rtc_ex.o(i.HAL_RTCEx_BKUPWrite)
    HAL_RTC_GetDate                          0x08003305   Thumb Code    62  stm32f4xx_hal_rtc.o(i.HAL_RTC_GetDate)
    HAL_RTC_GetTime                          0x08003349   Thumb Code    78  stm32f4xx_hal_rtc.o(i.HAL_RTC_GetTime)
    HAL_RTC_Init                             0x0800339d   Thumb Code   150  stm32f4xx_hal_rtc.o(i.HAL_RTC_Init)
    HAL_RTC_MspInit                          0x08003439   Thumb Code    52  stm32f4xx_hal_msp.o(i.HAL_RTC_MspInit)
    HAL_RTC_SetDate                          0x08003475   Thumb Code   146  stm32f4xx_hal_rtc.o(i.HAL_RTC_SetDate)
    HAL_RTC_SetTime                          0x0800350d   Thumb Code   186  stm32f4xx_hal_rtc.o(i.HAL_RTC_SetTime)
    HAL_RTC_WaitForSynchro                   0x080035cd   Thumb Code    50  stm32f4xx_hal_rtc.o(i.HAL_RTC_WaitForSynchro)
    HAL_SDRAM_Init                           0x08003605   Thumb Code    66  stm32f4xx_hal_sdram.o(i.HAL_SDRAM_Init)
    HAL_SDRAM_MspInit                        0x08003647   Thumb Code     4  stm32f4xx_hal_msp.o(i.HAL_SDRAM_MspInit)
    HAL_SPI_Init                             0x0800364b   Thumb Code   188  stm32f4xx_hal_spi.o(i.HAL_SPI_Init)
    HAL_SPI_MspInit                          0x08003709   Thumb Code    92  stm32f4xx_hal_msp.o(i.HAL_SPI_MspInit)
    HAL_SPI_Receive                          0x08003771   Thumb Code   340  stm32f4xx_hal_spi.o(i.HAL_SPI_Receive)
    HAL_SPI_Transmit                         0x080038c5   Thumb Code   358  stm32f4xx_hal_spi.o(i.HAL_SPI_Transmit)
    HAL_SPI_TransmitReceive                  0x08003a2b   Thumb Code   496  stm32f4xx_hal_spi.o(i.HAL_SPI_TransmitReceive)
    HAL_SYSTICK_Config                       0x08003c1b   Thumb Code    40  stm32f4xx_hal_cortex.o(i.HAL_SYSTICK_Config)
    HAL_TIMEx_BreakCallback                  0x08003c43   Thumb Code     2  stm32f4xx_hal_tim_ex.o(i.HAL_TIMEx_BreakCallback)
    HAL_TIMEx_CommutCallback                 0x08003c45   Thumb Code     2  stm32f4xx_hal_tim_ex.o(i.HAL_TIMEx_CommutCallback)
    HAL_TIMEx_MasterConfigSynchronization    0x08003c49   Thumb Code   116  stm32f4xx_hal_tim_ex.o(i.HAL_TIMEx_MasterConfigSynchronization)
    HAL_TIM_Base_Init                        0x08003cd9   Thumb Code    90  stm32f4xx_hal_tim.o(i.HAL_TIM_Base_Init)
    HAL_TIM_Base_MspInit                     0x08003d35   Thumb Code    50  stm32f4xx_hal_msp.o(i.HAL_TIM_Base_MspInit)
    HAL_TIM_Base_Start_IT                    0x08003d71   Thumb Code   100  stm32f4xx_hal_tim.o(i.HAL_TIM_Base_Start_IT)
    HAL_TIM_IC_CaptureCallback               0x08003df1   Thumb Code     2  stm32f4xx_hal_tim.o(i.HAL_TIM_IC_CaptureCallback)
    HAL_TIM_IRQHandler                       0x08003df3   Thumb Code   304  stm32f4xx_hal_tim.o(i.HAL_TIM_IRQHandler)
    HAL_TIM_MspPostInit                      0x08003f25   Thumb Code    68  stm32f4xx_hal_msp.o(i.HAL_TIM_MspPostInit)
    HAL_TIM_OC_DelayElapsedCallback          0x08003f75   Thumb Code     2  stm32f4xx_hal_tim.o(i.HAL_TIM_OC_DelayElapsedCallback)
    HAL_TIM_PWM_ConfigChannel                0x08003f77   Thumb Code   204  stm32f4xx_hal_tim.o(i.HAL_TIM_PWM_ConfigChannel)
    HAL_TIM_PWM_Init                         0x08004043   Thumb Code    90  stm32f4xx_hal_tim.o(i.HAL_TIM_PWM_Init)
    HAL_TIM_PWM_MspInit                      0x0800409d   Thumb Code    30  stm32f4xx_hal_msp.o(i.HAL_TIM_PWM_MspInit)
    HAL_TIM_PWM_PulseFinishedCallback        0x080040c5   Thumb Code     2  stm32f4xx_hal_tim.o(i.HAL_TIM_PWM_PulseFinishedCallback)
    HAL_TIM_PWM_Start                        0x080040c9   Thumb Code   172  stm32f4xx_hal_tim.o(i.HAL_TIM_PWM_Start)
    HAL_TIM_PeriodElapsedCallback            0x08004191   Thumb Code    18  main.o(i.HAL_TIM_PeriodElapsedCallback)
    HAL_TIM_TriggerCallback                  0x080041ad   Thumb Code     2  stm32f4xx_hal_tim.o(i.HAL_TIM_TriggerCallback)
    HAL_UARTEx_ReceiveToIdle_IT              0x080041af   Thumb Code    78  stm32f4xx_hal_uart.o(i.HAL_UARTEx_ReceiveToIdle_IT)
    HAL_UARTEx_RxEventCallback               0x080041fd   Thumb Code     4  main.o(i.HAL_UARTEx_RxEventCallback)
    HAL_UART_ErrorCallback                   0x08004201   Thumb Code     2  stm32f4xx_hal_uart.o(i.HAL_UART_ErrorCallback)
    HAL_UART_IRQHandler                      0x08004205   Thumb Code   636  stm32f4xx_hal_uart.o(i.HAL_UART_IRQHandler)
    HAL_UART_Init                            0x08004485   Thumb Code   100  stm32f4xx_hal_uart.o(i.HAL_UART_Init)
    HAL_UART_MspInit                         0x080044e9   Thumb Code   222  stm32f4xx_hal_msp.o(i.HAL_UART_MspInit)
    HAL_UART_Receive                         0x080045e5   Thumb Code   176  stm32f4xx_hal_uart.o(i.HAL_UART_Receive)
    HAL_UART_RxCpltCallback                  0x08004695   Thumb Code     2  stm32f4xx_hal_uart.o(i.HAL_UART_RxCpltCallback)
    HAL_UART_Transmit                        0x08004697   Thumb Code   160  stm32f4xx_hal_uart.o(i.HAL_UART_Transmit)
    HAL_UART_TxCpltCallback                  0x08004737   Thumb Code     2  stm32f4xx_hal_uart.o(i.HAL_UART_TxCpltCallback)
    HardFault_Handler                        0x08005001   Thumb Code     2  stm32f4xx_it.o(i.HardFault_Handler)
    ISD1730_Init                             0x08005441   Thumb Code    68  isd1730.o(i.ISD1730_Init)
    ISD1730_PlayMessage                      0x0800548d   Thumb Code    26  isd1730.o(i.ISD1730_PlayMessage)
    ISD1730_PowerUp                          0x080054ad   Thumb Code    20  isd1730.o(i.ISD1730_PowerUp)
    Log_Append                               0x080056d1   Thumb Code    94  log.o(i.Log_Append)
    Log_GetPageCount                         0x08005735   Thumb Code    40  log.o(i.Log_GetPageCount)
    Log_GetVisibleCount                      0x0800575d   Thumb Code    26  log.o(i.Log_GetVisibleCount)
    Log_Init                                 0x0800577d   Thumb Code    18  log.o(i.Log_Init)
    Log_ReadPage                             0x080057f9   Thumb Code   230  log.o(i.Log_ReadPage)
    MemManage_Handler                        0x08005da9   Thumb Code     2  stm32f4xx_it.o(i.MemManage_Handler)
    NMI_Handler                              0x08005dab   Thumb Code     6  stm32f4xx_it.o(i.NMI_Handler)
    PendSV_Handler                           0x08005db1   Thumb Code     2  stm32f4xx_it.o(i.PendSV_Handler)
    RTC_Bcd2ToByte                           0x08006411   Thumb Code    18  stm32f4xx_hal_rtc.o(i.RTC_Bcd2ToByte)
    RTC_ByteToBcd2                           0x08006423   Thumb Code    22  stm32f4xx_hal_rtc.o(i.RTC_ByteToBcd2)
    RTC_EnterInitMode                        0x080064c5   Thumb Code    72  stm32f4xx_hal_rtc.o(i.RTC_EnterInitMode)
    RTC_ExitInitMode                         0x0800650d   Thumb Code    42  stm32f4xx_hal_rtc.o(i.RTC_ExitInitMode)
    RTC_GetDateTime                          0x08006539   Thumb Code   100  rtc.o(i.RTC_GetDateTime)
    RTC_GetUnixTime                          0x080065a1   Thumb Code    88  rtc.o(i.RTC_GetUnixTime)
    RTC_GregorianToShamsi                    0x080065fd   Thumb Code   198  rtc.o(i.RTC_GregorianToShamsi)
    RTC_Init                                 0x080066cd   Thumb Code    48  rtc.o(i.RTC_Init)
    RTC_SetDateTime                          0x08006705   Thumb Code   122  rtc.o(i.RTC_SetDateTime)
    SPI_Bus_Configure                        0x08006785   Thumb Code     4  spi_bus.o(i.SPI_Bus_Configure)
    SPI_Bus_Init                             0x08006789   Thumb Code   112  spi_bus.o(i.SPI_Bus_Init)
    SPI_Bus_Receive                          0x08006805   Thumb Code    22  spi_bus.o(i.SPI_Bus_Receive)
    SPI_Bus_SetPrescaler                     0x08006865   Thumb Code    10  spi_bus.o(i.SPI_Bus_SetPrescaler)
    SPI_Bus_Transmit                         0x08006871   Thumb Code    22  spi_bus.o(i.SPI_Bus_Transmit)
    SPI_Bus_TransmitReceive                  0x0800688d   Thumb Code    24  spi_bus.o(i.SPI_Bus_TransmitReceive)
    SVC_Handler                              0x08006a2d   Thumb Code     2  stm32f4xx_it.o(i.SVC_Handler)
    Storage_GetLogPointers                   0x08006add   Thumb Code    54  storage.o(i.Storage_GetLogPointers)
    Storage_Init                             0x08006b13   Thumb Code    48  storage.o(i.Storage_Init)
    Storage_LoadAdmin                        0x08006b43   Thumb Code    88  storage.o(i.Storage_LoadAdmin)
    Storage_LoadAllAdmins                    0x08006b9b   Thumb Code    42  storage.o(i.Storage_LoadAllAdmins)
    Storage_LoadAllLockers                   0x08006bc5   Thumb Code    40  storage.o(i.Storage_LoadAllLockers)
    Storage_LoadLocker                       0x08006bed   Thumb Code   168  storage.o(i.Storage_LoadLocker)
    Storage_SaveAdmin                        0x08006c95   Thumb Code    90  storage.o(i.Storage_SaveAdmin)
    Storage_SaveLocker                       0x08006cef   Thumb Code   156  storage.o(i.Storage_SaveLocker)
    Storage_SetLogPointers                   0x08006d8b   Thumb Code    70  storage.o(i.Storage_SetLogPointers)
    SysTick_Handler                          0x08006dd1   Thumb Code     4  stm32f4xx_it.o(i.SysTick_Handler)
    SystemClock_Config                       0x08006dd5   Thumb Code   156  main.o(i.SystemClock_Config)
    SystemInit                               0x08006e79   Thumb Code    12  system_stm32f4xx.o(i.SystemInit)
    TIM8_TRG_COM_TIM14_IRQHandler            0x08006e89   Thumb Code     6  stm32f4xx_it.o(i.TIM8_TRG_COM_TIM14_IRQHandler)
    TIM_Base_SetConfig                       0x08006e95   Thumb Code   164  stm32f4xx_hal_tim.o(i.TIM_Base_SetConfig)
    TIM_CCxChannelCmd                        0x08006f65   Thumb Code    26  stm32f4xx_hal_tim.o(i.TIM_CCxChannelCmd)
    TIM_OC2_SetConfig                        0x08006fe1   Thumb Code    98  stm32f4xx_hal_tim.o(i.TIM_OC2_SetConfig)
    UART7_IRQHandler                         0x08007105   Thumb Code     6  stm32f4xx_it.o(i.UART7_IRQHandler)
    UART_Start_Receive_IT                    0x0800733d   Thumb Code    54  stm32f4xx_hal_uart.o(i.UART_Start_Receive_IT)
    UI_GetNextEvent                          0x080073e5   Thumb Code    50  ui_interface.o(i.UI_GetNextEvent)
    UI_Init                                  0x08007421   Thumb Code    38  ui_interface.o(i.UI_Init)
    UI_ProcessIncomingLine                   0x0800747d   Thumb Code   208  ui_interface.o(i.UI_ProcessIncomingLine)
    UI_SetLockerState                        0x080075f5   Thumb Code    88  ui_interface.o(i.UI_SetLockerState)
    UI_SetScreenState                        0x080076ad   Thumb Code    46  ui_interface.o(i.UI_SetScreenState)
    UI_ShowClock                             0x080076f1   Thumb Code    90  ui_interface.o(i.UI_ShowClock)
    UI_ShowEntry                             0x0800776d   Thumb Code    26  ui_interface.o(i.UI_ShowEntry)
    UI_ShowMessage                           0x0800778d   Thumb Code    48  ui_interface.o(i.UI_ShowMessage)
    UI_Tick                                  0x080077cd   Thumb Code     2  ui_interface.o(i.UI_Tick)
    UsageFault_Handler                       0x080077cf   Thumb Code     2  stm32f4xx_it.o(i.UsageFault_Handler)
    W25Q32_EraseSector                       0x080077d1   Thumb Code    78  w25q32.o(i.W25Q32_EraseSector)
    W25Q32_Init                              0x08007821   Thumb Code    92  w25q32.o(i.W25Q32_Init)
    W25Q32_PageProgram                       0x08007889   Thumb Code   102  w25q32.o(i.W25Q32_PageProgram)
    W25Q32_Read                              0x080078ef   Thumb Code    94  w25q32.o(i.W25Q32_Read)
    W25Q32_ReadID                            0x0800794d   Thumb Code    78  w25q32.o(i.W25Q32_ReadID)
    W25Q32_Write                             0x080079a1   Thumb Code    70  w25q32.o(i.W25Q32_Write)
    ZFM40_GenChar                            0x08007a8d   Thumb Code    90  zfm40.o(i.ZFM40_GenChar)
    ZFM40_GetTemplateCount                   0x08007ae7   Thumb Code   102  zfm40.o(i.ZFM40_GetTemplateCount)
    ZFM40_Init                               0x08007b4d   Thumb Code   120  zfm40.o(i.ZFM40_Init)
    ZFM40_LoadChar                           0x08007bd5   Thumb Code   100  zfm40.o(i.ZFM40_LoadChar)
    ZFM40_Match                              0x08007c39   Thumb Code   102  zfm40.o(i.ZFM40_Match)
    ZFM40_PollImage                          0x08007c9f   Thumb Code    92  zfm40.o(i.ZFM40_PollImage)
    ZFM40_RegModel                           0x08007cfb   Thumb Code     8  zfm40.o(i.ZFM40_RegModel)
    ZFM40_StoreChar                          0x08007d03   Thumb Code   100  zfm40.o(i.ZFM40_StoreChar)
    ZFM40_VerifyPassword                     0x08007d67   Thumb Code   108  zfm40.o(i.ZFM40_VerifyPassword)
    _is_digit                                0x08007f91   Thumb Code    14  __printf_wp.o(i._is_digit)
    main                                     0x08007fa1   Thumb Code   362  main.o(i.main)
    _get_lc_ctype                            0x08008219   Thumb Code    44  lc_ctype_c.o(locale$$code)
    _fp_init                                 0x08008245   Thumb Code    10  fpinit.o(x$fpl$fpinit)
    __fplib_config_fpu_vfp                   0x0800824d   Thumb Code     0  fpinit.o(x$fpl$fpinit)
    __fplib_config_pureend_doubles           0x0800824d   Thumb Code     0  fpinit.o(x$fpl$fpinit)
    AHBPrescTable                            0x08008256   Data          16  system_stm32f4xx.o(.constdata)
    APBPrescTable                            0x08008266   Data           8  system_stm32f4xx.o(.constdata)
    Region$$Table$$Base                      0x08008408   Number         0  anon$$obj.o(Region$$Table)
    Region$$Table$$Limit                     0x08008428   Number         0  anon$$obj.o(Region$$Table)
    __ctype                                  0x08008435   Data           0  lc_ctype_c.o(locale$$data)
    uwTickFreq                               0x20000008   Data           1  stm32f4xx_hal.o(.data)
    uwTickPrio                               0x2000000c   Data           4  stm32f4xx_hal.o(.data)
    uwTick                                   0x20000010   Data           4  stm32f4xx_hal.o(.data)
    SystemCoreClock                          0x20000014   Data           4  system_stm32f4xx.o(.data)
    Temp_EE                                  0x20000024   Data           4  at24cxx.o(.data)
    hi2c3                                    0x20000078   Data          84  main.o(.bss)
    hltdc                                    0x200000cc   Data         168  main.o(.bss)
    hrtc                                     0x20000174   Data          32  main.o(.bss)
    hspi1                                    0x20000194   Data          88  main.o(.bss)
    htim4                                    0x200001ec   Data          72  main.o(.bss)
    htim14                                   0x20000234   Data          72  main.o(.bss)
    huart7                                   0x2000027c   Data          72  main.o(.bss)
    huart1                                   0x200002c4   Data          72  main.o(.bss)
    hsdram1                                  0x2000030c   Data          52  main.o(.bss)
    hdma_uart7_rx                            0x20000340   Data          96  main.o(.bss)
    __libspace_start                         0x20000834   Data          96  libspace.o(.bss)
    __temporary_stack_top$libspace           0x20000894   Data           0  libspace.o(.bss)



==============================================================================

Memory Map of the image

  Image Entry point : 0x080001ad

  Load Region LR_IROM1 (Base: 0x08000000, Size: 0x000085b0, Max: 0x00100000, ABSOLUTE)

    Execution Region ER_IROM1 (Exec base: 0x08000000, Load base: 0x08000000, Size: 0x00008538, Max: 0x00100000, ABSOLUTE)

    Exec Addr    Load Addr    Size         Type   Attr      Idx    E Section Name        Object

    0x08000000   0x08000000   0x000001ac   Data   RO            3    RESET               startup_stm32f429xx.o
    0x080001ac   0x080001ac   0x00000008   Code   RO         6421  * !!!main             c_w.l(__main.o)
    0x080001b4   0x080001b4   0x00000034   Code   RO         6622    !!!scatter          c_w.l(__scatter.o)
    0x080001e8   0x080001e8   0x0000001a   Code   RO         6624    !!handler_copy      c_w.l(__scatter_copy.o)
    0x08000202   0x08000202   0x00000002   PAD
    0x08000204   0x08000204   0x0000001c   Code   RO         6626    !!handler_zi        c_w.l(__scatter_zi.o)
    0x08000220   0x08000220   0x00000000   Code   RO         6400    .ARM.Collect$$_printf_percent$$00000000  c_w.l(_printf_percent.o)
    0x08000220   0x08000220   0x00000006   Code   RO         6398    .ARM.Collect$$_printf_percent$$00000009  c_w.l(_printf_d.o)
    0x08000226   0x08000226   0x00000006   Code   RO         6399    .ARM.Collect$$_printf_percent$$0000000A  c_w.l(_printf_u.o)
    0x0800022c   0x0800022c   0x00000006   Code   RO         6397    .ARM.Collect$$_printf_percent$$00000014  c_w.l(_printf_s.o)
    0x08000232   0x08000232   0x00000004   Code   RO         6443    .ARM.Collect$$_printf_percent$$00000017  c_w.l(_printf_percent_end.o)
    0x08000236   0x08000236   0x00000002   Code   RO         6495    .ARM.Collect$$libinit$$00000000  c_w.l(libinit.o)
    0x08000238   0x08000238   0x00000004   Code   RO         6504    .ARM.Collect$$libinit$$00000001  c_w.l(libinit2.o)
    0x0800023c   0x0800023c   0x00000000   Code   RO         6507    .ARM.Collect$$libinit$$00000004  c_w.l(libinit2.o)
    0x0800023c   0x0800023c   0x00000000   Code   RO         6510    .ARM.Collect$$libinit$$0000000A  c_w.l(libinit2.o)
    0x0800023c   0x0800023c   0x00000000   Code   RO         6512    .ARM.Collect$$libinit$$0000000C  c_w.l(libinit2.o)
    0x0800023c   0x0800023c   0x00000000   Code   RO         6514    .ARM.Collect$$libinit$$0000000E  c_w.l(libinit2.o)
    0x0800023c   0x0800023c   0x00000006   Code   RO         6515    .ARM.Collect$$libinit$$0000000F  c_w.l(libinit2.o)
    0x08000242   0x08000242   0x00000000   Code   RO         6517    .ARM.Collect$$libinit$$00000011  c_w.l(libinit2.o)
    0x08000242   0x08000242   0x0000000c   Code   RO         6518    .ARM.Collect$$libinit$$00000012  c_w.l(libinit2.o)
    0x0800024e   0x0800024e   0x00000000   Code   RO         6519    .ARM.Collect$$libinit$$00000013  c_w.l(libinit2.o)
    0x0800024e   0x0800024e   0x00000000   Code   RO         6521    .ARM.Collect$$libinit$$00000015  c_w.l(libinit2.o)
    0x0800024e   0x0800024e   0x00000000   Code   RO         6523    .ARM.Collect$$libinit$$00000017  c_w.l(libinit2.o)
    0x0800024e   0x0800024e   0x00000000   Code   RO         6525    .ARM.Collect$$libinit$$00000019  c_w.l(libinit2.o)
    0x0800024e   0x0800024e   0x00000000   Code   RO         6527    .ARM.Collect$$libinit$$0000001B  c_w.l(libinit2.o)
    0x0800024e   0x0800024e   0x00000000   Code   RO         6529    .ARM.Collect$$libinit$$0000001D  c_w.l(libinit2.o)
    0x0800024e   0x0800024e   0x00000000   Code   RO         6531    .ARM.Collect$$libinit$$0000001F  c_w.l(libinit2.o)
    0x0800024e   0x0800024e   0x00000000   Code   RO         6533    .ARM.Collect$$libinit$$00000021  c_w.l(libinit2.o)
    0x0800024e   0x0800024e   0x00000000   Code   RO         6535    .ARM.Collect$$libinit$$00000023  c_w.l(libinit2.o)
    0x0800024e   0x0800024e   0x00000000   Code   RO         6537    .ARM.Collect$$libinit$$00000025  c_w.l(libinit2.o)
    0x0800024e   0x0800024e   0x00000000   Code   RO         6541    .ARM.Collect$$libinit$$0000002C  c_w.l(libinit2.o)
    0x0800024e   0x0800024e   0x00000000   Code   RO         6543    .ARM.Collect$$libinit$$0000002E  c_w.l(libinit2.o)
    0x0800024e   0x0800024e   0x00000000   Code   RO         6545    .ARM.Collect$$libinit$$00000030  c_w.l(libinit2.o)
    0x0800024e   0x0800024e   0x00000000   Code   RO         6547    .ARM.Collect$$libinit$$00000032  c_w.l(libinit2.o)
    0x0800024e   0x0800024e   0x00000002   Code   RO         6548    .ARM.Collect$$libinit$$00000033  c_w.l(libinit2.o)
    0x08000250   0x08000250   0x00000002   Code   RO         6579    .ARM.Collect$$libshutdown$$00000000  c_w.l(libshutdown.o)
    0x08000252   0x08000252   0x00000000   Code   RO         6605    .ARM.Collect$$libshutdown$$00000002  c_w.l(libshutdown2.o)
    0x08000252   0x08000252   0x00000000   Code   RO         6607    .ARM.Collect$$libshutdown$$00000004  c_w.l(libshutdown2.o)
    0x08000252   0x08000252   0x00000000   Code   RO         6610    .ARM.Collect$$libshutdown$$00000007  c_w.l(libshutdown2.o)
    0x08000252   0x08000252   0x00000000   Code   RO         6613    .ARM.Collect$$libshutdown$$0000000A  c_w.l(libshutdown2.o)
    0x08000252   0x08000252   0x00000000   Code   RO         6615    .ARM.Collect$$libshutdown$$0000000C  c_w.l(libshutdown2.o)
    0x08000252   0x08000252   0x00000000   Code   RO         6618    .ARM.Collect$$libshutdown$$0000000F  c_w.l(libshutdown2.o)
    0x08000252   0x08000252   0x00000002   Code   RO         6619    .ARM.Collect$$libshutdown$$00000010  c_w.l(libshutdown2.o)
    0x08000254   0x08000254   0x00000000   Code   RO         6423    .ARM.Collect$$rtentry$$00000000  c_w.l(__rtentry.o)
    0x08000254   0x08000254   0x00000000   Code   RO         6450    .ARM.Collect$$rtentry$$00000002  c_w.l(__rtentry2.o)
    0x08000254   0x08000254   0x00000006   Code   RO         6462    .ARM.Collect$$rtentry$$00000004  c_w.l(__rtentry4.o)
    0x0800025a   0x0800025a   0x00000000   Code   RO         6452    .ARM.Collect$$rtentry$$00000009  c_w.l(__rtentry2.o)
    0x0800025a   0x0800025a   0x00000004   Code   RO         6453    .ARM.Collect$$rtentry$$0000000A  c_w.l(__rtentry2.o)
    0x0800025e   0x0800025e   0x00000000   Code   RO         6455    .ARM.Collect$$rtentry$$0000000C  c_w.l(__rtentry2.o)
    0x0800025e   0x0800025e   0x00000008   Code   RO         6456    .ARM.Collect$$rtentry$$0000000D  c_w.l(__rtentry2.o)
    0x08000266   0x08000266   0x00000002   Code   RO         6496    .ARM.Collect$$rtexit$$00000000  c_w.l(rtexit.o)
    0x08000268   0x08000268   0x00000000   Code   RO         6552    .ARM.Collect$$rtexit$$00000002  c_w.l(rtexit2.o)
    0x08000268   0x08000268   0x00000004   Code   RO         6553    .ARM.Collect$$rtexit$$00000003  c_w.l(rtexit2.o)
    0x0800026c   0x0800026c   0x00000006   Code   RO         6554    .ARM.Collect$$rtexit$$00000004  c_w.l(rtexit2.o)
    0x08000272   0x08000272   0x00000002   PAD
    0x08000274   0x08000274   0x00000040   Code   RO            4    .text               startup_stm32f429xx.o
    0x080002b4   0x080002b4   0x000000ee   Code   RO         6361    .text               c_w.l(lludivv7m.o)
    0x080003a2   0x080003a2   0x00000048   Code   RO         6363    .text               c_w.l(llsdiv.o)
    0x080003ea   0x080003ea   0x00000002   PAD
    0x080003ec   0x080003ec   0x00000038   Code   RO         6365    .text               c_w.l(__2snprintf.o)
    0x08000424   0x08000424   0x0000004e   Code   RO         6371    .text               c_w.l(_printf_pad.o)
    0x08000472   0x08000472   0x00000052   Code   RO         6373    .text               c_w.l(_printf_str.o)
    0x080004c4   0x080004c4   0x00000078   Code   RO         6375    .text               c_w.l(_printf_dec.o)
    0x0800053c   0x0800053c   0x00000188   Code   RO         6394    .text               c_w.l(__printf_flags_ss_wp.o)
    0x080006c4   0x080006c4   0x0000001a   Code   RO         6401    .text               c_w.l(atoi.o)
    0x080006de   0x080006de   0x00000096   Code   RO         6403    .text               c_w.l(strncmp.o)
    0x08000774   0x08000774   0x0000008a   Code   RO         6405    .text               c_w.l(rt_memcpy_v6.o)
    0x080007fe   0x080007fe   0x00000064   Code   RO         6407    .text               c_w.l(rt_memcpy_w.o)
    0x08000862   0x08000862   0x00000010   Code   RO         6409    .text               c_w.l(aeabi_memset.o)
    0x08000872   0x08000872   0x00000044   Code   RO         6411    .text               c_w.l(rt_memclr.o)
    0x080008b6   0x080008b6   0x0000004e   Code   RO         6413    .text               c_w.l(rt_memclr_w.o)
    0x08000904   0x08000904   0x00000056   Code   RO         6415    .text               c_w.l(strncpy.o)
    0x0800095a   0x0800095a   0x00000002   PAD
    0x0800095c   0x0800095c   0x00000080   Code   RO         6417    .text               c_w.l(strcmpv7m.o)
    0x080009dc   0x080009dc   0x00000006   Code   RO         6419    .text               c_w.l(heapauxi.o)
    0x080009e2   0x080009e2   0x00000002   PAD
    0x080009e4   0x080009e4   0x00000008   Code   RO         6431    .text               c_w.l(rt_errno_addr_intlibspace.o)
    0x080009ec   0x080009ec   0x000000b2   Code   RO         6433    .text               c_w.l(_printf_intcommon.o)
    0x08000a9e   0x08000a9e   0x00000002   PAD
    0x08000aa0   0x08000aa0   0x00000030   Code   RO         6435    .text               c_w.l(_printf_char_common.o)
    0x08000ad0   0x08000ad0   0x0000000a   Code   RO         6437    .text               c_w.l(_sputc.o)
    0x08000ada   0x08000ada   0x00000010   Code   RO         6439    .text               c_w.l(_snputc.o)
    0x08000aea   0x08000aea   0x0000002c   Code   RO         6441    .text               c_w.l(_printf_char.o)
    0x08000b16   0x08000b16   0x00000070   Code   RO         6444    .text               c_w.l(strtol.o)
    0x08000b86   0x08000b86   0x00000002   PAD
    0x08000b88   0x08000b88   0x00000008   Code   RO         6446    .text               c_w.l(libspace.o)
    0x08000b90   0x08000b90   0x00000010   Code   RO         6464    .text               c_w.l(rt_ctype_table.o)
    0x08000ba0   0x08000ba0   0x0000009e   Code   RO         6470    .text               c_w.l(_strtoul.o)
    0x08000c3e   0x08000c3e   0x0000004a   Code   RO         6472    .text               c_w.l(sys_stackheap_outer.o)
    0x08000c88   0x08000c88   0x00000008   Code   RO         6477    .text               c_w.l(rt_locale_intlibspace.o)
    0x08000c90   0x08000c90   0x0000001c   Code   RO         6479    .text               c_w.l(_chval.o)
    0x08000cac   0x08000cac   0x00000012   Code   RO         6484    .text               c_w.l(exit.o)
    0x08000cbe   0x08000cbe   0x00000002   PAD
    0x08000cc0   0x08000cc0   0x0000000c   Code   RO         6549    .text               c_w.l(sys_exit.o)
    0x08000ccc   0x08000ccc   0x00000002   Code   RO         6568    .text               c_w.l(use_no_semi.o)
    0x08000cce   0x08000cce   0x00000000   Code   RO         6570    .text               c_w.l(indicate_semi.o)
    0x08000cce   0x08000cce   0x00000006   Code   RO         5562    i.AT24Cxx_ReadEEPROM  at24cxx.o
    0x08000cd4   0x08000cd4   0x00000006   Code   RO         5563    i.AT24Cxx_WriteEEPROM  at24cxx.o
    0x08000cda   0x08000cda   0x00000002   PAD
    0x08000cdc   0x08000cdc   0x0000009c   Code   RO         5564    i.AT24Cxx_WriteReadEEPROM  at24cxx.o
    0x08000d78   0x08000d78   0x00000044   Code   RO         5739    i.BCD_PackDigits    bcd.o
    0x08000dbc   0x08000dbc   0x00000030   Code   RO         5740    i.BCD_UnpackDigits  bcd.o
    0x08000dec   0x08000dec   0x000000a8   Code   RO         5043    i.Backlight_Init    backlight.o
    0x08000e94   0x08000e94   0x00000020   Code   RO         5044    i.Backlight_SetBrightness  backlight.o
    0x08000eb4   0x08000eb4   0x00000002   Code   RO          291    i.BusFault_Handler  stm32f4xx_it.o
    0x08000eb6   0x08000eb6   0x00000002   PAD
    0x08000eb8   0x08000eb8   0x0000006c   Code   RO         5991    i.ChannelHW_EnableAllPortClocks  channel_hw.o
    0x08000f24   0x08000f24   0x000000a4   Code   RO         5992    i.ChannelHW_Init    channel_hw.o
    0x08000fc8   0x08000fc8   0x00000024   Code   RO         5993    i.ChannelHW_IsDoorClosed  channel_hw.o
    0x08000fec   0x08000fec   0x00000024   Code   RO         5994    i.ChannelHW_SetLED  channel_hw.o
    0x08001010   0x08001010   0x00000024   Code   RO         5995    i.ChannelHW_SetLock  channel_hw.o
    0x08001034   0x08001034   0x00000044   Code   RO         5825    i.ChannelManager_AdminOpenLocker  channel_manager.o
    0x08001078   0x08001078   0x0000001c   Code   RO         5826    i.ChannelManager_ClearFailedAttempts  channel_manager.o
    0x08001094   0x08001094   0x00000028   Code   RO         5827    i.ChannelManager_CountEmptyLockers  channel_manager.o
    0x080010bc   0x080010bc   0x00000048   Code   RO         5828    i.ChannelManager_FindLockerByPhone  channel_manager.o
    0x08001104   0x08001104   0x00000028   Code   RO         5829    i.ChannelManager_GetLockerState  channel_manager.o
    0x0800112c   0x0800112c   0x0000005c   Code   RO         5830    i.ChannelManager_Init  channel_manager.o
    0x08001188   0x08001188   0x00000058   Code   RO         5831    i.ChannelManager_IsLockerLockedOut  channel_manager.o
    0x080011e0   0x080011e0   0x0000009c   Code   RO         5832    i.ChannelManager_Poll  channel_manager.o
    0x0800127c   0x0800127c   0x0000006c   Code   RO         5833    i.ChannelManager_RegisterFailedFingerprintAttempt  channel_manager.o
    0x080012e8   0x080012e8   0x00000084   Code   RO         5834    i.ChannelManager_StartDeposit  channel_manager.o
    0x0800136c   0x0800136c   0x00000048   Code   RO         5835    i.ChannelManager_StartRetrieve  channel_manager.o
    0x080013b4   0x080013b4   0x0000000c   Code   RO          292    i.DMA1_Stream3_IRQHandler  stm32f4xx_it.o
    0x080013c0   0x080013c0   0x00000028   Code   RO         1210    i.DMA_CalcBaseAndBitshift  stm32f4xx_hal_dma.o
    0x080013e8   0x080013e8   0x00000054   Code   RO         1211    i.DMA_CheckFifoParam  stm32f4xx_hal_dma.o
    0x0800143c   0x0800143c   0x00000074   Code   RO         6112    i.DebugLink_HandleReceivedLine  debug_link.o
    0x080014b0   0x080014b0   0x00000064   Code   RO         6113    i.DebugLink_Init    debug_link.o
    0x08001514   0x08001514   0x00000084   Code   RO         6114    i.DebugLink_PeriodicLockerCycle  debug_link.o
    0x08001598   0x08001598   0x000000b8   Code   RO         6115    i.DebugLink_PeriodicTx  debug_link.o
    0x08001650   0x08001650   0x0000001c   Code   RO         6116    i.DebugLink_Process  debug_link.o
    0x0800166c   0x0800166c   0x0000000c   Code   RO         6117    i.DebugLink_RegisterCallback  debug_link.o
    0x08001678   0x08001678   0x0000003c   Code   RO         6118    i.DebugLink_RxEventCallback  debug_link.o
    0x080016b4   0x080016b4   0x00000040   Code   RO         6119    i.DebugLink_SendLine  debug_link.o
    0x080016f4   0x080016f4   0x00000014   Code   RO         6120    i.DebugLink_StartReceive  debug_link.o
    0x08001708   0x08001708   0x00000002   Code   RO          293    i.DebugMon_Handler  stm32f4xx_it.o
    0x0800170a   0x0800170a   0x00000002   PAD
    0x0800170c   0x0800170c   0x00000030   Code   RO         6269    i.DigitBufAppend    flow_manager.o
    0x0800173c   0x0800173c   0x0000002c   Code   RO         6270    i.DigitBufBackspace  flow_manager.o
    0x08001768   0x08001768   0x00000018   Code   RO         6271    i.DigitBufReset     flow_manager.o
    0x08001780   0x08001780   0x00000010   Code   RO         6272    i.DigitFromEvent    flow_manager.o
    0x08001790   0x08001790   0x00000050   Code   RO         5836    i.EnterDoorLeftOpenFault  channel_manager.o
    0x080017e0   0x080017e0   0x00000004   Code   RO           13    i.Error_Handler     main.o
    0x080017e4   0x080017e4   0x00000066   Code   RO          539    i.FMC_SDRAM_Init    stm32f4xx_ll_fmc.o
    0x0800184a   0x0800184a   0x00000002   PAD
    0x0800184c   0x0800184c   0x000000a4   Code   RO          543    i.FMC_SDRAM_Timing_Init  stm32f4xx_ll_fmc.o
    0x080018f0   0x080018f0   0x00000088   Code   RO         5837    i.FinalizeSuccess   channel_manager.o
    0x08001978   0x08001978   0x0000001c   Code   RO         6273    i.FlowManager_Init  flow_manager.o
    0x08001994   0x08001994   0x0000007c   Code   RO         6274    i.FlowManager_Process  flow_manager.o
    0x08001a10   0x08001a10   0x00000030   Code   RO         6275    i.GoAdminMenu       flow_manager.o
    0x08001a40   0x08001a40   0x00000064   Code   RO         6276    i.GoIdle            flow_manager.o
    0x08001aa4   0x08001aa4   0x00000092   Code   RO         1213    i.HAL_DMA_Abort     stm32f4xx_hal_dma.o
    0x08001b36   0x08001b36   0x00000024   Code   RO         1214    i.HAL_DMA_Abort_IT  stm32f4xx_hal_dma.o
    0x08001b5a   0x08001b5a   0x00000002   PAD
    0x08001b5c   0x08001b5c   0x000001a0   Code   RO         1218    i.HAL_DMA_IRQHandler  stm32f4xx_hal_dma.o
    0x08001cfc   0x08001cfc   0x000000d4   Code   RO         1219    i.HAL_DMA_Init      stm32f4xx_hal_dma.o
    0x08001dd0   0x08001dd0   0x00000024   Code   RO         1668    i.HAL_Delay         stm32f4xx_hal.o
    0x08001df4   0x08001df4   0x000000c0   Code   RO          385    i.HAL_FMC_MspInit   stm32f4xx_hal_msp.o
    0x08001eb4   0x08001eb4   0x00000234   Code   RO         1106    i.HAL_GPIO_Init     stm32f4xx_hal_gpio.o
    0x080020e8   0x080020e8   0x0000000a   Code   RO         1108    i.HAL_GPIO_ReadPin  stm32f4xx_hal_gpio.o
    0x080020f2   0x080020f2   0x00000010   Code   RO         1109    i.HAL_GPIO_TogglePin  stm32f4xx_hal_gpio.o
    0x08002102   0x08002102   0x0000000a   Code   RO         1110    i.HAL_GPIO_WritePin  stm32f4xx_hal_gpio.o
    0x0800210c   0x0800210c   0x0000000c   Code   RO         1676    i.HAL_GetTick       stm32f4xx_hal.o
    0x08002118   0x08002118   0x00000042   Code   RO         2539    i.HAL_I2CEx_ConfigAnalogFilter  stm32f4xx_hal_i2c_ex.o
    0x0800215a   0x0800215a   0x0000003e   Code   RO         2540    i.HAL_I2CEx_ConfigDigitalFilter  stm32f4xx_hal_i2c_ex.o
    0x08002198   0x08002198   0x00000188   Code   RO         2113    i.HAL_I2C_Init      stm32f4xx_hal_i2c.o
    0x08002320   0x08002320   0x00000204   Code   RO         2131    i.HAL_I2C_Mem_Read  stm32f4xx_hal_i2c.o
    0x08002524   0x08002524   0x00000130   Code   RO         2134    i.HAL_I2C_Mem_Write  stm32f4xx_hal_i2c.o
    0x08002654   0x08002654   0x00000094   Code   RO          387    i.HAL_I2C_MspInit   stm32f4xx_hal_msp.o
    0x080026e8   0x080026e8   0x00000010   Code   RO         1682    i.HAL_IncTick       stm32f4xx_hal.o
    0x080026f8   0x080026f8   0x00000034   Code   RO         1683    i.HAL_Init          stm32f4xx_hal.o
    0x0800272c   0x0800272c   0x00000040   Code   RO         1684    i.HAL_InitTick      stm32f4xx_hal.o
    0x0800276c   0x0800276c   0x00000052   Code   RO         2572    i.HAL_LTDC_ConfigLayer  stm32f4xx_hal_ltdc.o
    0x080027be   0x080027be   0x000000bc   Code   RO         2589    i.HAL_LTDC_Init     stm32f4xx_hal_ltdc.o
    0x0800287a   0x0800287a   0x00000002   PAD
    0x0800287c   0x0800287c   0x00000194   Code   RO          389    i.HAL_LTDC_MspInit  stm32f4xx_hal_msp.o
    0x08002a10   0x08002a10   0x00000030   Code   RO          390    i.HAL_MspInit       stm32f4xx_hal_msp.o
    0x08002a40   0x08002a40   0x0000001a   Code   RO         1516    i.HAL_NVIC_EnableIRQ  stm32f4xx_hal_cortex.o
    0x08002a5a   0x08002a5a   0x00000002   PAD
    0x08002a5c   0x08002a5c   0x00000040   Code   RO         1522    i.HAL_NVIC_SetPriority  stm32f4xx_hal_cortex.o
    0x08002a9c   0x08002a9c   0x00000024   Code   RO         1523    i.HAL_NVIC_SetPriorityGrouping  stm32f4xx_hal_cortex.o
    0x08002ac0   0x08002ac0   0x00000070   Code   RO         1442    i.HAL_PWREx_EnableOverDrive  stm32f4xx_hal_pwr_ex.o
    0x08002b30   0x08002b30   0x00000254   Code   RO          807    i.HAL_RCCEx_PeriphCLKConfig  stm32f4xx_hal_rcc_ex.o
    0x08002d84   0x08002d84   0x00000002   Code   RO          699    i.HAL_RCC_CSSCallback  stm32f4xx_hal_rcc.o
    0x08002d86   0x08002d86   0x00000002   PAD
    0x08002d88   0x08002d88   0x00000134   Code   RO          700    i.HAL_RCC_ClockConfig  stm32f4xx_hal_rcc.o
    0x08002ebc   0x08002ebc   0x0000000c   Code   RO          703    i.HAL_RCC_EnableCSS  stm32f4xx_hal_rcc.o
    0x08002ec8   0x08002ec8   0x00000020   Code   RO          707    i.HAL_RCC_GetPCLK1Freq  stm32f4xx_hal_rcc.o
    0x08002ee8   0x08002ee8   0x00000020   Code   RO          708    i.HAL_RCC_GetPCLK2Freq  stm32f4xx_hal_rcc.o
    0x08002f08   0x08002f08   0x00000060   Code   RO          709    i.HAL_RCC_GetSysClockFreq  stm32f4xx_hal_rcc.o
    0x08002f68   0x08002f68   0x0000001c   Code   RO          711    i.HAL_RCC_NMI_IRQHandler  stm32f4xx_hal_rcc.o
    0x08002f84   0x08002f84   0x0000036c   Code   RO          712    i.HAL_RCC_OscConfig  stm32f4xx_hal_rcc.o
    0x080032f0   0x080032f0   0x0000000a   Code   RO         3035    i.HAL_RTCEx_BKUPRead  stm32f4xx_hal_rtc_ex.o
    0x080032fa   0x080032fa   0x0000000a   Code   RO         3036    i.HAL_RTCEx_BKUPWrite  stm32f4xx_hal_rtc_ex.o
    0x08003304   0x08003304   0x00000044   Code   RO         2872    i.HAL_RTC_GetDate   stm32f4xx_hal_rtc.o
    0x08003348   0x08003348   0x00000054   Code   RO         2874    i.HAL_RTC_GetTime   stm32f4xx_hal_rtc.o
    0x0800339c   0x0800339c   0x0000009c   Code   RO         2875    i.HAL_RTC_Init      stm32f4xx_hal_rtc.o
    0x08003438   0x08003438   0x0000003c   Code   RO          392    i.HAL_RTC_MspInit   stm32f4xx_hal_msp.o
    0x08003474   0x08003474   0x00000098   Code   RO         2881    i.HAL_RTC_SetDate   stm32f4xx_hal_rtc.o
    0x0800350c   0x0800350c   0x000000c0   Code   RO         2882    i.HAL_RTC_SetTime   stm32f4xx_hal_rtc.o
    0x080035cc   0x080035cc   0x00000038   Code   RO         2883    i.HAL_RTC_WaitForSynchro  stm32f4xx_hal_rtc.o
    0x08003604   0x08003604   0x00000042   Code   RO         1937    i.HAL_SDRAM_Init    stm32f4xx_hal_sdram.o
    0x08003646   0x08003646   0x00000004   Code   RO          394    i.HAL_SDRAM_MspInit  stm32f4xx_hal_msp.o
    0x0800364a   0x0800364a   0x000000bc   Code   RO         3273    i.HAL_SPI_Init      stm32f4xx_hal_spi.o
    0x08003706   0x08003706   0x00000002   PAD
    0x08003708   0x08003708   0x00000068   Code   RO          396    i.HAL_SPI_MspInit   stm32f4xx_hal_msp.o
    0x08003770   0x08003770   0x00000154   Code   RO         3276    i.HAL_SPI_Receive   stm32f4xx_hal_spi.o
    0x080038c4   0x080038c4   0x00000166   Code   RO         3281    i.HAL_SPI_Transmit  stm32f4xx_hal_spi.o
    0x08003a2a   0x08003a2a   0x000001f0   Code   RO         3282    i.HAL_SPI_TransmitReceive  stm32f4xx_hal_spi.o
    0x08003c1a   0x08003c1a   0x00000028   Code   RO         1527    i.HAL_SYSTICK_Config  stm32f4xx_hal_cortex.o
    0x08003c42   0x08003c42   0x00000002   Code   RO         4290    i.HAL_TIMEx_BreakCallback  stm32f4xx_hal_tim_ex.o
    0x08003c44   0x08003c44   0x00000002   Code   RO         4291    i.HAL_TIMEx_CommutCallback  stm32f4xx_hal_tim_ex.o
    0x08003c46   0x08003c46   0x00000002   PAD
    0x08003c48   0x08003c48   0x00000090   Code   RO         4309    i.HAL_TIMEx_MasterConfigSynchronization  stm32f4xx_hal_tim_ex.o
    0x08003cd8   0x08003cd8   0x0000005a   Code   RO         3586    i.HAL_TIM_Base_Init  stm32f4xx_hal_tim.o
    0x08003d32   0x08003d32   0x00000002   PAD
    0x08003d34   0x08003d34   0x0000003c   Code   RO          398    i.HAL_TIM_Base_MspInit  stm32f4xx_hal_msp.o
    0x08003d70   0x08003d70   0x00000080   Code   RO         3591    i.HAL_TIM_Base_Start_IT  stm32f4xx_hal_tim.o
    0x08003df0   0x08003df0   0x00000002   Code   RO         3620    i.HAL_TIM_IC_CaptureCallback  stm32f4xx_hal_tim.o
    0x08003df2   0x08003df2   0x00000130   Code   RO         3634    i.HAL_TIM_IRQHandler  stm32f4xx_hal_tim.o
    0x08003f22   0x08003f22   0x00000002   PAD
    0x08003f24   0x08003f24   0x00000050   Code   RO          399    i.HAL_TIM_MspPostInit  stm32f4xx_hal_msp.o
    0x08003f74   0x08003f74   0x00000002   Code   RO         3637    i.HAL_TIM_OC_DelayElapsedCallback  stm32f4xx_hal_tim.o
    0x08003f76   0x08003f76   0x000000cc   Code   RO         3658    i.HAL_TIM_PWM_ConfigChannel  stm32f4xx_hal_tim.o
    0x08004042   0x08004042   0x0000005a   Code   RO         3661    i.HAL_TIM_PWM_Init  stm32f4xx_hal_tim.o
    0x0800409c   0x0800409c   0x00000028   Code   RO          401    i.HAL_TIM_PWM_MspInit  stm32f4xx_hal_msp.o
    0x080040c4   0x080040c4   0x00000002   Code   RO         3664    i.HAL_TIM_PWM_PulseFinishedCallback  stm32f4xx_hal_tim.o
    0x080040c6   0x080040c6   0x00000002   PAD
    0x080040c8   0x080040c8   0x000000c8   Code   RO         3666    i.HAL_TIM_PWM_Start  stm32f4xx_hal_tim.o
    0x08004190   0x08004190   0x0000001c   Code   RO           14    i.HAL_TIM_PeriodElapsedCallback  main.o
    0x080041ac   0x080041ac   0x00000002   Code   RO         3677    i.HAL_TIM_TriggerCallback  stm32f4xx_hal_tim.o
    0x080041ae   0x080041ae   0x0000004e   Code   RO         4568    i.HAL_UARTEx_ReceiveToIdle_IT  stm32f4xx_hal_uart.o
    0x080041fc   0x080041fc   0x00000004   Code   RO           15    i.HAL_UARTEx_RxEventCallback  main.o
    0x08004200   0x08004200   0x00000002   Code   RO         4583    i.HAL_UART_ErrorCallback  stm32f4xx_hal_uart.o
    0x08004202   0x08004202   0x00000002   PAD
    0x08004204   0x08004204   0x00000280   Code   RO         4586    i.HAL_UART_IRQHandler  stm32f4xx_hal_uart.o
    0x08004484   0x08004484   0x00000064   Code   RO         4587    i.HAL_UART_Init     stm32f4xx_hal_uart.o
    0x080044e8   0x080044e8   0x000000fc   Code   RO          403    i.HAL_UART_MspInit  stm32f4xx_hal_msp.o
    0x080045e4   0x080045e4   0x000000b0   Code   RO         4590    i.HAL_UART_Receive  stm32f4xx_hal_uart.o
    0x08004694   0x08004694   0x00000002   Code   RO         4593    i.HAL_UART_RxCpltCallback  stm32f4xx_hal_uart.o
    0x08004696   0x08004696   0x000000a0   Code   RO         4595    i.HAL_UART_Transmit  stm32f4xx_hal_uart.o
    0x08004736   0x08004736   0x00000002   Code   RO         4598    i.HAL_UART_TxCpltCallback  stm32f4xx_hal_uart.o
    0x08004738   0x08004738   0x000008c8   Code   RO         6277    i.HandleEvent       flow_manager.o
    0x08005000   0x08005000   0x00000002   Code   RO          294    i.HardFault_Handler  stm32f4xx_it.o
    0x08005002   0x08005002   0x0000002e   Code   RO         2156    i.I2C_IsAcknowledgeFailed  stm32f4xx_hal_i2c.o
    0x08005030   0x08005030   0x000000fc   Code   RO         2166    i.I2C_RequestMemoryRead  stm32f4xx_hal_i2c.o
    0x0800512c   0x0800512c   0x000000a8   Code   RO         2167    i.I2C_RequestMemoryWrite  stm32f4xx_hal_i2c.o
    0x080051d4   0x080051d4   0x00000056   Code   RO         2171    i.I2C_WaitOnBTFFlagUntilTimeout  stm32f4xx_hal_i2c.o
    0x0800522a   0x0800522a   0x00000002   PAD
    0x0800522c   0x0800522c   0x00000090   Code   RO         2172    i.I2C_WaitOnFlagUntilTimeout  stm32f4xx_hal_i2c.o
    0x080052bc   0x080052bc   0x000000bc   Code   RO         2173    i.I2C_WaitOnMasterAddressFlagUntilTimeout  stm32f4xx_hal_i2c.o
    0x08005378   0x08005378   0x00000070   Code   RO         2174    i.I2C_WaitOnRXNEFlagUntilTimeout  stm32f4xx_hal_i2c.o
    0x080053e8   0x080053e8   0x00000056   Code   RO         2175    i.I2C_WaitOnTXEFlagUntilTimeout  stm32f4xx_hal_i2c.o
    0x0800543e   0x0800543e   0x00000002   PAD
    0x08005440   0x08005440   0x0000004c   Code   RO         5432    i.ISD1730_Init      isd1730.o
    0x0800548c   0x0800548c   0x00000020   Code   RO         5434    i.ISD1730_PlayMessage  isd1730.o
    0x080054ac   0x080054ac   0x00000014   Code   RO         5437    i.ISD1730_PowerUp   isd1730.o
    0x080054c0   0x080054c0   0x00000058   Code   RO         5443    i.ISD_AddressedCommand  isd1730.o
    0x08005518   0x08005518   0x00000010   Code   RO         5444    i.ISD_CS_High       isd1730.o
    0x08005528   0x08005528   0x00000010   Code   RO         5445    i.ISD_CS_Low        isd1730.o
    0x08005538   0x08005538   0x00000016   Code   RO         5446    i.ISD_SelectBus     isd1730.o
    0x0800554e   0x0800554e   0x00000036   Code   RO         5447    i.ISD_SimpleCommand  isd1730.o
    0x08005584   0x08005584   0x0000014c   Code   RO         2608    i.LTDC_SetConfig    stm32f4xx_hal_ltdc.o
    0x080056d0   0x080056d0   0x00000064   Code   RO         5766    i.Log_Append        log.o
    0x08005734   0x08005734   0x00000028   Code   RO         5767    i.Log_GetPageCount  log.o
    0x0800575c   0x0800575c   0x00000020   Code   RO         5768    i.Log_GetVisibleCount  log.o
    0x0800577c   0x0800577c   0x00000018   Code   RO         5769    i.Log_Init          log.o
    0x08005794   0x08005794   0x00000064   Code   RO         5770    i.Log_PackEntry     log.o
    0x080057f8   0x080057f8   0x000000ec   Code   RO         5771    i.Log_ReadPage      log.o
    0x080058e4   0x080058e4   0x00000058   Code   RO           16    i.MX_FMC_Init       main.o
    0x0800593c   0x0800593c   0x000001f8   Code   RO           17    i.MX_GPIO_Init      main.o
    0x08005b34   0x08005b34   0x00000058   Code   RO           18    i.MX_I2C3_Init      main.o
    0x08005b8c   0x08005b8c   0x000000dc   Code   RO           19    i.MX_LTDC_Init      main.o
    0x08005c68   0x08005c68   0x00000090   Code   RO           20    i.MX_RTC_Init       main.o
    0x08005cf8   0x08005cf8   0x00000040   Code   RO           21    i.MX_SPI1_Init      main.o
    0x08005d38   0x08005d38   0x00000070   Code   RO           22    i.MX_TIM4_Init      main.o
    0x08005da8   0x08005da8   0x00000002   Code   RO          295    i.MemManage_Handler  stm32f4xx_it.o
    0x08005daa   0x08005daa   0x00000006   Code   RO          296    i.NMI_Handler       stm32f4xx_it.o
    0x08005db0   0x08005db0   0x00000002   Code   RO          297    i.PendSV_Handler    stm32f4xx_it.o
    0x08005db2   0x08005db2   0x00000002   PAD
    0x08005db4   0x08005db4   0x00000264   Code   RO         6278    i.PeriodicTick      flow_manager.o
    0x08006018   0x08006018   0x00000014   Code   RO         6279    i.PlayAudio         flow_manager.o
    0x0800602c   0x0800602c   0x000003e4   Code   RO         6280    i.PollFingerprint   flow_manager.o
    0x08006410   0x08006410   0x00000012   Code   RO         2884    i.RTC_Bcd2ToByte    stm32f4xx_hal_rtc.o
    0x08006422   0x08006422   0x00000016   Code   RO         2885    i.RTC_ByteToBcd2    stm32f4xx_hal_rtc.o
    0x08006438   0x08006438   0x0000008c   Code   RO         6044    i.RTC_DaysFromCivil  rtc.o
    0x080064c4   0x080064c4   0x00000048   Code   RO         2886    i.RTC_EnterInitMode  stm32f4xx_hal_rtc.o
    0x0800650c   0x0800650c   0x0000002a   Code   RO         2887    i.RTC_ExitInitMode  stm32f4xx_hal_rtc.o
    0x08006536   0x08006536   0x00000002   PAD
    0x08006538   0x08006538   0x00000068   Code   RO         6045    i.RTC_GetDateTime   rtc.o
    0x080065a0   0x080065a0   0x0000005c   Code   RO         6046    i.RTC_GetUnixTime   rtc.o
    0x080065fc   0x080065fc   0x000000d0   Code   RO         6047    i.RTC_GregorianToShamsi  rtc.o
    0x080066cc   0x080066cc   0x00000038   Code   RO         6048    i.RTC_Init          rtc.o
    0x08006704   0x08006704   0x00000080   Code   RO         6049    i.RTC_SetDateTime   rtc.o
    0x08006784   0x08006784   0x00000004   Code   RO         5078    i.SPI_Bus_Configure  spi_bus.o
    0x08006788   0x08006788   0x0000007c   Code   RO         5079    i.SPI_Bus_Init      spi_bus.o
    0x08006804   0x08006804   0x0000001c   Code   RO         5080    i.SPI_Bus_Receive   spi_bus.o
    0x08006820   0x08006820   0x00000044   Code   RO         5081    i.SPI_Bus_Reinit    spi_bus.o
    0x08006864   0x08006864   0x0000000a   Code   RO         5082    i.SPI_Bus_SetPrescaler  spi_bus.o
    0x0800686e   0x0800686e   0x00000002   PAD
    0x08006870   0x08006870   0x0000001c   Code   RO         5083    i.SPI_Bus_Transmit  spi_bus.o
    0x0800688c   0x0800688c   0x0000001c   Code   RO         5084    i.SPI_Bus_TransmitReceive  spi_bus.o
    0x080068a8   0x080068a8   0x0000005c   Code   RO         3310    i.SPI_EndRxTransaction  stm32f4xx_hal_spi.o
    0x08006904   0x08006904   0x0000006c   Code   RO         3311    i.SPI_EndRxTxTransaction  stm32f4xx_hal_spi.o
    0x08006970   0x08006970   0x000000bc   Code   RO         3316    i.SPI_WaitFlagStateUntilTimeout  stm32f4xx_hal_spi.o
    0x08006a2c   0x08006a2c   0x00000002   Code   RO          298    i.SVC_Handler       stm32f4xx_it.o
    0x08006a2e   0x08006a2e   0x00000002   PAD
    0x08006a30   0x08006a30   0x00000024   Code   RO         6281    i.SetDeadline       flow_manager.o
    0x08006a54   0x08006a54   0x00000088   Code   RO         5652    i.Storage_FormatAll  storage.o
    0x08006adc   0x08006adc   0x00000036   Code   RO         5653    i.Storage_GetLogPointers  storage.o
    0x08006b12   0x08006b12   0x00000030   Code   RO         5654    i.Storage_Init      storage.o
    0x08006b42   0x08006b42   0x00000058   Code   RO         5655    i.Storage_LoadAdmin  storage.o
    0x08006b9a   0x08006b9a   0x0000002a   Code   RO         5656    i.Storage_LoadAllAdmins  storage.o
    0x08006bc4   0x08006bc4   0x00000028   Code   RO         5657    i.Storage_LoadAllLockers  storage.o
    0x08006bec   0x08006bec   0x000000a8   Code   RO         5658    i.Storage_LoadLocker  storage.o
    0x08006c94   0x08006c94   0x0000005a   Code   RO         5660    i.Storage_SaveAdmin  storage.o
    0x08006cee   0x08006cee   0x0000009c   Code   RO         5661    i.Storage_SaveLocker  storage.o
    0x08006d8a   0x08006d8a   0x00000046   Code   RO         5662    i.Storage_SetLogPointers  storage.o
    0x08006dd0   0x08006dd0   0x00000004   Code   RO          299    i.SysTick_Handler   stm32f4xx_it.o
    0x08006dd4   0x08006dd4   0x000000a4   Code   RO           23    i.SystemClock_Config  main.o
    0x08006e78   0x08006e78   0x00000010   Code   RO         4921    i.SystemInit        system_stm32f4xx.o
    0x08006e88   0x08006e88   0x0000000c   Code   RO          300    i.TIM8_TRG_COM_TIM14_IRQHandler  stm32f4xx_it.o
    0x08006e94   0x08006e94   0x000000d0   Code   RO         3679    i.TIM_Base_SetConfig  stm32f4xx_hal_tim.o
    0x08006f64   0x08006f64   0x0000001a   Code   RO         3680    i.TIM_CCxChannelCmd  stm32f4xx_hal_tim.o
    0x08006f7e   0x08006f7e   0x00000002   PAD
    0x08006f80   0x08006f80   0x00000060   Code   RO         3692    i.TIM_OC1_SetConfig  stm32f4xx_hal_tim.o
    0x08006fe0   0x08006fe0   0x0000006c   Code   RO         3693    i.TIM_OC2_SetConfig  stm32f4xx_hal_tim.o
    0x0800704c   0x0800704c   0x00000068   Code   RO         3694    i.TIM_OC3_SetConfig  stm32f4xx_hal_tim.o
    0x080070b4   0x080070b4   0x00000050   Code   RO         3695    i.TIM_OC4_SetConfig  stm32f4xx_hal_tim.o
    0x08007104   0x08007104   0x0000000c   Code   RO          301    i.UART7_IRQHandler  stm32f4xx_it.o
    0x08007110   0x08007110   0x0000000e   Code   RO         4600    i.UART_DMAAbortOnError  stm32f4xx_hal_uart.o
    0x0800711e   0x0800711e   0x0000004e   Code   RO         4610    i.UART_EndRxTransfer  stm32f4xx_hal_uart.o
    0x0800716c   0x0800716c   0x000000c2   Code   RO         4612    i.UART_Receive_IT   stm32f4xx_hal_uart.o
    0x0800722e   0x0800722e   0x00000002   PAD
    0x08007230   0x08007230   0x0000010c   Code   RO         4613    i.UART_SetConfig    stm32f4xx_hal_uart.o
    0x0800733c   0x0800733c   0x00000036   Code   RO         4615    i.UART_Start_Receive_IT  stm32f4xx_hal_uart.o
    0x08007372   0x08007372   0x00000072   Code   RO         4616    i.UART_WaitOnFlagUntilTimeout  stm32f4xx_hal_uart.o
    0x080073e4   0x080073e4   0x0000003c   Code   RO         6186    i.UI_GetNextEvent   ui_interface.o
    0x08007420   0x08007420   0x0000005c   Code   RO         6187    i.UI_Init           ui_interface.o
    0x0800747c   0x0800747c   0x00000148   Code   RO         6188    i.UI_ProcessIncomingLine  ui_interface.o
    0x080075c4   0x080075c4   0x00000030   Code   RO         6189    i.UI_QueueEvent     ui_interface.o
    0x080075f4   0x080075f4   0x000000b8   Code   RO         6190    i.UI_SetLockerState  ui_interface.o
    0x080076ac   0x080076ac   0x00000044   Code   RO         6191    i.UI_SetScreenState  ui_interface.o
    0x080076f0   0x080076f0   0x0000007c   Code   RO         6192    i.UI_ShowClock      ui_interface.o
    0x0800776c   0x0800776c   0x00000020   Code   RO         6193    i.UI_ShowEntry      ui_interface.o
    0x0800778c   0x0800778c   0x00000040   Code   RO         6194    i.UI_ShowMessage    ui_interface.o
    0x080077cc   0x080077cc   0x00000002   Code   RO         6195    i.UI_Tick           ui_interface.o
    0x080077ce   0x080077ce   0x00000002   Code   RO          302    i.UsageFault_Handler  stm32f4xx_it.o
    0x080077d0   0x080077d0   0x0000004e   Code   RO         5145    i.W25Q32_EraseSector  w25q32.o
    0x0800781e   0x0800781e   0x00000002   PAD
    0x08007820   0x08007820   0x00000068   Code   RO         5146    i.W25Q32_Init       w25q32.o
    0x08007888   0x08007888   0x00000066   Code   RO         5147    i.W25Q32_PageProgram  w25q32.o
    0x080078ee   0x080078ee   0x0000005e   Code   RO         5148    i.W25Q32_Read       w25q32.o
    0x0800794c   0x0800794c   0x00000054   Code   RO         5149    i.W25Q32_ReadID     w25q32.o
    0x080079a0   0x080079a0   0x00000046   Code   RO         5150    i.W25Q32_Write      w25q32.o
    0x080079e6   0x080079e6   0x00000002   PAD
    0x080079e8   0x080079e8   0x00000010   Code   RO         5151    i.W25_CS_High       w25q32.o
    0x080079f8   0x080079f8   0x00000010   Code   RO         5152    i.W25_CS_Low        w25q32.o
    0x08007a08   0x08007a08   0x00000010   Code   RO         5153    i.W25_SelectBus     w25q32.o
    0x08007a18   0x08007a18   0x0000004c   Code   RO         5154    i.W25_WaitBusy      w25q32.o
    0x08007a64   0x08007a64   0x00000028   Code   RO         5155    i.W25_WriteEnable   w25q32.o
    0x08007a8c   0x08007a8c   0x0000005a   Code   RO         5300    i.ZFM40_GenChar     zfm40.o
    0x08007ae6   0x08007ae6   0x00000066   Code   RO         5302    i.ZFM40_GetTemplateCount  zfm40.o
    0x08007b4c   0x08007b4c   0x00000088   Code   RO         5303    i.ZFM40_Init        zfm40.o
    0x08007bd4   0x08007bd4   0x00000064   Code   RO         5304    i.ZFM40_LoadChar    zfm40.o
    0x08007c38   0x08007c38   0x00000066   Code   RO         5305    i.ZFM40_Match       zfm40.o
    0x08007c9e   0x08007c9e   0x0000005c   Code   RO         5306    i.ZFM40_PollImage   zfm40.o
    0x08007cfa   0x08007cfa   0x00000008   Code   RO         5307    i.ZFM40_RegModel    zfm40.o
    0x08007d02   0x08007d02   0x00000064   Code   RO         5309    i.ZFM40_StoreChar   zfm40.o
    0x08007d66   0x08007d66   0x0000006c   Code   RO         5310    i.ZFM40_VerifyPassword  zfm40.o
    0x08007dd2   0x08007dd2   0x0000000e   Code   RO         5311    i.ZFM_ReceivePacket  zfm40.o
    0x08007de0   0x08007de0   0x000000a4   Code   RO         5312    i.ZFM_ReceivePacketEx  zfm40.o
    0x08007e84   0x08007e84   0x00000008   Code   RO         5313    i.ZFM_SendPacket    zfm40.o
    0x08007e8c   0x08007e8c   0x00000090   Code   RO         5314    i.ZFM_SendPacketEx  zfm40.o
    0x08007f1c   0x08007f1c   0x00000054   Code   RO         5315    i.ZFM_SimpleCommand  zfm40.o
    0x08007f70   0x08007f70   0x00000020   Code   RO         1529    i.__NVIC_SetPriority  stm32f4xx_hal_cortex.o
    0x08007f90   0x08007f90   0x0000000e   Code   RO         6387    i._is_digit         c_w.l(__printf_wp.o)
    0x08007f9e   0x08007f9e   0x00000002   PAD
    0x08007fa0   0x08007fa0   0x00000278   Code   RO           24    i.main              main.o
    0x08008218   0x08008218   0x0000002c   Code   RO         6482    locale$$code        c_w.l(lc_ctype_c.o)
    0x08008244   0x08008244   0x0000000a   Code   RO         6564    x$fpl$fpinit        fz_wm.l(fpinit.o)
    0x0800824e   0x0800824e   0x00000008   Data   RO         1225    .constdata          stm32f4xx_hal_dma.o
    0x08008256   0x08008256   0x00000010   Data   RO         4922    .constdata          system_stm32f4xx.o
    0x08008266   0x08008266   0x00000008   Data   RO         4923    .constdata          system_stm32f4xx.o
    0x0800826e   0x0800826e   0x0000002c   Data   RO         5448    .constdata          isd1730.o
    0x0800829a   0x0800829a   0x00000002   PAD
    0x0800829c   0x0800829c   0x000000c0   Data   RO         5996    .constdata          channel_hw.o
    0x0800835c   0x0800835c   0x00000038   Data   RO         6051    .constdata          rtc.o
    0x08008394   0x08008394   0x00000016   Data   RO         6283    .constdata          flow_manager.o
    0x080083aa   0x080083aa   0x00000011   Data   RO         6395    .constdata          c_w.l(__printf_flags_ss_wp.o)
    0x080083bb   0x080083bb   0x00000001   PAD
    0x080083bc   0x080083bc   0x0000004c   Data   RO         6284    .conststring        flow_manager.o
    0x08008408   0x08008408   0x00000020   Data   RO         6620    Region$$Table       anon$$obj.o
    0x08008428   0x08008428   0x00000110   Data   RO         6481    locale$$data        c_w.l(lc_ctype_c.o)


    Execution Region RW_IRAM2 (Exec base: 0x10000000, Load base: 0x080085b0, Size: 0x00000000, Max: 0x00010000, ABSOLUTE)

    **** No section assigned to this execution region ****


    Execution Region RW_IRAM1 (Exec base: 0x20000000, Load base: 0x08008538, Size: 0x00004898, Max: 0x00030000, ABSOLUTE)

    Exec Addr    Load Addr    Size         Type   Attr      Idx    E Section Name        Object

    0x20000000   0x08008538   0x00000008   Data   RW          404    .data               stm32f4xx_hal_msp.o
    0x20000008   0x08008540   0x0000000c   Data   RW         1690    .data               stm32f4xx_hal.o
    0x20000014   0x0800854c   0x00000004   Data   RW         4924    .data               system_stm32f4xx.o
    0x20000018   0x08008550   0x00000001   Data   RW         5086    .data               spi_bus.o
    0x20000019   0x08008551   0x00000003   PAD
    0x2000001c   0x08008554   0x0000000c   Data   RW         5571    .data               at24cxx.o
    0x20000028   0x08008560   0x00000008   Data   RW         5772    .data               log.o
    0x20000030   0x08008568   0x00000018   Data   RW         6122    .data               debug_link.o
    0x20000048   0x08008580   0x0000000a   Data   RW         6197    .data               ui_interface.o
    0x20000052   0x0800858a   0x00000002   PAD
    0x20000054   0x0800858c   0x00000023   Data   RW         6285    .data               flow_manager.o
    0x20000077   0x080085af   0x00000001   PAD
    0x20000078        -       0x000002c8   Zero   RW           25    .bss                main.o
    0x20000340        -       0x00000060   Zero   RW           26    .bss                main.o
    0x200003a0        -       0x00000048   Zero   RW         5045    .bss                backlight.o
    0x200003e8        -       0x00000058   Zero   RW         5085    .bss                spi_bus.o
    0x20000440        -       0x00000048   Zero   RW         5316    .bss                zfm40.o
    0x20000488        -       0x00000120   Zero   RW         5838    .bss                channel_manager.o
    0x200005a8        -       0x000001a0   Zero   RW         6121    .bss                debug_link.o
    0x20000748        -       0x000000e0   Zero   RW         6196    .bss                ui_interface.o
    0x20000828        -       0x0000000c   Zero   RW         6282    .bss                flow_manager.o
    0x20000834        -       0x00000060   Zero   RW         6447    .bss                c_w.l(libspace.o)
    0x20000894   0x080085af   0x00000004   PAD
    0x20000898        -       0x00002000   Zero   RW            2    HEAP                startup_stm32f429xx.o
    0x20002898        -       0x00002000   Zero   RW            1    STACK               startup_stm32f429xx.o


==============================================================================

Image component sizes


      Code (inc. data)   RO Data    RW Data    ZI Data      Debug   Object Name

       168         10          0         12          0       2937   at24cxx.o
       200         22          0          0         72       2415   backlight.o
       116          0          0          0          0       1952   bcd.o
       380         24        192          0          0       4153   channel_hw.o
      1112         66          0          0        288      11466   channel_manager.o
       716        266          0         24        416       6887   debug_link.o
      4344       1856         98         35         12      14249   flow_manager.o
       324         24         44          0          0       5911   isd1730.o
       532         24          0          8          0       5476   log.o
      2052        376          0          0        808     832375   main.o
       728         42         56          0          0       5088   rtc.o
       290         38          0          1         88       5397   spi_bus.o
        64         26        428          0      16384        844   startup_stm32f429xx.o
       180         28          0         12          0       9569   stm32f4xx_hal.o
       198         14          0          0          0      33831   stm32f4xx_hal_cortex.o
       934         16          8          0          0       5631   stm32f4xx_hal_dma.o
       600         54          0          0          0       3524   stm32f4xx_hal_gpio.o
      2294         52          0          0          0      13222   stm32f4xx_hal_i2c.o
       128          0          0          0          0       1863   stm32f4xx_hal_i2c_ex.o
       602          0          0          0          0       2943   stm32f4xx_hal_ltdc.o
      1392        168          0          8          0       8361   stm32f4xx_hal_msp.o
       112         14          0          0          0       1292   stm32f4xx_hal_pwr_ex.o
      1386         80          0          0          0       6923   stm32f4xx_hal_rcc.o
       596         36          0          0          0       1616   stm32f4xx_hal_rcc_ex.o
       862         36          0          0          0       8205   stm32f4xx_hal_rtc.o
        20          0          0          0          0       1723   stm32f4xx_hal_rtc_ex.o
        66          0          0          0          0       1193   stm32f4xx_hal_sdram.o
      1770         16          0          0          0       8430   stm32f4xx_hal_spi.o
      1646        136          0          0          0      13196   stm32f4xx_hal_tim.o
       148         28          0          0          0       2497   stm32f4xx_hal_tim_ex.o
      1882         14          0          0          0      12752   stm32f4xx_hal_uart.o
        60         18          0          0          0       5639   stm32f4xx_it.o
       266         10          0          0          0       3461   stm32f4xx_ll_fmc.o
       892          8          0          0          0       8496   storage.o
        16          4         24          4          0       1135   system_stm32f4xx.o
      1002        368          0         10        224       8138   ui_interface.o
       696         28          0          0          0       8345   w25q32.o
      1252         26          0          0         72      13545   zfm40.o

    ----------------------------------------------------------------------
     30074       3928        884        120      18364    1084680   Object Totals
         0          0         32          0          0          0   (incl. Generated)
        48          0          2          6          0          0   (incl. Padding)

    ----------------------------------------------------------------------

      Code (inc. data)   RO Data    RW Data    ZI Data      Debug   Library Member Name

        56          6          0          0          0         88   __2snprintf.o
         8          0          0          0          0         68   __main.o
       392          4         17          0          0         92   __printf_flags_ss_wp.o
        14          0          0          0          0         68   __printf_wp.o
         0          0          0          0          0          0   __rtentry.o
        12          0          0          0          0          0   __rtentry2.o
         6          0          0          0          0          0   __rtentry4.o
        52          8          0          0          0          0   __scatter.o
        26          0          0          0          0          0   __scatter_copy.o
        28          0          0          0          0          0   __scatter_zi.o
        28          0          0          0          0         68   _chval.o
        44          0          0          0          0        108   _printf_char.o
        48          6          0          0          0         96   _printf_char_common.o
         6          0          0          0          0          0   _printf_d.o
       120         16          0          0          0         92   _printf_dec.o
       178          0          0          0          0         88   _printf_intcommon.o
        78          0          0          0          0        108   _printf_pad.o
         0          0          0          0          0          0   _printf_percent.o
         4          0          0          0          0          0   _printf_percent_end.o
         6          0          0          0          0          0   _printf_s.o
        82          0          0          0          0         80   _printf_str.o
         6          0          0          0          0          0   _printf_u.o
        16          0          0          0          0         68   _snputc.o
        10          0          0          0          0         68   _sputc.o
       158          0          0          0          0         92   _strtoul.o
        16          0          0          0          0         68   aeabi_memset.o
        26          0          0          0          0         80   atoi.o
        18          0          0          0          0         80   exit.o
         6          0          0          0          0        152   heapauxi.o
         0          0          0          0          0          0   indicate_semi.o
        44         10        272          0          0         76   lc_ctype_c.o
         2          0          0          0          0          0   libinit.o
        24          0          0          0          0          0   libinit2.o
         2          0          0          0          0          0   libshutdown.o
         2          0          0          0          0          0   libshutdown2.o
         8          4          0          0         96         68   libspace.o
        72          0          0          0          0         76   llsdiv.o
       238          0          0          0          0        100   lludivv7m.o
        16          4          0          0          0         76   rt_ctype_table.o
         8          4          0          0          0         68   rt_errno_addr_intlibspace.o
         8          4          0          0          0         68   rt_locale_intlibspace.o
        68          0          0          0          0         68   rt_memclr.o
        78          0          0          0          0         80   rt_memclr_w.o
       138          0          0          0          0         68   rt_memcpy_v6.o
       100          0          0          0          0         80   rt_memcpy_w.o
         2          0          0          0          0          0   rtexit.o
        10          0          0          0          0          0   rtexit2.o
       128          0          0          0          0         68   strcmpv7m.o
       150          0          0          0          0         80   strncmp.o
        86          0          0          0          0         76   strncpy.o
       112          0          0          0          0         88   strtol.o
        12          4          0          0          0         68   sys_exit.o
        74          0          0          0          0         80   sys_stackheap_outer.o
         2          0          0          0          0         68   use_no_semi.o
        10          0          0          0          0        116   fpinit.o

    ----------------------------------------------------------------------
      2856         70        290          0        100       3036   Library Totals
        18          0          1          0          4          0   (incl. Padding)

    ----------------------------------------------------------------------

      Code (inc. data)   RO Data    RW Data    ZI Data      Debug   Library Name

      2828         70        289          0         96       2920   c_w.l
        10          0          0          0          0        116   fz_wm.l

    ----------------------------------------------------------------------
      2856         70        290          0        100       3036   Library Totals

    ----------------------------------------------------------------------

==============================================================================


      Code (inc. data)   RO Data    RW Data    ZI Data      Debug   

     32930       3998       1174        120      18464    1061152   Grand Totals
     32930       3998       1174        120      18464    1061152   ELF Image Totals
     32930       3998       1174        120          0          0   ROM Totals

==============================================================================

    Total RO  Size (Code + RO Data)                34104 (  33.30kB)
    Total RW  Size (RW Data + ZI Data)             18584 (  18.15kB)
    Total ROM Size (Code + RO Data + RW Data)      34224 (  33.42kB)

==============================================================================

