<html>
<body>
<pre>
<h1>µVision Build Log</h1>
<h2>Tool Versions:</h2>
IDE-Version: µVision V5.26.2.0
Copyright (C) 2018 ARM Ltd and ARM Germany GmbH. All rights reserved.
License Information: Mahdi Bagherzadeh, Ik, LIC=YA39H-WKBA8-HL7CL-06WIF-SC4LW-FMJ27
 
Tool Versions:
Toolchain:       MDK-ARM Plus  Version: 5.26.2.0
Toolchain Path:  C:\Keil_v5\ARM\ARMCC\Bin
C Compiler:      Armcc.exe V5.06 update 6 (build 750)
Assembler:       Armasm.exe V5.06 update 6 (build 750)
Linker/Locator:  ArmLink.exe V5.06 update 6 (build 750)
Library Manager: ArmAr.exe V5.06 update 6 (build 750)
Hex Converter:   FromElf.exe V5.06 update 6 (build 750)
CPU DLL:         SARMCM3.DLL V5.26.2.0
Dialog DLL:      DCM.DLL V1.17.2.0
Target DLL:      STLink\ST-LINKIII-KEIL_SWO.dll V3.0.5.0
Dialog DLL:      TCM.DLL V1.36.1.0
 
<h2>Project:</h2>
D:\Project\Power Box\Code\Power_Box_V2\MDK-ARM\Power_Box_V2.uvprojx
Project File Date:  08/27/2026

<h2>Output:</h2>
*** Using Compiler 'V5.06 update 6 (build 750)', folder: 'C:\Keil_v5\ARM\ARMCC\Bin'
Build target 'Power_Box_V2'
compiling log.c...
compiling storage.c...
compiling main.c...
../Core/Src/main.c(105): warning:  #177-D: variable "test_phone_number"  was declared but never referenced
  static uint8_t test_phone_number[12] = "09123456789";
../Core/Src/main.c(108): warning:  #177-D: variable "test_page_id"  was declared but never referenced
  static uint16_t test_page_id = 0;
../Core/Src/main.c(109): warning:  #177-D: variable "test_score"  was declared but never referenced
  static uint16_t test_score = 0;
../Core/Src/main.c: 3 warnings, 0 errors
compiling channel_manager.c...
compiling channel_hw.c...
compiling rtc.c...
compiling ui_interface.c...
..\UI\ui_interface.c(273): warning:  #1-D: last line of file ends without a newline
  #endif /* (UI_HARD_WARE_MODE == 0U) */
..\UI\ui_interface.c: 1 warning, 0 errors
linking...
Program Size: Code=23306 RO-data=806 RW-data=76 ZI-data=18164  
FromELF: creating hex file...
"Power_Box_V2\Power_Box_V2.axf" - 0 Error(s), 4 Warning(s).

<h2>Software Packages used:</h2>

Package Vendor: ARM
                http://www.keil.com/pack/ARM.CMSIS.5.4.0.pack
                ARM.CMSIS.5.4.0
                CMSIS (Cortex Microcontroller Software Interface Standard)
   * Component: CORE Version: 5.1.2

Package Vendor: Keil
                http://www.keil.com/pack/Keil.STM32F4xx_DFP.2.13.0.pack
                Keil.STM32F4xx_DFP.2.13.0
                STMicroelectronics STM32F4 Series Device Support, Drivers and Examples

<h2>Collection of Component include folders:</h2>
  .\RTE\_Power_Box_V2
  C:\Keil_v5\ARM\PACK\ARM\CMSIS\5.4.0\CMSIS\Core\Include
  C:\Keil_v5\ARM\PACK\Keil\STM32F4xx_DFP\2.13.0\Drivers\CMSIS\Device\ST\STM32F4xx\Include

<h2>Collection of Component Files used:</h2>

   * Component: ARM::CMSIS:CORE:5.1.2
Build Time Elapsed:  00:00:31
</pre>
</body>
</html>
