Removed Pin From Net: NetName=VCC_TFT Pin=C11-1
Removed Pin From Net: NetName=GND_MCU Pin=C11-2
Removed Pin From Net: NetName=VCC_TFT Pin=C12-1
Removed Pin From Net: NetName=GND_MCU Pin=C12-2
Removed Pin From Net: NetName=VCC_TFT Pin=C13-1
Removed Pin From Net: NetName=GND_MCU Pin=C13-2
Removed Pin From Net: NetName=VCC_TFT Pin=C14-1
Removed Pin From Net: NetName=GND_MCU Pin=C14-2
Removed Pin From Net: NetName=VCC_TFT Pin=C15-1
Removed Pin From Net: NetName=GND_MCU Pin=C15-2
Removed Pin From Net: NetName=VCC_TFT Pin=C16-1
Removed Pin From Net: NetName=GND_MCU Pin=C16-2
Removed Pin From Net: NetName=MCU_NRST Pin=C17-1
Removed Pin From Net: NetName=GND_MCU Pin=C17-2
Removed Pin From Net: NetName=MCU_OCS_N Pin=C18-1
Removed Pin From Net: NetName=GND_MCU Pin=C18-2
Removed Pin From Net: NetName=MCU_OCS_P Pin=C19-1
Removed Pin From Net: NetName=GND_MCU Pin=C19-2
Removed Pin From Net: NetName=+5 Pin=C35-1
Removed Pin From Net: NetName=GND_MCU Pin=C35-2
Removed Pin From Net: NetName=+5 Pin=C36-1
Removed Pin From Net: NetName=GND_MCU Pin=C36-2
Removed Pin From Net: NetName=+3V3 Pin=C37-1
Removed Pin From Net: NetName=GND_MCU Pin=C37-2
Removed Pin From Net: NetName=+3V3 Pin=C38-1
Removed Pin From Net: NetName=GND_MCU Pin=C38-2
Removed Pin From Net: NetName=TFT_XL Pin=CN3-1
Removed Pin From Net: NetName=TFT_YU Pin=CN3-2
Removed Pin From Net: NetName=TFT_XR Pin=CN3-3
Removed Pin From Net: NetName=TFT_YD Pin=CN3-4
Removed Pin From Net: NetName=GND_MCU Pin=CN3-5
Removed Pin From Net: NetName=VCC_TFT Pin=CN3-6
Removed Pin From Net: NetName=VCC_TFT Pin=CN3-7
Removed Pin From Net: NetName=TFT_CS Pin=CN3-9
Removed Pin From Net: NetName=TFT_CLK Pin=CN3-10
Removed Pin From Net: NetName=TFT_DC Pin=CN3-11
Removed Pin From Net: NetName=VCC_TFT Pin=CN3-12
Removed Pin From Net: NetName=TFT_MOSI Pin=CN3-13
Removed Pin From Net: NetName=TFT_MISO Pin=CN3-14
Removed Pin From Net: NetName=TFT_RES Pin=CN3-15
Removed Pin From Net: NetName=GND_MCU Pin=CN3-26
Removed Pin From Net: NetName=GND_MCU Pin=CN3-27
Removed Pin From Net: NetName=GND_MCU Pin=CN3-28
Removed Pin From Net: NetName=GND_MCU Pin=CN3-29
Removed Pin From Net: NetName=GND_MCU Pin=CN3-30
Removed Pin From Net: NetName=GND_MCU Pin=CN3-31
Removed Pin From Net: NetName=GND_MCU Pin=CN3-32
Removed Pin From Net: NetName=VCC_TFT Pin=CN3-33
Removed Pin From Net: NetName=TFT_LED_K1 Pin=CN3-34
Removed Pin From Net: NetName=TFT_LED_K2 Pin=CN3-35
Removed Pin From Net: NetName=TFT_LED_K3 Pin=CN3-36
Removed Pin From Net: NetName=GND_MCU Pin=CN3-37
Removed Pin From Net: NetName=TFT_IM0 Pin=CN3-38
Removed Pin From Net: NetName=TFT_IM1 Pin=CN3-39
Removed Pin From Net: NetName=TFT_IM2 Pin=CN3-40
Removed Pin From Net: NetName=MCU_SWDIO Pin=CN4-1
Removed Pin From Net: NetName=VCC_MCU Pin=CN4-2
Removed Pin From Net: NetName=MCU_SWCLK Pin=CN4-3
Removed Pin From Net: NetName=GND_MCU Pin=CN4-4
Removed Pin From Net: NetName=MCU_BOOT0 Pin=H1-2
Removed Pin From Net: NetName=GND_MCU Pin=H1-3
Removed Pin From Net: NetName=NetQ1A_2 Pin=Q1A-2
Removed Pin From Net: NetName=NetQ1B_2 Pin=Q1B-2
Removed Pin From Net: NetName=NetQ1C_2 Pin=Q1C-2
Removed Pin From Net: NetName=NetQ1D_2 Pin=Q1D-2
Removed Pin From Net: NetName=NetQ1E_2 Pin=Q1E-2
Removed Pin From Net: NetName=NetQ1F_2 Pin=Q1F-2
Removed Pin From Net: NetName=NetQ1G_2 Pin=Q1G-2
Removed Pin From Net: NetName=NetQ1H_2 Pin=Q1H-2
Removed Pin From Net: NetName=NetQ2A_2 Pin=Q2A-2
Removed Pin From Net: NetName=NetQ2B_2 Pin=Q2B-2
Removed Pin From Net: NetName=NetQ2C_2 Pin=Q2C-2
Removed Pin From Net: NetName=NetQ2D_2 Pin=Q2D-2
Removed Pin From Net: NetName=NetQ2E_2 Pin=Q2E-2
Removed Pin From Net: NetName=NetQ2F_2 Pin=Q2F-2
Removed Pin From Net: NetName=NetQ2G_2 Pin=Q2G-2
Removed Pin From Net: NetName=NetQ2H_2 Pin=Q2H-2
Removed Pin From Net: NetName=MCU_LOCK1 Pin=R2A-2
Removed Pin From Net: NetName=MCU_LOCK2 Pin=R2B-2
Removed Pin From Net: NetName=MCU_LOCK3 Pin=R2C-2
Removed Pin From Net: NetName=MCU_LOCK4 Pin=R2D-2
Removed Pin From Net: NetName=MCU_LOCK5 Pin=R2E-2
Removed Pin From Net: NetName=MCU_LOCK6 Pin=R2F-2
Removed Pin From Net: NetName=MCU_LOCK7 Pin=R2G-2
Removed Pin From Net: NetName=MCU_LOCK8 Pin=R2H-2
Removed Pin From Net: NetName=GND Pin=R3A-1
Removed Pin From Net: NetName=NetQ1A_2 Pin=R3A-2
Removed Pin From Net: NetName=GND Pin=R3B-1
Removed Pin From Net: NetName=NetQ1B_2 Pin=R3B-2
Removed Pin From Net: NetName=GND Pin=R3C-1
Removed Pin From Net: NetName=NetQ1C_2 Pin=R3C-2
Removed Pin From Net: NetName=GND Pin=R3D-1
Removed Pin From Net: NetName=NetQ1D_2 Pin=R3D-2
Removed Pin From Net: NetName=GND Pin=R3E-1
Removed Pin From Net: NetName=NetQ1E_2 Pin=R3E-2
Removed Pin From Net: NetName=GND Pin=R3F-1
Removed Pin From Net: NetName=NetQ1F_2 Pin=R3F-2
Removed Pin From Net: NetName=GND Pin=R3G-1
Removed Pin From Net: NetName=NetQ1G_2 Pin=R3G-2
Removed Pin From Net: NetName=GND Pin=R3H-1
Removed Pin From Net: NetName=NetQ1H_2 Pin=R3H-2
Removed Pin From Net: NetName=NetQ2A_2 Pin=R4A-1
Removed Pin From Net: NetName=MCU_LED1 Pin=R4A-2
Removed Pin From Net: NetName=NetQ2B_2 Pin=R4B-1
Removed Pin From Net: NetName=MCU_LED2 Pin=R4B-2
Removed Pin From Net: NetName=NetQ2C_2 Pin=R4C-1
Removed Pin From Net: NetName=MCU_LED3 Pin=R4C-2
Removed Pin From Net: NetName=NetQ2D_2 Pin=R4D-1
Removed Pin From Net: NetName=MCU_LED4 Pin=R4D-2
Removed Pin From Net: NetName=NetQ2E_2 Pin=R4E-1
Removed Pin From Net: NetName=MCU_LED5 Pin=R4E-2
Removed Pin From Net: NetName=NetQ2F_2 Pin=R4F-1
Removed Pin From Net: NetName=MCU_LED6 Pin=R4F-2
Removed Pin From Net: NetName=NetQ2G_2 Pin=R4G-1
Removed Pin From Net: NetName=MCU_LED7 Pin=R4G-2
Removed Pin From Net: NetName=NetQ2H_2 Pin=R4H-1
Removed Pin From Net: NetName=MCU_LED8 Pin=R4H-2
Removed Pin From Net: NetName=MCU_SCL Pin=R8-1
Removed Pin From Net: NetName=VCC_EEPROM Pin=R8-2
Removed Pin From Net: NetName=MCU_SDA Pin=R9-1
Removed Pin From Net: NetName=VCC_EEPROM Pin=R9-2
Removed Pin From Net: NetName=NetC4_1 Pin=R11-1
Removed Pin From Net: NetName=VCC_ISD Pin=R11-2
Removed Pin From Net: NetName=NetC5_1 Pin=R12-1
Removed Pin From Net: NetName=NetC4_1 Pin=R12-2
Removed Pin From Net: NetName=GND_MCU Pin=R13-1
Removed Pin From Net: NetName=GND_MCU Pin=R14-1
Removed Pin From Net: NetName=NetC6_1 Pin=R14-2
Removed Pin From Net: NetName=NetQ3_3 Pin=R15-1
Removed Pin From Net: NetName=TFT_LED_K1 Pin=R15-2
Removed Pin From Net: NetName=NetQ3_3 Pin=R16-1
Removed Pin From Net: NetName=TFT_LED_K2 Pin=R16-2
Removed Pin From Net: NetName=TFT_IM2 Pin=R17-1
Removed Pin From Net: NetName=VCC_TFT Pin=R17-2
Removed Pin From Net: NetName=TFT_IM1 Pin=R18-1
Removed Pin From Net: NetName=VCC_TFT Pin=R18-2
Removed Pin From Net: NetName=TFT_IM0 Pin=R19-1
Removed Pin From Net: NetName=VCC_TFT Pin=R19-2
Removed Pin From Net: NetName=NetQ3_3 Pin=R20-1
Removed Pin From Net: NetName=TFT_LED_K3 Pin=R20-2
Removed Pin From Net: NetName=GND_MCU Pin=R23-1
Removed Pin From Net: NetName=TFT_IM1 Pin=R23-2
Removed Pin From Net: NetName=GND_MCU Pin=R24-1
Removed Pin From Net: NetName=TFT_IM0 Pin=R24-2
Removed Pin From Net: NetName=GND_MCU Pin=U4-1
Change Component Footprint: Designator=H1 Old Footprint=H-3pin-M-S New Footprint=H-4pin-M-S
Change Component Footprint: Designator=LED1 Old Footprint=LED-1206-G New Footprint=LED-1206-Y
Change Component Footprint: Designator=LED2 Old Footprint=LED-1206-R New Footprint=LED-THD-5R
Change Component Comment : Designator=Y1 Old Comment= New Comment=Crystal 8MHz-SMD
Change Component Comment : Designator=R5A Old Comment= New Comment=RES 1K-5%-1/8W-SMD
Change Component Comment : Designator=R5B Old Comment= New Comment=RES 1K-5%-1/8W-SMD
Change Component Comment : Designator=R5C Old Comment= New Comment=RES 1K-5%-1/8W-SMD
Change Component Comment : Designator=R5D Old Comment= New Comment=RES 1K-5%-1/8W-SMD
Change Component Comment : Designator=R5E Old Comment= New Comment=RES 1K-5%-1/8W-SMD
Change Component Comment : Designator=R5F Old Comment= New Comment=RES 1K-5%-1/8W-SMD
Change Component Comment : Designator=R5G Old Comment= New Comment=RES 1K-5%-1/8W-SMD
Change Component Comment : Designator=R5H Old Comment= New Comment=RES 1K-5%-1/8W-SMD
Change Component Comment : Designator=R27 Old Comment= New Comment=RES 2.2K-5%-1/8W-SMD
Change Component Comment : Designator=R1A Old Comment= New Comment=RES 10K-5%-1/8W-SMD
Change Component Comment : Designator=R1B Old Comment= New Comment=RES 10K-5%-1/8W-SMD
Change Component Comment : Designator=R1C Old Comment= New Comment=RES 10K-5%-1/8W-SMD
Change Component Comment : Designator=R25 Old Comment= New Comment=RES 10K-5%-1/8W-SMD
Change Component Comment : Designator=R26 Old Comment= New Comment=RES 10K-5%-1/8W-SMD
Change Component Comment : Designator=R3A Old Comment= New Comment=RES 47K-5%-1/8W-SMD
Change Component Comment : Designator=R3B Old Comment= New Comment=RES 47K-5%-1/8W-SMD
Change Component Comment : Designator=R3C Old Comment= New Comment=RES 47K-5%-1/8W-SMD
Change Component Comment : Designator=R3D Old Comment= New Comment=RES 47K-5%-1/8W-SMD
Change Component Comment : Designator=R3E Old Comment= New Comment=RES 47K-5%-1/8W-SMD
Change Component Comment : Designator=R3F Old Comment= New Comment=RES 47K-5%-1/8W-SMD
Change Component Comment : Designator=R3G Old Comment= New Comment=RES 47K-5%-1/8W-SMD
Change Component Comment : Designator=R3H Old Comment= New Comment=RES 47K-5%-1/8W-SMD
Change Component Comment : Designator=R6A Old Comment= New Comment=RES 47K-5%-1/8W-SMD
Change Component Comment : Designator=R6B Old Comment= New Comment=RES 47K-5%-1/8W-SMD
Change Component Comment : Designator=R6C Old Comment= New Comment=RES 47K-5%-1/8W-SMD
Change Component Comment : Designator=R6D Old Comment= New Comment=RES 47K-5%-1/8W-SMD
Change Component Comment : Designator=R6E Old Comment= New Comment=RES 47K-5%-1/8W-SMD
Change Component Comment : Designator=R6F Old Comment= New Comment=RES 47K-5%-1/8W-SMD
Change Component Comment : Designator=R6G Old Comment= New Comment=RES 47K-5%-1/8W-SMD
Change Component Comment : Designator=R6H Old Comment= New Comment=RES 47K-5%-1/8W-SMD
Change Component Comment : Designator=R4A Old Comment= New Comment=RES 100R-5%-1/8W-SMD
Change Component Comment : Designator=R4B Old Comment= New Comment=RES 100R-5%-1/8W-SMD
Change Component Comment : Designator=R4C Old Comment= New Comment=RES 100R-5%-1/8W-SMD
Change Component Comment : Designator=R4D Old Comment= New Comment=RES 100R-5%-1/8W-SMD
Change Component Comment : Designator=R4E Old Comment= New Comment=RES 100R-5%-1/8W-SMD
Change Component Comment : Designator=R4F Old Comment= New Comment=RES 100R-5%-1/8W-SMD
Change Component Comment : Designator=R4G Old Comment= New Comment=RES 100R-5%-1/8W-SMD
Change Component Comment : Designator=R4H Old Comment= New Comment=RES 100R-5%-1/8W-SMD
Change Component Comment : Designator=R7A Old Comment= New Comment=RES 470R-5%-1/8W-SMD
Change Component Comment : Designator=R7B Old Comment= New Comment=RES 470R-5%-1/8W-SMD
Change Component Comment : Designator=R7C Old Comment= New Comment=RES 470R-5%-1/8W-SMD
Change Component Comment : Designator=R7D Old Comment= New Comment=RES 470R-5%-1/8W-SMD
Change Component Comment : Designator=R7E Old Comment= New Comment=RES 470R-5%-1/8W-SMD
Change Component Comment : Designator=R7F Old Comment= New Comment=RES 470R-5%-1/8W-SMD
Change Component Comment : Designator=R7G Old Comment= New Comment=RES 470R-5%-1/8W-SMD
Change Component Comment : Designator=R7H Old Comment= New Comment=RES 470R-5%-1/8W-SMD
Change Component Comment : Designator=R2A Old Comment= New Comment=RES 680R-5%-1/8W-SMD
Change Component Comment : Designator=R2B Old Comment= New Comment=RES 680R-5%-1/8W-SMD
Change Component Comment : Designator=R2C Old Comment= New Comment=RES 680R-5%-1/8W-SMD
Change Component Comment : Designator=R2D Old Comment= New Comment=RES 680R-5%-1/8W-SMD
Change Component Comment : Designator=R2E Old Comment= New Comment=RES 680R-5%-1/8W-SMD
Change Component Comment : Designator=R2F Old Comment= New Comment=RES 680R-5%-1/8W-SMD
Change Component Comment : Designator=R2G Old Comment= New Comment=RES 680R-5%-1/8W-SMD
Change Component Comment : Designator=R2H Old Comment= New Comment=RES 680R-5%-1/8W-SMD
Change Component Comment : Designator=CN3 Old Comment=0.5mm-Horizontal New Comment=Connector FPC Right-2mm-40 Pin
Change Component Comment : Designator=R10 Old Comment=1K-1/8W-5% New Comment=RES 1K-5%-1/8W-SMD
Change Component Comment : Designator=R21 Old Comment=1K-1/8W-5% New Comment=RES 1K-5%-1/8W-SMD
Change Component Comment : Designator=MIC1 Old Comment=2.2mm New Comment=Mic 2.2mm-THD
Change Component Comment : Designator=LED2 Old Comment=3V3D New Comment=LED RED-0805-SMD
Change Component Comment : Designator=R8 Old Comment=4.7K-1/8W-5% New Comment=RES 4.7K-5%-1/8W-SMD
Change Component Comment : Designator=R9 Old Comment=4.7K-1/8W-5% New Comment=RES 4.7K-5%-1/8W-SMD
Change Component Comment : Designator=R11 Old Comment=4.7K-1/8W-5% New Comment=RES 4.7K-5%-1/8W-SMD
Change Component Comment : Designator=R12 Old Comment=4.7K-1/8W-5% New Comment=RES 4.7K-5%-1/8W-SMD
Change Component Comment : Designator=R14 Old Comment=4.7K-1/8W-5% New Comment=RES 4.7K-5%-1/8W-SMD
Change Component Comment : Designator=R17 Old Comment=4.7K-1/8W-5% New Comment=RES 4.7K-5%-1/8W-SMD
Change Component Comment : Designator=R18 Old Comment=4.7K-1/8W-5% New Comment=RES 4.7K-5%-1/8W-SMD
Change Component Comment : Designator=R19 Old Comment=4.7K-1/8W-5% New Comment=RES 4.7K-5%-1/8W-SMD
Change Component Comment : Designator=R23 Old Comment=4.7K-1/8W-5% New Comment=RES 4.7K-5%-1/8W-SMD
Change Component Comment : Designator=R24 Old Comment=4.7K-1/8W-5% New Comment=RES 4.7K-5%-1/8W-SMD
Change Component Comment : Designator=R22 Old Comment=10K-1/8W-5% New Comment=RES 10K-5%-1/8W-SMD
Change Component Comment : Designator=R15 Old Comment=10R-1/8W-5% New Comment=RES 10R-5%-1/8W-SMD
Change Component Comment : Designator=R16 Old Comment=10R-1/8W-5% New Comment=RES 10R-5%-1/8W-SMD
Change Component Comment : Designator=R20 Old Comment=10R-1/8W-5% New Comment=RES 10R-5%-1/8W-SMD
Change Component Comment : Designator=R13 Old Comment=82K-1/8W-5% New Comment=RES 82K-5%-1/8W-SMD
Change Component Comment : Designator=U4 Old Comment=AMS1117-3.3V New Comment=Reg AMS1117-3.3V-SMD
Change Component Comment : Designator=U1 Old Comment=AT24C04 New Comment=IC AT24C04-SMD
Change Component Comment : Designator=H1 Old Comment=BOOT New Comment=Header 4x1 Pin -Straight-Male-2.54mm
Change Component Comment : Designator=CN1A Old Comment=Connector XH/VH/TE-Straight/Right-THD/SMD-?mm New Comment=Connector XH-Straight-THD-2.54mm
Change Component Comment : Designator=CN1B Old Comment=Connector XH/VH/TE-Straight/Right-THD/SMD-?mm New Comment=Connector XH-Straight-THD-2.54mm
Change Component Comment : Designator=CN1C Old Comment=Connector XH/VH/TE-Straight/Right-THD/SMD-?mm New Comment=Connector XH-Straight-THD-2.54mm
Change Component Comment : Designator=CN1D Old Comment=Connector XH/VH/TE-Straight/Right-THD/SMD-?mm New Comment=Connector XH-Straight-THD-2.54mm
Change Component Comment : Designator=CN1E Old Comment=Connector XH/VH/TE-Straight/Right-THD/SMD-?mm New Comment=Connector XH-Straight-THD-2.54mm
Change Component Comment : Designator=CN1F Old Comment=Connector XH/VH/TE-Straight/Right-THD/SMD-?mm New Comment=Connector XH-Straight-THD-2.54mm
Change Component Comment : Designator=CN1G Old Comment=Connector XH/VH/TE-Straight/Right-THD/SMD-?mm New Comment=Connector XH-Straight-THD-2.54mm
Change Component Comment : Designator=CN1H Old Comment=Connector XH/VH/TE-Straight/Right-THD/SMD-?mm New Comment=Connector XH-Straight-THD-2.54mm
Change Component Comment : Designator=CN5 Old Comment=Connector XH/VH/TE-Straight/Right-THD/SMD-?mm New Comment=Connector XH-Straight-THD-2.54mm
Change Component Comment : Designator=FB1 Old Comment=FERRITE BEAD New Comment=Ferrite Bead SMD
Change Component Comment : Designator=FB2 Old Comment=FERRITE BEAD New Comment=Ferrite Bead SMD
Change Component Comment : Designator=FB3 Old Comment=FERRITE BEAD New Comment=Ferrite Bead SMD
Change Component Comment : Designator=U2 Old Comment=ISD1730 New Comment=IC ISD1730-SMD
Change Component Comment : Designator=S2 Old Comment=RESET New Comment=Push Button 3x6mm-2Pin-SMD
Change Component Comment : Designator=Q3 Old Comment=S8050(J3Y) New Comment=TR S8050-SMD
Change Component Comment : Designator=TR1 Old Comment=Terminal KF?/Phoenix-2Pin-?mm-Straight/Right New Comment=Terminal KF301-2Pin-5.08mm-Straight
Change Component Comment : Designator=S1A Old Comment=UP New Comment=Push Button 3x6mm-2Pin-SMD
Change Component Comment : Designator=S1B Old Comment=UP New Comment=Push Button 3x6mm-2Pin-SMD
Change Component Comment : Designator=S1C Old Comment=UP New Comment=Push Button 3x6mm-2Pin-SMD
Change Component Comment : Designator=CN2 Old Comment=XH-2 New Comment=Connector XH-2-Straight-THD-2.54mm
Change Component Comment : Designator=LED1 Old Comment=YELLO-0805 New Comment=LED GREEN-1206-SMD
Change Component Designator: OldDesignator=C40 NewDesignator=C29
Change Component Designator: OldDesignator=C41 NewDesignator=C30
Change Component Designator: OldDesignator=C42 NewDesignator=C31
Change Component Designator: OldDesignator=C43 NewDesignator=C32
Change Component Designator: OldDesignator=C44 NewDesignator=C33
Change Component Designator: OldDesignator=C45 NewDesignator=C34
Change Component Designator: OldDesignator=C46 NewDesignator=C35
Change Component Designator: OldDesignator=C47 NewDesignator=C36
Change Component Designator: OldDesignator=C48 NewDesignator=C37
Change Component Designator: OldDesignator=CN5 NewDesignator=CN4
Change Component Designator: OldDesignator=D1 NewDesignator=D2
Change Component Designator: OldDesignator=D2 NewDesignator=D3
Change Component Designator: OldDesignator=D3A NewDesignator=D1A
Change Component Designator: OldDesignator=D3B NewDesignator=D1B
Change Component Designator: OldDesignator=D3C NewDesignator=D1C
Change Component Designator: OldDesignator=D3D NewDesignator=D1D
Change Component Designator: OldDesignator=D3E NewDesignator=D1E
Change Component Designator: OldDesignator=D3F NewDesignator=D1F
Change Component Designator: OldDesignator=D3G NewDesignator=D1G
Change Component Designator: OldDesignator=D3H NewDesignator=D1H
Change Component Designator: OldDesignator=LED3 NewDesignator=LED4
Change Component Designator: OldDesignator=Q1A NewDesignator=Q2A
Change Component Designator: OldDesignator=Q1B NewDesignator=Q2B
Change Component Designator: OldDesignator=Q1C NewDesignator=Q2C
Change Component Designator: OldDesignator=Q1D NewDesignator=Q2D
Change Component Designator: OldDesignator=Q1E NewDesignator=Q2E
Change Component Designator: OldDesignator=Q1F NewDesignator=Q2F
Change Component Designator: OldDesignator=Q1G NewDesignator=Q2G
Change Component Designator: OldDesignator=Q1H NewDesignator=Q2H
Change Component Designator: OldDesignator=Q2A NewDesignator=Q1A
Change Component Designator: OldDesignator=Q2B NewDesignator=Q1B
Change Component Designator: OldDesignator=Q2C NewDesignator=Q1C
Change Component Designator: OldDesignator=Q2D NewDesignator=Q1D
Change Component Designator: OldDesignator=Q2E NewDesignator=Q1E
Change Component Designator: OldDesignator=Q2F NewDesignator=Q1F
Change Component Designator: OldDesignator=Q2G NewDesignator=Q1G
Change Component Designator: OldDesignator=Q2H NewDesignator=Q1H
Change Component Designator: OldDesignator=R29 NewDesignator=R30
Change Component Designator: OldDesignator=TP5 NewDesignator=TP12
Change Component Designator: OldDesignator=TP6 NewDesignator=TP5
Change Component Designator: OldDesignator=TP7 NewDesignator=TP6
Change Component Designator: OldDesignator=TP8 NewDesignator=TP13
Change Component Designator: OldDesignator=TP9 NewDesignator=TP7
Change Component Designator: OldDesignator=TP11 NewDesignator=TP8
Change Component Designator: OldDesignator=TP12 NewDesignator=TP9
Change Component Designator: OldDesignator=TP13 NewDesignator=TP10
Change Component Designator: OldDesignator=TP14 NewDesignator=TP11
Change component parameters: Designator = "R25" ("R25"); Footprint = "R-0805"; UniqueID = "\WHSGVRKY\ETAKBKCH" ("\WHSGVRKY\ETAKBKCH")
Change component parameters (AddParameter): Name = "ComponentLink1Description"; Value = "Linkedin"; VariantName = "[No Variations]"
Change component parameters (AddParameter): Name = "ComponentLink1URL"; Value = "https://ir.linkedin.com/in/mahdi-bagherzade"; VariantName = "[No Variations]"
Change component parameters (AddParameter): Name = "Phone Number"; Value = "0915 8700 314"; VariantName = "[No Variations]"
Change component parameters (AddParameter): Name = "Power"; Value = "1/8W"; VariantName = "[No Variations]"
Change component parameters (AddParameter): Name = "Published Date"; Value = "9-15-2024"; VariantName = "[No Variations]"
Change component parameters (AddParameter): Name = "Publisher"; Value = "Mahdi Bagherzadeh"; VariantName = "[No Variations]"
Change component parameters (AddParameter): Name = "Tolerance"; Value = "5%"; VariantName = "[No Variations]"
Change component parameters (AddParameter): Name = "Type"; Value = "SMD"; VariantName = "[No Variations]"
Change component parameters (AddParameter): Name = "Value"; Value = "10K"; VariantName = "[No Variations]"
Added Component: Designator=C25(C-0805)
Add component (AddParameter): Name = "ComponentLink1Description"; Value = "Linkedin"; VariantName = "[No Variations]"
Add component (AddParameter): Name = "ComponentLink1URL"; Value = "https://ir.linkedin.com/in/mahdi-bagherzade"; VariantName = "[No Variations]"
Add component (AddParameter): Name = "Phone Number"; Value = "0915 8700 314"; VariantName = "[No Variations]"
Add component (AddParameter): Name = "Published Date"; Value = "9-15-2024"; VariantName = "[No Variations]"
Add component (AddParameter): Name = "Publisher"; Value = "Mahdi Bagherzadeh"; VariantName = "[No Variations]"
Add component (AddParameter): Name = "Tolerance"; Value = "X7R"; VariantName = "[No Variations]"
Add component (AddParameter): Name = "Type"; Value = "SMD"; VariantName = "[No Variations]"
Add component (AddParameter): Name = "Value"; Value = "22uF"; VariantName = "[No Variations]"
Add component (AddParameter): Name = "Voltage"; Value = "50V"; VariantName = "[No Variations]"
Added Component: Designator=C26(C-0805)
Add component (AddParameter): Name = "ComponentLink1Description"; Value = "Linkedin"; VariantName = "[No Variations]"
Add component (AddParameter): Name = "ComponentLink1URL"; Value = "https://ir.linkedin.com/in/mahdi-bagherzade"; VariantName = "[No Variations]"
Add component (AddParameter): Name = "Phone Number"; Value = "0915 8700 314"; VariantName = "[No Variations]"
Add component (AddParameter): Name = "Published Date"; Value = "9-15-2024"; VariantName = "[No Variations]"
Add component (AddParameter): Name = "Publisher"; Value = "Mahdi Bagherzadeh"; VariantName = "[No Variations]"
Add component (AddParameter): Name = "Tolerance"; Value = "X7R"; VariantName = "[No Variations]"
Add component (AddParameter): Name = "Type"; Value = "SMD"; VariantName = "[No Variations]"
Add component (AddParameter): Name = "Value"; Value = "100nF"; VariantName = "[No Variations]"
Add component (AddParameter): Name = "Voltage"; Value = "50V"; VariantName = "[No Variations]"
Added Component: Designator=C27(C-0805)
Add component (AddParameter): Name = "ComponentLink1Description"; Value = "Linkedin"; VariantName = "[No Variations]"
Add component (AddParameter): Name = "ComponentLink1URL"; Value = "https://ir.linkedin.com/in/mahdi-bagherzade"; VariantName = "[No Variations]"
Add component (AddParameter): Name = "Phone Number"; Value = "0915 8700 314"; VariantName = "[No Variations]"
Add component (AddParameter): Name = "Published Date"; Value = "9-15-2024"; VariantName = "[No Variations]"
Add component (AddParameter): Name = "Publisher"; Value = "Mahdi Bagherzadeh"; VariantName = "[No Variations]"
Add component (AddParameter): Name = "Tolerance"; Value = "X7R"; VariantName = "[No Variations]"
Add component (AddParameter): Name = "Type"; Value = "SMD"; VariantName = "[No Variations]"
Add component (AddParameter): Name = "Value"; Value = "10uF"; VariantName = "[No Variations]"
Add component (AddParameter): Name = "Voltage"; Value = "50V"; VariantName = "[No Variations]"
Added Component: Designator=C28(C-0805)
Add component (AddParameter): Name = "ComponentLink1Description"; Value = "Linkedin"; VariantName = "[No Variations]"
Add component (AddParameter): Name = "ComponentLink1URL"; Value = "https://ir.linkedin.com/in/mahdi-bagherzade"; VariantName = "[No Variations]"
Add component (AddParameter): Name = "Phone Number"; Value = "0915 8700 314"; VariantName = "[No Variations]"
Add component (AddParameter): Name = "Published Date"; Value = "9-15-2024"; VariantName = "[No Variations]"
Add component (AddParameter): Name = "Publisher"; Value = "Mahdi Bagherzadeh"; VariantName = "[No Variations]"
Add component (AddParameter): Name = "Tolerance"; Value = "X7R"; VariantName = "[No Variations]"
Add component (AddParameter): Name = "Type"; Value = "SMD"; VariantName = "[No Variations]"
Add component (AddParameter): Name = "Value"; Value = "100nF"; VariantName = "[No Variations]"
Add component (AddParameter): Name = "Voltage"; Value = "50V"; VariantName = "[No Variations]"
Added Component: Designator=H2(H-3pin-M-S)
Add component (AddParameter): Name = "ComponentLink1Description"; Value = "Linkedin"; VariantName = "[No Variations]"
Add component (AddParameter): Name = "ComponentLink1URL"; Value = "https://ir.linkedin.com/in/mahdi-bagherzade"; VariantName = "[No Variations]"
Add component (AddParameter): Name = "Phone Number"; Value = "0915 8700 314"; VariantName = "[No Variations]"
Add component (AddParameter): Name = "Published Date"; Value = "9-15-2024"; VariantName = "[No Variations]"
Add component (AddParameter): Name = "Publisher"; Value = "Mahdi Bagherzadeh"; VariantName = "[No Variations]"
Add component (AddParameter): Name = "Size"; Value = "2.54mm"; VariantName = "[No Variations]"
Add component (AddParameter): Name = "Type"; Value = "Straight-Male"; VariantName = "[No Variations]"
Add component (AddParameter): Name = "Value"; Value = ""; VariantName = "[No Variations]"
Added Component: Designator=LED3(LED-1206-Y)
Add component (AddParameter): Name = "Color"; Value = "GREEN"; VariantName = "[No Variations]"
Add component (AddParameter): Name = "ComponentLink1Description"; Value = "Linkedin"; VariantName = "[No Variations]"
Add component (AddParameter): Name = "ComponentLink1URL"; Value = "https://ir.linkedin.com/in/mahdi-bagherzade"; VariantName = "[No Variations]"
Add component (AddParameter): Name = "Phone Number"; Value = "0915 8700 314"; VariantName = "[No Variations]"
Add component (AddParameter): Name = "Published Date"; Value = "9-15-2024"; VariantName = "[No Variations]"
Add component (AddParameter): Name = "Publisher"; Value = "Mahdi Bagherzadeh"; VariantName = "[No Variations]"
Add component (AddParameter): Name = "Size"; Value = "1206"; VariantName = "[No Variations]"
Add component (AddParameter): Name = "Type"; Value = "SMD"; VariantName = "[No Variations]"
Added Component: Designator=R29(R-0805)
Add component (AddParameter): Name = "ComponentLink1Description"; Value = "Linkedin"; VariantName = "[No Variations]"
Add component (AddParameter): Name = "ComponentLink1URL"; Value = "https://ir.linkedin.com/in/mahdi-bagherzade"; VariantName = "[No Variations]"
Add component (AddParameter): Name = "Phone Number"; Value = "0915 8700 314"; VariantName = "[No Variations]"
Add component (AddParameter): Name = "Power"; Value = "1/8W"; VariantName = "[No Variations]"
Add component (AddParameter): Name = "Published Date"; Value = "9-15-2024"; VariantName = "[No Variations]"
Add component (AddParameter): Name = "Publisher"; Value = "Mahdi Bagherzadeh"; VariantName = "[No Variations]"
Add component (AddParameter): Name = "Tolerance"; Value = "5%"; VariantName = "[No Variations]"
Add component (AddParameter): Name = "Type"; Value = "SMD"; VariantName = "[No Variations]"
Add component (AddParameter): Name = "Value"; Value = "2.2K"; VariantName = "[No Variations]"
Added Pin To Net: NetName=GND_MCU Pin=C11-1
Added Pin To Net: NetName=VCC_TFT Pin=C11-2
Added Pin To Net: NetName=GND_MCU Pin=C12-1
Added Pin To Net: NetName=VCC_TFT Pin=C12-2
Added Pin To Net: NetName=GND_MCU Pin=C13-1
Added Pin To Net: NetName=VCC_TFT Pin=C13-2
Added Pin To Net: NetName=GND_MCU Pin=C14-1
Added Pin To Net: NetName=VCC_TFT Pin=C14-2
Added Pin To Net: NetName=GND_MCU Pin=C15-1
Added Pin To Net: NetName=VCC_TFT Pin=C15-2
Added Pin To Net: NetName=GND_MCU Pin=C16-1
Added Pin To Net: NetName=VCC_TFT Pin=C16-2
Added Pin To Net: NetName=GND_MCU Pin=C17-1
Added Pin To Net: NetName=MCU_NRST Pin=C17-2
Added Pin To Net: NetName=GND_MCU Pin=C18-1
Added Pin To Net: NetName=MCU_OCS_N Pin=C18-2
Added Pin To Net: NetName=GND_MCU Pin=C19-1
Added Pin To Net: NetName=MCU_OCS_P Pin=C19-2
Added Pin To Net: NetName=GND Pin=C25-1
Added Pin To Net: NetName=+5 Pin=C25-2
Added Pin To Net: NetName=GND Pin=C26-1
Added Pin To Net: NetName=+5 Pin=C26-2
Added Pin To Net: NetName=GND_MCU Pin=C27-1
Added Pin To Net: NetName=+3V3 Pin=C27-2
Added Pin To Net: NetName=GND_MCU Pin=C28-1
Added Pin To Net: NetName=+3V3 Pin=C28-2
Added Pin To Net: NetName=TFT_IM2 Pin=CN3-1
Added Pin To Net: NetName=TFT_IM1 Pin=CN3-2
Added Pin To Net: NetName=TFT_IM0 Pin=CN3-3
Added Pin To Net: NetName=GND_MCU Pin=CN3-4
Added Pin To Net: NetName=TFT_LED_K3 Pin=CN3-5
Added Pin To Net: NetName=TFT_LED_K2 Pin=CN3-6
Added Pin To Net: NetName=TFT_LED_K1 Pin=CN3-7
Added Pin To Net: NetName=VCC_TFT Pin=CN3-8
Added Pin To Net: NetName=GND_MCU Pin=CN3-9
Added Pin To Net: NetName=GND_MCU Pin=CN3-10
Added Pin To Net: NetName=GND_MCU Pin=CN3-11
Added Pin To Net: NetName=GND_MCU Pin=CN3-12
Added Pin To Net: NetName=GND_MCU Pin=CN3-13
Added Pin To Net: NetName=GND_MCU Pin=CN3-14
Added Pin To Net: NetName=GND_MCU Pin=CN3-15
Added Pin To Net: NetName=TFT_RES Pin=CN3-26
Added Pin To Net: NetName=TFT_MISO Pin=CN3-27
Added Pin To Net: NetName=TFT_MOSI Pin=CN3-28
Added Pin To Net: NetName=VCC_TFT Pin=CN3-29
Added Pin To Net: NetName=TFT_DC Pin=CN3-30
Added Pin To Net: NetName=TFT_CLK Pin=CN3-31
Added Pin To Net: NetName=TFT_CS Pin=CN3-32
Added Pin To Net: NetName=VCC_TFT Pin=CN3-34
Added Pin To Net: NetName=VCC_TFT Pin=CN3-35
Added Pin To Net: NetName=GND_MCU Pin=CN3-36
Added Pin To Net: NetName=TFT_YD Pin=CN3-37
Added Pin To Net: NetName=TFT_XR Pin=CN3-38
Added Pin To Net: NetName=TFT_YU Pin=CN3-39
Added Pin To Net: NetName=TFT_XL Pin=CN3-40
Added Pin To Net: NetName=MCU_SWDIO Pin=H1-1
Added Pin To Net: NetName=VCC_MCU Pin=H1-2
Added Pin To Net: NetName=MCU_SWCLK Pin=H1-3
Added Pin To Net: NetName=GND_MCU Pin=H1-4
Added Pin To Net: NetName=MCU_BOOT0 Pin=H2-2
Added Pin To Net: NetName=GND_MCU Pin=H2-3
Added Pin To Net: NetName=NetQ1A_2 Pin=Q1A-2
Added Pin To Net: NetName=NetQ1B_2 Pin=Q1B-2
Added Pin To Net: NetName=NetQ1C_2 Pin=Q1C-2
Added Pin To Net: NetName=NetQ1D_2 Pin=Q1D-2
Added Pin To Net: NetName=NetQ1E_2 Pin=Q1E-2
Added Pin To Net: NetName=NetQ1F_2 Pin=Q1F-2
Added Pin To Net: NetName=NetQ1G_2 Pin=Q1G-2
Added Pin To Net: NetName=NetQ1H_2 Pin=Q1H-2
Added Pin To Net: NetName=NetQ2A_2 Pin=Q2A-2
Added Pin To Net: NetName=NetQ2B_2 Pin=Q2B-2
Added Pin To Net: NetName=NetQ2C_2 Pin=Q2C-2
Added Pin To Net: NetName=NetQ2D_2 Pin=Q2D-2
Added Pin To Net: NetName=NetQ2E_2 Pin=Q2E-2
Added Pin To Net: NetName=NetQ2F_2 Pin=Q2F-2
Added Pin To Net: NetName=NetQ2G_2 Pin=Q2G-2
Added Pin To Net: NetName=NetQ2H_2 Pin=Q2H-2
Added Pin To Net: NetName=MCU_LED1 Pin=R2A-2
Added Pin To Net: NetName=MCU_LED2 Pin=R2B-2
Added Pin To Net: NetName=MCU_LED3 Pin=R2C-2
Added Pin To Net: NetName=MCU_LED4 Pin=R2D-2
Added Pin To Net: NetName=MCU_LED5 Pin=R2E-2
Added Pin To Net: NetName=MCU_LED6 Pin=R2F-2
Added Pin To Net: NetName=MCU_LED7 Pin=R2G-2
Added Pin To Net: NetName=MCU_LED8 Pin=R2H-2
Added Pin To Net: NetName=NetQ1A_2 Pin=R3A-1
Added Pin To Net: NetName=GND Pin=R3A-2
Added Pin To Net: NetName=NetQ1B_2 Pin=R3B-1
Added Pin To Net: NetName=GND Pin=R3B-2
Added Pin To Net: NetName=NetQ1C_2 Pin=R3C-1
Added Pin To Net: NetName=GND Pin=R3C-2
Added Pin To Net: NetName=NetQ1D_2 Pin=R3D-1
Added Pin To Net: NetName=GND Pin=R3D-2
Added Pin To Net: NetName=NetQ1E_2 Pin=R3E-1
Added Pin To Net: NetName=GND Pin=R3E-2
Added Pin To Net: NetName=NetQ1F_2 Pin=R3F-1
Added Pin To Net: NetName=GND Pin=R3F-2
Added Pin To Net: NetName=NetQ1G_2 Pin=R3G-1
Added Pin To Net: NetName=GND Pin=R3G-2
Added Pin To Net: NetName=NetQ1H_2 Pin=R3H-1
Added Pin To Net: NetName=GND Pin=R3H-2
Added Pin To Net: NetName=MCU_LOCK1 Pin=R4A-1
Added Pin To Net: NetName=NetQ2A_2 Pin=R4A-2
Added Pin To Net: NetName=MCU_LOCK2 Pin=R4B-1
Added Pin To Net: NetName=NetQ2B_2 Pin=R4B-2
Added Pin To Net: NetName=MCU_LOCK3 Pin=R4C-1
Added Pin To Net: NetName=NetQ2C_2 Pin=R4C-2
Added Pin To Net: NetName=MCU_LOCK4 Pin=R4D-1
Added Pin To Net: NetName=NetQ2D_2 Pin=R4D-2
Added Pin To Net: NetName=MCU_LOCK5 Pin=R4E-1
Added Pin To Net: NetName=NetQ2E_2 Pin=R4E-2
Added Pin To Net: NetName=MCU_LOCK6 Pin=R4F-1
Added Pin To Net: NetName=NetQ2F_2 Pin=R4F-2
Added Pin To Net: NetName=MCU_LOCK7 Pin=R4G-1
Added Pin To Net: NetName=NetQ2G_2 Pin=R4G-2
Added Pin To Net: NetName=MCU_LOCK8 Pin=R4H-1
Added Pin To Net: NetName=NetQ2H_2 Pin=R4H-2
Added Pin To Net: NetName=VCC_EEPROM Pin=R8-1
Added Pin To Net: NetName=MCU_SCL Pin=R8-2
Added Pin To Net: NetName=VCC_EEPROM Pin=R9-1
Added Pin To Net: NetName=MCU_SDA Pin=R9-2
Added Pin To Net: NetName=VCC_ISD Pin=R11-1
Added Pin To Net: NetName=NetC4_1 Pin=R11-2
Added Pin To Net: NetName=NetC4_1 Pin=R12-1
Added Pin To Net: NetName=NetC5_1 Pin=R12-2
Added Pin To Net: NetName=GND_MCU Pin=R13-2
Added Pin To Net: NetName=NetC6_1 Pin=R14-1
Added Pin To Net: NetName=GND_MCU Pin=R14-2
Added Pin To Net: NetName=TFT_LED_K1 Pin=R15-1
Added Pin To Net: NetName=NetQ3_3 Pin=R15-2
Added Pin To Net: NetName=TFT_LED_K2 Pin=R16-1
Added Pin To Net: NetName=NetQ3_3 Pin=R16-2
Added Pin To Net: NetName=VCC_TFT Pin=R17-1
Added Pin To Net: NetName=TFT_IM2 Pin=R17-2
Added Pin To Net: NetName=VCC_TFT Pin=R18-1
Added Pin To Net: NetName=TFT_IM1 Pin=R18-2
Added Pin To Net: NetName=VCC_TFT Pin=R19-1
Added Pin To Net: NetName=TFT_IM0 Pin=R19-2
Added Pin To Net: NetName=TFT_LED_K3 Pin=R20-1
Added Pin To Net: NetName=NetQ3_3 Pin=R20-2
Added Pin To Net: NetName=TFT_IM1 Pin=R23-1
Added Pin To Net: NetName=GND_MCU Pin=R23-2
Added Pin To Net: NetName=TFT_IM0 Pin=R24-1
Added Pin To Net: NetName=GND_MCU Pin=R24-2
Added Pin To Net: NetName=GND Pin=R29-2
Added Pin To Net: NetName=MCU_LED1 Pin=U3-2
Added Pin To Net: NetName=MCU_LOCK1 Pin=U3-3
Added Pin To Net: NetName=MCU_MAGNET1 Pin=U3-4
Added Pin To Net: NetName=MCU_KEY1 Pin=U3-9
Added Pin To Net: NetName=MCU_KEY2 Pin=U3-10
Added Pin To Net: NetName=MCU_KEY3 Pin=U3-11
Added Pin To Net: NetName=MCU_LED8 Pin=U3-27
Added Pin To Net: NetName=MCU_LOCK8 Pin=U3-28
Added Pin To Net: NetName=MCU_MAGNET8 Pin=U3-29
Added Pin To Net: NetName=MCU_LED7 Pin=U3-30
Added Pin To Net: NetName=MCU_LOCK7 Pin=U3-37
Added Pin To Net: NetName=MCU_MAGNET7 Pin=U3-38
Added Pin To Net: NetName=MCU_LED6 Pin=U3-39
Added Pin To Net: NetName=MCU_LOCK6 Pin=U3-40
Added Pin To Net: NetName=MCU_MAGNET6 Pin=U3-41
Added Pin To Net: NetName=MCU_LED5 Pin=U3-44
Added Pin To Net: NetName=MCU_LOCK5 Pin=U3-45
Added Pin To Net: NetName=MCU_MAGNET5 Pin=U3-50
Added Pin To Net: NetName=MCU_LED4 Pin=U3-51
Added Pin To Net: NetName=MCU_LOCK4 Pin=U3-52
Added Pin To Net: NetName=MCU_MAGNET4 Pin=U3-53
Added Pin To Net: NetName=MCU_LED3 Pin=U3-54
Added Pin To Net: NetName=MCU_LOCK3 Pin=U3-55
Added Pin To Net: NetName=MCU_MAGNET3 Pin=U3-56
Added Pin To Net: NetName=MCU_LED2 Pin=U3-57
Added Pin To Net: NetName=MCU_LOCK2 Pin=U3-61
Added Pin To Net: NetName=MCU_MAGNET2 Pin=U3-62
Added Pin To Net: NetName=GND Pin=U4-1
Change Net Name : Old Net Name=NetC44_1 New Net Name=NetC33_1
Change Net Name : Old Net Name=NetD1_1 New Net Name=NetD2_1
Change Net Name : Old Net Name=NetLED3_2 New Net Name=NetLED4_2
Added Pin To Net: NetName=NetH2_1 Pin=H2-1
Added Pin To Net: NetName=NetH2_1 Pin=R26-2
Added Net: Name=NetH2_1
Added Pin To Net: NetName=NetLED3_1 Pin=LED3-1
Added Pin To Net: NetName=NetLED3_1 Pin=U3-8
Added Net: Name=NetLED3_1
Added Pin To Net: NetName=NetLED3_2 Pin=LED3-2
Added Pin To Net: NetName=NetLED3_2 Pin=R29-1
Added Net: Name=NetLED3_2
Added Pin To Net: NetName=NetR13_1 Pin=R13-1
Added Pin To Net: NetName=NetR13_1 Pin=U2-20
Added Net: Name=NetR13_1
Added Member To Class: ClassName=STM_AUX Member=Component C25 CAP Cer 22uF-50V-X7R-SMD
Added Member To Class: ClassName=STM_AUX Member=Component C26 CAP Cer 100nF-50V-X7R-SMD
Added Member To Class: ClassName=STM_AUX Member=Component C27 CAP Cer 10uF-50V-X7R-SMD
Added Member To Class: ClassName=STM_AUX Member=Component C28 CAP Cer 100nF-50V-X7R-SMD
Added Member To Class: ClassName=STM_AUX Member=Component C29 CAP Cer 10uF-50V-X7R-SMD
Added Member To Class: ClassName=STM_AUX Member=Component C30 CAP Cer 100nF-50V-X7R-SMD
Added Member To Class: ClassName=Interface Member=Component C31 CAP Cer 100nF-50V-X7R-SMD
Added Member To Class: ClassName=Interface Member=Component C32 CAP Cer 1uF-50V-X7R-SMD
Added Member To Class: ClassName=Interface Member=Component C33 CAP Cer 10nF-1KV-X7R-THD
Added Member To Class: ClassName=Power Member=Component C34 CAP Elec 1000uF-25V-10x25-THD
Added Member To Class: ClassName=CHANNELB Member=Component D1A (D1) Diode 1N4148-SMD
Added Member To Class: ClassName=CHANNELC Member=Component D1B (D1) Diode 1N4148-SMD
Added Member To Class: ClassName=CHANNELD Member=Component D1C (D1) Diode 1N4148-SMD
Added Member To Class: ClassName=CHANNELE Member=Component D1D (D1) Diode 1N4148-SMD
Added Member To Class: ClassName=CHANNELF Member=Component D1E (D1) Diode 1N4148-SMD
Added Member To Class: ClassName=CHANNELG Member=Component D1F (D1) Diode 1N4148-SMD
Added Member To Class: ClassName=CHANNELH Member=Component D1G (D1) Diode 1N4148-SMD
Added Member To Class: ClassName=CHANNELI Member=Component D1H (D1) Diode 1N4148-SMD
Added Member To Class: ClassName=Power Member=Component D3 Diode 1N5408-SMD
Added Member To Class: ClassName=STM_AUX Member=Component H2 Header 3x1 Pin -Straight-Male-2.54mm
Added Member To Class: ClassName=Interface Member=Component LED3 LED GREEN-1206-SMD
Added Member To Class: ClassName=Power Member=Component LED4 LED GREEN-1206-SMD
Added Member To Class: ClassName=STM_AUX Member=Component R25 RES 10K-5%-1/8W-SMD
Added Member To Class: ClassName=Interface Member=Component R29 RES 2.2K-5%-1/8W-SMD
Added Member To Class: ClassName=Power Member=Component R30 RES 2.2K-5%-1/8W-SMD
Added Member To Class: ClassName=TFT Member=Component TP13
Added Member To Class: ClassName=STM32 Member=Wire NetLED3_1
Added Member To Class: ClassName=ISD Member=Wire NetR13_1
