Removed Pin From Net: NetName=TFT_IM2 Pin=CN3-1
Removed Pin From Net: NetName=TFT_IM1 Pin=CN3-2
Removed Pin From Net: NetName=TFT_IM0 Pin=CN3-3
Removed Pin From Net: NetName=GND_MCU Pin=CN3-4
Removed Pin From Net: NetName=TFT_LED_K3 Pin=CN3-5
Removed Pin From Net: NetName=TFT_LED_K2 Pin=CN3-6
Removed Pin From Net: NetName=TFT_LED_K1 Pin=CN3-7
Removed Pin From Net: NetName=VCC_TFT Pin=CN3-8
Removed Pin From Net: NetName=GND_MCU Pin=CN3-9
Removed Pin From Net: NetName=GND_MCU Pin=CN3-10
Removed Pin From Net: NetName=GND_MCU Pin=CN3-11
Removed Pin From Net: NetName=GND_MCU Pin=CN3-12
Removed Pin From Net: NetName=GND_MCU Pin=CN3-13
Removed Pin From Net: NetName=GND_MCU Pin=CN3-14
Removed Pin From Net: NetName=GND_MCU Pin=CN3-15
Removed Pin From Net: NetName=TFT_RES Pin=CN3-26
Removed Pin From Net: NetName=TFT_MISO Pin=CN3-27
Removed Pin From Net: NetName=TFT_MOSI Pin=CN3-28
Removed Pin From Net: NetName=VCC_TFT Pin=CN3-29
Removed Pin From Net: NetName=TFT_DC Pin=CN3-30
Removed Pin From Net: NetName=TFT_CLK Pin=CN3-31
Removed Pin From Net: NetName=TFT_CS Pin=CN3-32
Removed Pin From Net: NetName=VCC_TFT Pin=CN3-34
Removed Pin From Net: NetName=VCC_TFT Pin=CN3-35
Removed Pin From Net: NetName=GND_MCU Pin=CN3-36
Removed Pin From Net: NetName=TFT_YD Pin=CN3-37
Removed Pin From Net: NetName=TFT_XR Pin=CN3-38
Removed Pin From Net: NetName=TFT_YU Pin=CN3-39
Removed Pin From Net: NetName=TFT_XL Pin=CN3-40
Added Pin To Net: NetName=TFT_XL Pin=CN3-1
Added Pin To Net: NetName=TFT_YU Pin=CN3-2
Added Pin To Net: NetName=TFT_XR Pin=CN3-3
Added Pin To Net: NetName=TFT_YD Pin=CN3-4
Added Pin To Net: NetName=GND_MCU Pin=CN3-5
Added Pin To Net: NetName=VCC_TFT Pin=CN3-6
Added Pin To Net: NetName=VCC_TFT Pin=CN3-7
Added Pin To Net: NetName=TFT_CS Pin=CN3-9
Added Pin To Net: NetName=TFT_CLK Pin=CN3-10
Added Pin To Net: NetName=TFT_DC Pin=CN3-11
Added Pin To Net: NetName=VCC_TFT Pin=CN3-12
Added Pin To Net: NetName=TFT_MOSI Pin=CN3-13
Added Pin To Net: NetName=TFT_MISO Pin=CN3-14
Added Pin To Net: NetName=TFT_RES Pin=CN3-15
Added Pin To Net: NetName=GND_MCU Pin=CN3-26
Added Pin To Net: NetName=GND_MCU Pin=CN3-27
Added Pin To Net: NetName=GND_MCU Pin=CN3-28
Added Pin To Net: NetName=GND_MCU Pin=CN3-29
Added Pin To Net: NetName=GND_MCU Pin=CN3-30
Added Pin To Net: NetName=GND_MCU Pin=CN3-31
Added Pin To Net: NetName=GND_MCU Pin=CN3-32
Added Pin To Net: NetName=VCC_TFT Pin=CN3-33
Added Pin To Net: NetName=TFT_LED_K1 Pin=CN3-34
Added Pin To Net: NetName=TFT_LED_K2 Pin=CN3-35
Added Pin To Net: NetName=TFT_LED_K3 Pin=CN3-36
Added Pin To Net: NetName=GND_MCU Pin=CN3-37
Added Pin To Net: NetName=TFT_IM0 Pin=CN3-38
Added Pin To Net: NetName=TFT_IM1 Pin=CN3-39
Added Pin To Net: NetName=TFT_IM2 Pin=CN3-40
Added Member To Class: ClassName=TFT Member=Component CN3 Connector FPC Right-2mm-40 Pin
