Removed Pin From Net: NetName=VCC_MCU Pin=C25-1
Removed Pin From Net: NetName=GND_MCU Pin=C25-2
Removed Pin From Net: NetName=VCC_MCU Pin=C26-1
Removed Pin From Net: NetName=GND_MCU Pin=C26-2
Removed Pin From Net: NetName=VCC_MCU Pin=C27-1
Removed Pin From Net: NetName=GND_MCU Pin=C27-2
Removed Pin From Net: NetName=VCC_MCU Pin=C28-1
Removed Pin From Net: NetName=GND_MCU Pin=C28-2
Removed Pin From Net: NetName=VCC_MCU Pin=C29-1
Removed Pin From Net: NetName=GND_MCU Pin=C29-2
Removed Pin From Net: NetName=VCC_MCU Pin=C30-1
Removed Pin From Net: NetName=GND_MCU Pin=C30-2
Removed Pin From Net: NetName=VCC_MCU Pin=C31-1
Removed Pin From Net: NetName=GND_MCU Pin=C31-2
Removed Pin From Net: NetName=VCC_MCU Pin=C32-1
Removed Pin From Net: NetName=GND_MCU Pin=C32-2
Removed Pin From Net: NetName=VCC_MCU Pin=C33-1
Removed Pin From Net: NetName=GND_MCU Pin=C33-2
Removed Pin From Net: NetName=GND_MCU Pin=C34-2
Removed Pin From Net: NetName=GND_MCU Pin=C39-2
Removed Pin From Net: NetName=TFT_CLK Pin=TP5-1
Removed Pin From Net: NetName=TFT_MOSI Pin=TP8-1
Removed Pin From Net: NetName=TFT_MISO Pin=TP10-1
Removed Pin From Net: NetName=MCU_VBAT Pin=U3-6
Removed Pin From Net: NetName=MCU_LED8 Pin=U3-14
Removed Pin From Net: NetName=MCU_LOCK8 Pin=U3-15
Removed Pin From Net: NetName=GND_MCU Pin=U3-16
Removed Pin From Net: NetName=VCC_MCU Pin=U3-17
Removed Pin From Net: NetName=MCU_LED7 Pin=U3-18
Removed Pin From Net: NetName=MCU_LOCK7 Pin=U3-19
Removed Pin From Net: NetName=MCU_LED6 Pin=U3-20
Removed Pin From Net: NetName=MCU_LOCK6 Pin=U3-21
Removed Pin From Net: NetName=MCU_LED5 Pin=U3-22
Removed Pin From Net: NetName=MCU_OCS_N Pin=U3-23
Removed Pin From Net: NetName=MCU_OCS_P Pin=U3-24
Removed Pin From Net: NetName=MCU_NRST Pin=U3-25
Removed Pin From Net: NetName=MCU_LOCK5 Pin=U3-26
Removed Pin From Net: NetName=MCU_LED4 Pin=U3-27
Removed Pin From Net: NetName=MCU_LOCK4 Pin=U3-28
Removed Pin From Net: NetName=MCU_LED3 Pin=U3-29
Removed Pin From Net: NetName=VCC_MCU Pin=U3-30
Removed Pin From Net: NetName=VCC_MCU Pin=U3-33
Removed Pin From Net: NetName=MCU_LOCK3 Pin=U3-34
Removed Pin From Net: NetName=MCU_LED2 Pin=U3-35
Removed Pin From Net: NetName=MCU_LOCK2 Pin=U3-36
Removed Pin From Net: NetName=MCU_LED1 Pin=U3-37
Removed Pin From Net: NetName=GND_MCU Pin=U3-38
Removed Pin From Net: NetName=VCC_MCU Pin=U3-39
Removed Pin From Net: NetName=MCU_LOCK1 Pin=U3-40
Removed Pin From Net: NetName=TFT_CLK Pin=U3-41
Removed Pin From Net: NetName=TFT_MISO Pin=U3-42
Removed Pin From Net: NetName=TFT_MOSI Pin=U3-43
Removed Pin From Net: NetName=TFT_BLK Pin=U3-44
Removed Pin From Net: NetName=TFT_RES Pin=U3-45
Removed Pin From Net: NetName=TFT_DC Pin=U3-46
Removed Pin From Net: NetName=TFT_CS Pin=U3-47
Removed Pin From Net: NetName=GND_MCU Pin=U3-51
Removed Pin From Net: NetName=VCC_MCU Pin=U3-52
Removed Pin From Net: NetName=MCU_MAGNET8 Pin=U3-56
Removed Pin From Net: NetName=MCU_MAGNET7 Pin=U3-57
Removed Pin From Net: NetName=MCU_MAGNET6 Pin=U3-58
Removed Pin From Net: NetName=MCU_MAGNET5 Pin=U3-59
Removed Pin From Net: NetName=MCU_MAGNET4 Pin=U3-60
Removed Pin From Net: NetName=GND_MCU Pin=U3-61
Removed Pin From Net: NetName=VCC_MCU Pin=U3-62
Removed Pin From Net: NetName=MCU_MAGNET3 Pin=U3-63
Removed Pin From Net: NetName=MCU_MAGNET2 Pin=U3-64
Removed Pin From Net: NetName=MCU_MAGNET1 Pin=U3-65
Removed Pin From Net: NetName=MCU_KEY3 Pin=U3-66
Removed Pin From Net: NetName=MCU_KEY2 Pin=U3-67
Removed Pin From Net: NetName=MCU_KEY1 Pin=U3-68
Removed Pin From Net: NetName=VCC_MCU Pin=U3-72
Removed Pin From Net: NetName=ISD_SS Pin=U3-73
Removed Pin From Net: NetName=ISD_SCK Pin=U3-74
Removed Pin From Net: NetName=ISD_MISO Pin=U3-75
Removed Pin From Net: NetName=ISD_MOSI Pin=U3-76
Removed Pin From Net: NetName=GND_MCU Pin=U3-83
Removed Pin From Net: NetName=VCC_MCU Pin=U3-84
Removed Pin From Net: NetName=GND_MCU Pin=U3-94
Removed Pin From Net: NetName=VCC_MCU Pin=U3-95
Removed Pin From Net: NetName=MCU_TXD Pin=U3-101
Removed Pin From Net: NetName=MCU_RXD Pin=U3-102
Removed Pin From Net: NetName=MCU_SWDIO Pin=U3-105
Removed Pin From Net: NetName=GND_MCU Pin=U3-107
Removed Pin From Net: NetName=VCC_MCU Pin=U3-108
Removed Pin From Net: NetName=MCU_SWCLK Pin=U3-109
Removed Pin From Net: NetName=GND_MCU Pin=U3-120
Removed Pin From Net: NetName=VCC_MCU Pin=U3-121
Removed Pin From Net: NetName=GND_MCU Pin=U3-130
Removed Pin From Net: NetName=VCC_MCU Pin=U3-131
Removed Pin From Net: NetName=MCU_SCL Pin=U3-136
Removed Pin From Net: NetName=MCU_SDA Pin=U3-137
Removed Pin From Net: NetName=MCU_BOOT0 Pin=U3-138
Removed Pin From Net: NetName=VCC_MCU Pin=U3-144
Removed Member From Class: ClassName=STM_AUX Member=C25
Removed Member From Class: ClassName=STM_AUX Member=C26
Removed Member From Class: ClassName=STM_AUX Member=C27
Removed Member From Class: ClassName=STM_AUX Member=C28
Removed Member From Class: ClassName=STM_AUX Member=C29
Removed Member From Class: ClassName=STM_AUX Member=C30
Removed Member From Class: ClassName=STM_AUX Member=C31
Removed Member From Class: ClassName=STM_AUX Member=C32
Removed Member From Class: ClassName=STM_AUX Member=C33
Removed Member From Class: ClassName=STM_AUX Member=C34
Removed Member From Class: ClassName=STM_AUX Member=C39
Removed Member From Class: ClassName=TFT Member=TP10
Removed Member From Class: ClassName=STM32 Member=TFT_CS_2
Removed Member From Class: ClassName=STM32 Member=TFT_CS_3
Removed Member From Class: ClassName=STM32 Member=V_CAP_1
Removed Member From Class: ClassName=STM32 Member=V_CAP_2
Change Component Footprint: Designator=U3 Old Footprint=STM-LQFP144_M New Footprint=STM-LQFP64_N
Change Component Comment : Designator=U3 Old Comment=STM32F407ZGT6 New Comment=STM32F103RCT6
Change component parameters: Designator = "U3" ("U3"); Footprint = "STM-LQFP144_M"; UniqueID = "\VCSRICHR\ZMOQPGXI" ("\VCSRICHR\ZMOQPGXI")
Change component parameters (AddParameter): Name = "A/D Converter"; Value = "3x12-bit (16 Channel)"; VariantName = "[No Variations]"
Change component parameters (AddParameter): Name = "ComponentLink1Description"; Value = "Manufacturer URL"; VariantName = "[No Variations]"
Change component parameters (AddParameter): Name = "ComponentLink1URL"; Value = "http://www.st.com/web/en/home.html"; VariantName = "[No Variations]"
Change component parameters (AddParameter): Name = "ComponentLink2Description"; Value = "Datasheet"; VariantName = "[No Variations]"
Change component parameters (AddParameter): Name = "ComponentLink2URL"; Value = "http://www.st.com/st-web-ui/static/active/en/resource/technical/document/datasheet/CD00191185.pdf"; VariantName = "[No Variations]"
Change component parameters (AddParameter): Name = "ComponentLink3Description"; Value = "Package Specification"; VariantName = "[No Variations]"
Change component parameters (AddParameter): Name = "ComponentLink3URL"; Value = "http://www.st.com/st-web-ui/static/active/en/resource/technical/document/datasheet/DM00037051.pdf"; VariantName = "[No Variations]"
Change component parameters (AddParameter): Name = "Core"; Value = "ARM Cortex-M3"; VariantName = "[No Variations]"
Change component parameters (AddParameter): Name = "D/A Converter"; Value = "2x12-bit (2 Channel)"; VariantName = "[No Variations]"
Change component parameters (AddParameter): Name = "DatasheetVersion"; Value = "Rev. 8"; VariantName = "[No Variations]"
Change component parameters (AddParameter): Name = "FLASH Size (Prog) (kB)"; Value = "256"; VariantName = "[No Variations]"
Change component parameters (AddParameter): Name = "I/Os (High Current)"; Value = "51"; VariantName = "[No Variations]"
Change component parameters (AddParameter): Name = "Internal RAM Size (kB)"; Value = "48"; VariantName = "[No Variations]"
Change component parameters (AddParameter): Name = "Mounting Technology"; Value = "Surface Mount"; VariantName = "[No Variations]"
Change component parameters (AddParameter): Name = "Operating Frequency(F) (Processor speed) (MHz)"; Value = "72"; VariantName = "[No Variations]"
Change component parameters (AddParameter): Name = "PackageDescription"; Value = "64-Pin Low Profile Quad Flat Package, 10 x 10 mm Body, 0.5 mm Pitch"; VariantName = "[No Variations]"
Change component parameters (AddParameter): Name = "PackageReference"; Value = "LQFP64"; VariantName = "[No Variations]"
Change component parameters (AddParameter): Name = "PackageVersion"; Value = "Rev. 4, 06/2013"; VariantName = "[No Variations]"
Change component parameters (AddParameter): Name = "Packing"; Value = "Tray"; VariantName = "[No Variations]"
Change component parameters (AddParameter): Name = "PartNumber"; Value = "STM32F103RCT6"; VariantName = "[No Variations]"
Change component parameters (AddParameter): Name = "Supplier 1"; Value = "Digi-Key"; VariantName = "[No Variations]"
Change component parameters (AddParameter): Name = "Supplier 2"; Value = "Newark"; VariantName = "[No Variations]"
Change component parameters (AddParameter): Name = "Supplier 3"; Value = "Newark"; VariantName = "[No Variations]"
Change component parameters (AddParameter): Name = "Supplier 4"; Value = "Mouser"; VariantName = "[No Variations]"
Change component parameters (AddParameter): Name = "Supplier Part Number 1"; Value = "497-9033-ND"; VariantName = "[No Variations]"
Change component parameters (AddParameter): Name = "Supplier Part Number 2"; Value = "01P4099"; VariantName = "[No Variations]"
Change component parameters (AddParameter): Name = "Supplier Part Number 3"; Value = "57P1227"; VariantName = "[No Variations]"
Change component parameters (AddParameter): Name = "Supplier Part Number 4"; Value = "511-STM32F103RCT6"; VariantName = "[No Variations]"
Change component parameters (AddParameter): Name = "Supply Voltage(Vcc) min (V)"; Value = "2"; VariantName = "[No Variations]"
Added Pin To Net: NetName=MCU_VBAT Pin=U3-1
Added Pin To Net: NetName=MCU_OCS_N Pin=U3-5
Added Pin To Net: NetName=MCU_OCS_P Pin=U3-6
Added Pin To Net: NetName=MCU_NRST Pin=U3-7
Added Pin To Net: NetName=GND_MCU Pin=U3-12
Added Pin To Net: NetName=VCC_MCU Pin=U3-13
Added Pin To Net: NetName=GND_MCU Pin=U3-18
Added Pin To Net: NetName=VCC_MCU Pin=U3-19
Added Pin To Net: NetName=TFT_CS Pin=U3-20
Added Pin To Net: NetName=TFT_CLK Pin=U3-21
Added Pin To Net: NetName=TFT_MISO Pin=U3-22
Added Pin To Net: NetName=TFT_MOSI Pin=U3-23
Added Pin To Net: NetName=TFT_DC Pin=U3-24
Added Pin To Net: NetName=TFT_RES Pin=U3-25
Added Pin To Net: NetName=TFT_BLK Pin=U3-26
Added Pin To Net: NetName=ISD_SS Pin=U3-33
Added Pin To Net: NetName=ISD_SCK Pin=U3-34
Added Pin To Net: NetName=ISD_MISO Pin=U3-35
Added Pin To Net: NetName=ISD_MOSI Pin=U3-36
Added Pin To Net: NetName=MCU_TXD Pin=U3-42
Added Pin To Net: NetName=MCU_RXD Pin=U3-43
Added Pin To Net: NetName=MCU_SWDIO Pin=U3-46
Added Pin To Net: NetName=GND_MCU Pin=U3-47
Added Pin To Net: NetName=VCC_MCU Pin=U3-48
Added Pin To Net: NetName=MCU_SWCLK Pin=U3-49
Added Pin To Net: NetName=MCU_SCL Pin=U3-58
Added Pin To Net: NetName=MCU_SDA Pin=U3-59
Added Pin To Net: NetName=MCU_BOOT0 Pin=U3-60
Added Pin To Net: NetName=GND_MCU Pin=U3-63
Added Pin To Net: NetName=VCC_MCU Pin=U3-64
Added Pin To Net: NetName=TFT_XL Pin=CN3-1
Added Pin To Net: NetName=TFT_XL Pin=TP13-1
Added Pin To Net: NetName=TFT_XL Pin=U3-14
Added Net: Name=TFT_XL
Added Pin To Net: NetName=TFT_XR Pin=CN3-3
Added Pin To Net: NetName=TFT_XR Pin=TP5-1
Added Pin To Net: NetName=TFT_XR Pin=U3-16
Added Net: Name=TFT_XR
Added Pin To Net: NetName=TFT_YD Pin=CN3-4
Added Pin To Net: NetName=TFT_YD Pin=TP8-1
Added Pin To Net: NetName=TFT_YD Pin=U3-17
Added Net: Name=TFT_YD
Added Pin To Net: NetName=TFT_YU Pin=CN3-2
Added Pin To Net: NetName=TFT_YU Pin=TP14-1
Added Pin To Net: NetName=TFT_YU Pin=U3-15
Added Net: Name=TFT_YU
Added Member To Class: ClassName=FPC Member=Wire TFT_XL
Added Member To Class: ClassName=STM32 Member=Wire TFT_XL
Added Member To Class: ClassName=FPC Member=Wire TFT_XR
Added Member To Class: ClassName=STM32 Member=Wire TFT_XR
Added Member To Class: ClassName=FPC Member=Wire TFT_YD
Added Member To Class: ClassName=STM32 Member=Wire TFT_YD
Added Member To Class: ClassName=FPC Member=Wire TFT_YU
Added Member To Class: ClassName=STM32 Member=Wire TFT_YU
