Change Component Designator: OldDesignator=C1_1 NewDesignator=C1A
Change Component Designator: OldDesignator=C1_2 NewDesignator=C1B
Change Component Designator: OldDesignator=C1_3 NewDesignator=C1C
Change Component Designator: OldDesignator=C2_1 NewDesignator=C2A
Change Component Designator: OldDesignator=C2_2 NewDesignator=C2B
Change Component Designator: OldDesignator=C2_3 NewDesignator=C2C
Change Component Designator: OldDesignator=C2_4 NewDesignator=C2D
Change Component Designator: OldDesignator=C2_5 NewDesignator=C2E
Change Component Designator: OldDesignator=C2_6 NewDesignator=C2F
Change Component Designator: OldDesignator=C2_7 NewDesignator=C2G
Change Component Designator: OldDesignator=C2_8 NewDesignator=C2H
Change Component Designator: OldDesignator=CN1_1 NewDesignator=CN1A
Change Component Designator: OldDesignator=CN1_2 NewDesignator=CN1B
Change Component Designator: OldDesignator=CN1_3 NewDesignator=CN1C
Change Component Designator: OldDesignator=CN1_4 NewDesignator=CN1D
Change Component Designator: OldDesignator=CN1_5 NewDesignator=CN1E
Change Component Designator: OldDesignator=CN1_6 NewDesignator=CN1F
Change Component Designator: OldDesignator=CN1_7 NewDesignator=CN1G
Change Component Designator: OldDesignator=CN1_8 NewDesignator=CN1H
Change Component Designator: OldDesignator=D3_1 NewDesignator=D3A
Change Component Designator: OldDesignator=D3_2 NewDesignator=D3B
Change Component Designator: OldDesignator=D3_3 NewDesignator=D3C
Change Component Designator: OldDesignator=D3_4 NewDesignator=D3D
Change Component Designator: OldDesignator=D3_5 NewDesignator=D3E
Change Component Designator: OldDesignator=D3_6 NewDesignator=D3F
Change Component Designator: OldDesignator=D3_7 NewDesignator=D3G
Change Component Designator: OldDesignator=D3_8 NewDesignator=D3H
Change Component Designator: OldDesignator=Q1_1 NewDesignator=Q1A
Change Component Designator: OldDesignator=Q1_2 NewDesignator=Q1B
Change Component Designator: OldDesignator=Q1_3 NewDesignator=Q1C
Change Component Designator: OldDesignator=Q1_4 NewDesignator=Q1D
Change Component Designator: OldDesignator=Q1_5 NewDesignator=Q1E
Change Component Designator: OldDesignator=Q1_6 NewDesignator=Q1F
Change Component Designator: OldDesignator=Q1_7 NewDesignator=Q1G
Change Component Designator: OldDesignator=Q1_8 NewDesignator=Q1H
Change Component Designator: OldDesignator=Q2_1 NewDesignator=Q2A
Change Component Designator: OldDesignator=Q2_2 NewDesignator=Q2B
Change Component Designator: OldDesignator=Q2_3 NewDesignator=Q2C
Change Component Designator: OldDesignator=Q2_4 NewDesignator=Q2D
Change Component Designator: OldDesignator=Q2_5 NewDesignator=Q2E
Change Component Designator: OldDesignator=Q2_6 NewDesignator=Q2F
Change Component Designator: OldDesignator=Q2_7 NewDesignator=Q2G
Change Component Designator: OldDesignator=Q2_8 NewDesignator=Q2H
Change Component Designator: OldDesignator=R1_1 NewDesignator=R1A
Change Component Designator: OldDesignator=R1_2 NewDesignator=R1B
Change Component Designator: OldDesignator=R1_3 NewDesignator=R1C
Change Component Designator: OldDesignator=R2_1 NewDesignator=R2A
Change Component Designator: OldDesignator=R2_2 NewDesignator=R2B
Change Component Designator: OldDesignator=R2_3 NewDesignator=R2C
Change Component Designator: OldDesignator=R2_4 NewDesignator=R2D
Change Component Designator: OldDesignator=R2_5 NewDesignator=R2E
Change Component Designator: OldDesignator=R2_6 NewDesignator=R2F
Change Component Designator: OldDesignator=R2_7 NewDesignator=R2G
Change Component Designator: OldDesignator=R2_8 NewDesignator=R2H
Change Component Designator: OldDesignator=R3_1 NewDesignator=R3A
Change Component Designator: OldDesignator=R3_2 NewDesignator=R3B
Change Component Designator: OldDesignator=R3_3 NewDesignator=R3C
Change Component Designator: OldDesignator=R3_4 NewDesignator=R3D
Change Component Designator: OldDesignator=R3_5 NewDesignator=R3E
Change Component Designator: OldDesignator=R3_6 NewDesignator=R3F
Change Component Designator: OldDesignator=R3_7 NewDesignator=R3G
Change Component Designator: OldDesignator=R3_8 NewDesignator=R3H
Change Component Designator: OldDesignator=R4_1 NewDesignator=R4A
Change Component Designator: OldDesignator=R4_2 NewDesignator=R4B
Change Component Designator: OldDesignator=R4_3 NewDesignator=R4C
Change Component Designator: OldDesignator=R4_4 NewDesignator=R4D
Change Component Designator: OldDesignator=R4_5 NewDesignator=R4E
Change Component Designator: OldDesignator=R4_6 NewDesignator=R4F
Change Component Designator: OldDesignator=R4_7 NewDesignator=R4G
Change Component Designator: OldDesignator=R4_8 NewDesignator=R4H
Change Component Designator: OldDesignator=R5_1 NewDesignator=R5A
Change Component Designator: OldDesignator=R5_2 NewDesignator=R5B
Change Component Designator: OldDesignator=R5_3 NewDesignator=R5C
Change Component Designator: OldDesignator=R5_4 NewDesignator=R5D
Change Component Designator: OldDesignator=R5_5 NewDesignator=R5E
Change Component Designator: OldDesignator=R5_6 NewDesignator=R5F
Change Component Designator: OldDesignator=R5_7 NewDesignator=R5G
Change Component Designator: OldDesignator=R5_8 NewDesignator=R5H
Change Component Designator: OldDesignator=R6_1 NewDesignator=R6A
Change Component Designator: OldDesignator=R6_2 NewDesignator=R6B
Change Component Designator: OldDesignator=R6_3 NewDesignator=R6C
Change Component Designator: OldDesignator=R6_4 NewDesignator=R6D
Change Component Designator: OldDesignator=R6_5 NewDesignator=R6E
Change Component Designator: OldDesignator=R6_6 NewDesignator=R6F
Change Component Designator: OldDesignator=R6_7 NewDesignator=R6G
Change Component Designator: OldDesignator=R6_8 NewDesignator=R6H
Change Component Designator: OldDesignator=R7_1 NewDesignator=R7A
Change Component Designator: OldDesignator=R7_2 NewDesignator=R7B
Change Component Designator: OldDesignator=R7_3 NewDesignator=R7C
Change Component Designator: OldDesignator=R7_4 NewDesignator=R7D
Change Component Designator: OldDesignator=R7_5 NewDesignator=R7E
Change Component Designator: OldDesignator=R7_6 NewDesignator=R7F
Change Component Designator: OldDesignator=R7_7 NewDesignator=R7G
Change Component Designator: OldDesignator=R7_8 NewDesignator=R7H
Change Component Designator: OldDesignator=S1_1 NewDesignator=S1A
Change Component Designator: OldDesignator=S1_2 NewDesignator=S1B
Change Component Designator: OldDesignator=S1_3 NewDesignator=S1C
Change Component Designator: OldDesignator=ZD1_1 NewDesignator=ZD1A
Change Component Designator: OldDesignator=ZD1_2 NewDesignator=ZD1B
Change Component Designator: OldDesignator=ZD1_3 NewDesignator=ZD1C
Change Component Designator: OldDesignator=ZD1_4 NewDesignator=ZD1D
Change Component Designator: OldDesignator=ZD1_5 NewDesignator=ZD1E
Change Component Designator: OldDesignator=ZD1_6 NewDesignator=ZD1F
Change Component Designator: OldDesignator=ZD1_7 NewDesignator=ZD1G
Change Component Designator: OldDesignator=ZD1_8 NewDesignator=ZD1H
Change Net Name : Old Net Name=NetCN1_1_1 New Net Name=NetCN1A_1
Change Net Name : Old Net Name=NetCN1_1_2 New Net Name=NetCN1A_2
Change Net Name : Old Net Name=NetCN1_1_3 New Net Name=NetCN1A_3
Change Net Name : Old Net Name=NetCN1_2_1 New Net Name=NetCN1B_1
Change Net Name : Old Net Name=NetCN1_2_2 New Net Name=NetCN1B_2
Change Net Name : Old Net Name=NetCN1_2_3 New Net Name=NetCN1B_3
Change Net Name : Old Net Name=NetCN1_3_1 New Net Name=NetCN1C_1
Change Net Name : Old Net Name=NetCN1_3_2 New Net Name=NetCN1C_2
Change Net Name : Old Net Name=NetCN1_3_3 New Net Name=NetCN1C_3
Change Net Name : Old Net Name=NetCN1_4_1 New Net Name=NetCN1D_1
Change Net Name : Old Net Name=NetCN1_4_2 New Net Name=NetCN1D_2
Change Net Name : Old Net Name=NetCN1_4_3 New Net Name=NetCN1D_3
Change Net Name : Old Net Name=NetCN1_5_1 New Net Name=NetCN1E_1
Change Net Name : Old Net Name=NetCN1_5_2 New Net Name=NetCN1E_2
Change Net Name : Old Net Name=NetCN1_5_3 New Net Name=NetCN1E_3
Change Net Name : Old Net Name=NetCN1_6_1 New Net Name=NetCN1F_1
Change Net Name : Old Net Name=NetCN1_6_2 New Net Name=NetCN1F_2
Change Net Name : Old Net Name=NetCN1_6_3 New Net Name=NetCN1F_3
Change Net Name : Old Net Name=NetCN1_7_1 New Net Name=NetCN1G_1
Change Net Name : Old Net Name=NetCN1_7_2 New Net Name=NetCN1G_2
Change Net Name : Old Net Name=NetCN1_7_3 New Net Name=NetCN1G_3
Change Net Name : Old Net Name=NetCN1_8_1 New Net Name=NetCN1H_1
Change Net Name : Old Net Name=NetCN1_8_2 New Net Name=NetCN1H_2
Change Net Name : Old Net Name=NetCN1_8_3 New Net Name=NetCN1H_3
Change Net Name : Old Net Name=NetQ1_1_2 New Net Name=NetQ1A_2
Change Net Name : Old Net Name=NetQ1_2_2 New Net Name=NetQ1B_2
Change Net Name : Old Net Name=NetQ1_3_2 New Net Name=NetQ1C_2
Change Net Name : Old Net Name=NetQ1_4_2 New Net Name=NetQ1D_2
Change Net Name : Old Net Name=NetQ1_5_2 New Net Name=NetQ1E_2
Change Net Name : Old Net Name=NetQ1_6_2 New Net Name=NetQ1F_2
Change Net Name : Old Net Name=NetQ1_7_2 New Net Name=NetQ1G_2
Change Net Name : Old Net Name=NetQ1_8_2 New Net Name=NetQ1H_2
Change Net Name : Old Net Name=NetQ2_1_2 New Net Name=NetQ2A_2
Change Net Name : Old Net Name=NetQ2_2_2 New Net Name=NetQ2B_2
Change Net Name : Old Net Name=NetQ2_3_2 New Net Name=NetQ2C_2
Change Net Name : Old Net Name=NetQ2_4_2 New Net Name=NetQ2D_2
Change Net Name : Old Net Name=NetQ2_5_2 New Net Name=NetQ2E_2
Change Net Name : Old Net Name=NetQ2_6_2 New Net Name=NetQ2F_2
Change Net Name : Old Net Name=NetQ2_7_2 New Net Name=NetQ2G_2
Change Net Name : Old Net Name=NetQ2_8_2 New Net Name=NetQ2H_2
