Change Component Designator: OldDesignator=R2A NewDesignator=R4A
Change Component Designator: OldDesignator=R2B NewDesignator=R4B
Change Component Designator: OldDesignator=R2C NewDesignator=R4C
Change Component Designator: OldDesignator=R2D NewDesignator=R4D
Change Component Designator: OldDesignator=R2E NewDesignator=R4E
Change Component Designator: OldDesignator=R2F NewDesignator=R4F
Change Component Designator: OldDesignator=R2G NewDesignator=R4G
Change Component Designator: OldDesignator=R2H NewDesignator=R4H
Change Component Designator: OldDesignator=R3A NewDesignator=R5A
Change Component Designator: OldDesignator=R3B NewDesignator=R5B
Change Component Designator: OldDesignator=R3C NewDesignator=R5C
Change Component Designator: OldDesignator=R3D NewDesignator=R5D
Change Component Designator: OldDesignator=R3E NewDesignator=R5E
Change Component Designator: OldDesignator=R3F NewDesignator=R5F
Change Component Designator: OldDesignator=R3G NewDesignator=R5G
Change Component Designator: OldDesignator=R3H NewDesignator=R5H
Change Component Designator: OldDesignator=R4A NewDesignator=R2A
Change Component Designator: OldDesignator=R4B NewDesignator=R2B
Change Component Designator: OldDesignator=R4C NewDesignator=R2C
Change Component Designator: OldDesignator=R4D NewDesignator=R2D
Change Component Designator: OldDesignator=R4E NewDesignator=R2E
Change Component Designator: OldDesignator=R4F NewDesignator=R2F
Change Component Designator: OldDesignator=R4G NewDesignator=R2G
Change Component Designator: OldDesignator=R4H NewDesignator=R2H
Change Component Designator: OldDesignator=R5A NewDesignator=R3A
Change Component Designator: OldDesignator=R5B NewDesignator=R3B
Change Component Designator: OldDesignator=R5C NewDesignator=R3C
Change Component Designator: OldDesignator=R5D NewDesignator=R3D
Change Component Designator: OldDesignator=R5E NewDesignator=R3E
Change Component Designator: OldDesignator=R5F NewDesignator=R3F
Change Component Designator: OldDesignator=R5G NewDesignator=R3G
Change Component Designator: OldDesignator=R5H NewDesignator=R3H
