Added Component: Designator=C50(C-0805)
Add component (AddParameter): Name = "ComponentLink1Description"; Value = "Linkedin"; VariantName = "[No Variations]"
Add component (AddParameter): Name = "ComponentLink1URL"; Value = "https://ir.linkedin.com/in/mahdi-bagherzade"; VariantName = "[No Variations]"
Add component (AddParameter): Name = "Phone Number"; Value = "0915 8700 314"; VariantName = "[No Variations]"
Add component (AddParameter): Name = "Published Date"; Value = "9-15-2024"; VariantName = "[No Variations]"
Add component (AddParameter): Name = "Publisher"; Value = "Mahdi Bagherzadeh"; VariantName = "[No Variations]"
Add component (AddParameter): Name = "Tolerance"; Value = "X7R"; VariantName = "[No Variations]"
Add component (AddParameter): Name = "Type"; Value = "SMD"; VariantName = "[No Variations]"
Add component (AddParameter): Name = "Value"; Value = "100nF"; VariantName = "[No Variations]"
Add component (AddParameter): Name = "Voltage"; Value = "50V"; VariantName = "[No Variations]"
Added Component: Designator=C51(C-0805)
Add component (AddParameter): Name = "ComponentLink1Description"; Value = "Linkedin"; VariantName = "[No Variations]"
Add component (AddParameter): Name = "ComponentLink1URL"; Value = "https://ir.linkedin.com/in/mahdi-bagherzade"; VariantName = "[No Variations]"
Add component (AddParameter): Name = "Phone Number"; Value = "0915 8700 314"; VariantName = "[No Variations]"
Add component (AddParameter): Name = "Published Date"; Value = "9-15-2024"; VariantName = "[No Variations]"
Add component (AddParameter): Name = "Publisher"; Value = "Mahdi Bagherzadeh"; VariantName = "[No Variations]"
Add component (AddParameter): Name = "Tolerance"; Value = "X7R"; VariantName = "[No Variations]"
Add component (AddParameter): Name = "Type"; Value = "SMD"; VariantName = "[No Variations]"
Add component (AddParameter): Name = "Value"; Value = "100nF"; VariantName = "[No Variations]"
Add component (AddParameter): Name = "Voltage"; Value = "50V"; VariantName = "[No Variations]"
Added Component: Designator=C52(C-0805)
Add component (AddParameter): Name = "ComponentLink1Description"; Value = "Linkedin"; VariantName = "[No Variations]"
Add component (AddParameter): Name = "ComponentLink1URL"; Value = "https://ir.linkedin.com/in/mahdi-bagherzade"; VariantName = "[No Variations]"
Add component (AddParameter): Name = "Phone Number"; Value = "0915 8700 314"; VariantName = "[No Variations]"
Add component (AddParameter): Name = "Published Date"; Value = "9-15-2024"; VariantName = "[No Variations]"
Add component (AddParameter): Name = "Publisher"; Value = "Mahdi Bagherzadeh"; VariantName = "[No Variations]"
Add component (AddParameter): Name = "Tolerance"; Value = "X7R"; VariantName = "[No Variations]"
Add component (AddParameter): Name = "Type"; Value = "SMD"; VariantName = "[No Variations]"
Add component (AddParameter): Name = "Value"; Value = "100nF"; VariantName = "[No Variations]"
Add component (AddParameter): Name = "Voltage"; Value = "50V"; VariantName = "[No Variations]"
Added Component: Designator=C53(C-0805)
Add component (AddParameter): Name = "ComponentLink1Description"; Value = "Linkedin"; VariantName = "[No Variations]"
Add component (AddParameter): Name = "ComponentLink1URL"; Value = "https://ir.linkedin.com/in/mahdi-bagherzade"; VariantName = "[No Variations]"
Add component (AddParameter): Name = "Phone Number"; Value = "0915 8700 314"; VariantName = "[No Variations]"
Add component (AddParameter): Name = "Published Date"; Value = "9-15-2024"; VariantName = "[No Variations]"
Add component (AddParameter): Name = "Publisher"; Value = "Mahdi Bagherzadeh"; VariantName = "[No Variations]"
Add component (AddParameter): Name = "Tolerance"; Value = "X7R"; VariantName = "[No Variations]"
Add component (AddParameter): Name = "Type"; Value = "SMD"; VariantName = "[No Variations]"
Add component (AddParameter): Name = "Value"; Value = "100nF"; VariantName = "[No Variations]"
Add component (AddParameter): Name = "Voltage"; Value = "50V"; VariantName = "[No Variations]"
Added Component: Designator=C54(C-0805)
Add component (AddParameter): Name = "ComponentLink1Description"; Value = "Linkedin"; VariantName = "[No Variations]"
Add component (AddParameter): Name = "ComponentLink1URL"; Value = "https://ir.linkedin.com/in/mahdi-bagherzade"; VariantName = "[No Variations]"
Add component (AddParameter): Name = "Phone Number"; Value = "0915 8700 314"; VariantName = "[No Variations]"
Add component (AddParameter): Name = "Published Date"; Value = "9-15-2024"; VariantName = "[No Variations]"
Add component (AddParameter): Name = "Publisher"; Value = "Mahdi Bagherzadeh"; VariantName = "[No Variations]"
Add component (AddParameter): Name = "Tolerance"; Value = "X7R"; VariantName = "[No Variations]"
Add component (AddParameter): Name = "Type"; Value = "SMD"; VariantName = "[No Variations]"
Add component (AddParameter): Name = "Value"; Value = "100nF"; VariantName = "[No Variations]"
Add component (AddParameter): Name = "Voltage"; Value = "50V"; VariantName = "[No Variations]"
Added Component: Designator=C55(C-0805)
Add component (AddParameter): Name = "ComponentLink1Description"; Value = "Linkedin"; VariantName = "[No Variations]"
Add component (AddParameter): Name = "ComponentLink1URL"; Value = "https://ir.linkedin.com/in/mahdi-bagherzade"; VariantName = "[No Variations]"
Add component (AddParameter): Name = "Phone Number"; Value = "0915 8700 314"; VariantName = "[No Variations]"
Add component (AddParameter): Name = "Published Date"; Value = "9-15-2024"; VariantName = "[No Variations]"
Add component (AddParameter): Name = "Publisher"; Value = "Mahdi Bagherzadeh"; VariantName = "[No Variations]"
Add component (AddParameter): Name = "Tolerance"; Value = "X7R"; VariantName = "[No Variations]"
Add component (AddParameter): Name = "Type"; Value = "SMD"; VariantName = "[No Variations]"
Add component (AddParameter): Name = "Value"; Value = "100nF"; VariantName = "[No Variations]"
Add component (AddParameter): Name = "Voltage"; Value = "50V"; VariantName = "[No Variations]"
Added Component: Designator=C56(C-0805)
Add component (AddParameter): Name = "ComponentLink1Description"; Value = "Linkedin"; VariantName = "[No Variations]"
Add component (AddParameter): Name = "ComponentLink1URL"; Value = "https://ir.linkedin.com/in/mahdi-bagherzade"; VariantName = "[No Variations]"
Add component (AddParameter): Name = "Phone Number"; Value = "0915 8700 314"; VariantName = "[No Variations]"
Add component (AddParameter): Name = "Published Date"; Value = "9-15-2024"; VariantName = "[No Variations]"
Add component (AddParameter): Name = "Publisher"; Value = "Mahdi Bagherzadeh"; VariantName = "[No Variations]"
Add component (AddParameter): Name = "Tolerance"; Value = "X7R"; VariantName = "[No Variations]"
Add component (AddParameter): Name = "Type"; Value = "SMD"; VariantName = "[No Variations]"
Add component (AddParameter): Name = "Value"; Value = "100nF"; VariantName = "[No Variations]"
Add component (AddParameter): Name = "Voltage"; Value = "50V"; VariantName = "[No Variations]"
Added Component: Designator=C57(C-0805)
Add component (AddParameter): Name = "ComponentLink1Description"; Value = "Linkedin"; VariantName = "[No Variations]"
Add component (AddParameter): Name = "ComponentLink1URL"; Value = "https://ir.linkedin.com/in/mahdi-bagherzade"; VariantName = "[No Variations]"
Add component (AddParameter): Name = "Phone Number"; Value = "0915 8700 314"; VariantName = "[No Variations]"
Add component (AddParameter): Name = "Published Date"; Value = "9-15-2024"; VariantName = "[No Variations]"
Add component (AddParameter): Name = "Publisher"; Value = "Mahdi Bagherzadeh"; VariantName = "[No Variations]"
Add component (AddParameter): Name = "Tolerance"; Value = "X7R"; VariantName = "[No Variations]"
Add component (AddParameter): Name = "Type"; Value = "SMD"; VariantName = "[No Variations]"
Add component (AddParameter): Name = "Value"; Value = "100nF"; VariantName = "[No Variations]"
Add component (AddParameter): Name = "Voltage"; Value = "50V"; VariantName = "[No Variations]"
Added Component: Designator=C58(C-0805)
Add component (AddParameter): Name = "ComponentLink1Description"; Value = "Linkedin"; VariantName = "[No Variations]"
Add component (AddParameter): Name = "ComponentLink1URL"; Value = "https://ir.linkedin.com/in/mahdi-bagherzade"; VariantName = "[No Variations]"
Add component (AddParameter): Name = "Phone Number"; Value = "0915 8700 314"; VariantName = "[No Variations]"
Add component (AddParameter): Name = "Published Date"; Value = "9-15-2024"; VariantName = "[No Variations]"
Add component (AddParameter): Name = "Publisher"; Value = "Mahdi Bagherzadeh"; VariantName = "[No Variations]"
Add component (AddParameter): Name = "Tolerance"; Value = "X7R"; VariantName = "[No Variations]"
Add component (AddParameter): Name = "Type"; Value = "SMD"; VariantName = "[No Variations]"
Add component (AddParameter): Name = "Value"; Value = "10uF"; VariantName = "[No Variations]"
Add component (AddParameter): Name = "Voltage"; Value = "50V"; VariantName = "[No Variations]"
Added Component: Designator=FB6(FB-0805)
Add component (AddParameter): Name = "ComponentLink1Description"; Value = "Linkedin"; VariantName = "[No Variations]"
Add component (AddParameter): Name = "ComponentLink1URL"; Value = "https://ir.linkedin.com/in/mahdi-bagherzade"; VariantName = "[No Variations]"
Add component (AddParameter): Name = "Phone Number"; Value = "0915 8700 314"; VariantName = "[No Variations]"
Add component (AddParameter): Name = "Published Date"; Value = "9-15-2024"; VariantName = "[No Variations]"
Add component (AddParameter): Name = "Publisher"; Value = "Mahdi Bagherzadeh"; VariantName = "[No Variations]"
Add component (AddParameter): Name = "Type"; Value = "SMD"; VariantName = "[No Variations]"
Added Component: Designator=FB7(FB-0805)
Add component (AddParameter): Name = "ComponentLink1Description"; Value = "Linkedin"; VariantName = "[No Variations]"
Add component (AddParameter): Name = "ComponentLink1URL"; Value = "https://ir.linkedin.com/in/mahdi-bagherzade"; VariantName = "[No Variations]"
Add component (AddParameter): Name = "Phone Number"; Value = "0915 8700 314"; VariantName = "[No Variations]"
Add component (AddParameter): Name = "Published Date"; Value = "9-15-2024"; VariantName = "[No Variations]"
Add component (AddParameter): Name = "Publisher"; Value = "Mahdi Bagherzadeh"; VariantName = "[No Variations]"
Add component (AddParameter): Name = "Type"; Value = "SMD"; VariantName = "[No Variations]"
Added Component: Designator=FB8(FB-0805)
Add component (AddParameter): Name = "ComponentLink1Description"; Value = "Linkedin"; VariantName = "[No Variations]"
Add component (AddParameter): Name = "ComponentLink1URL"; Value = "https://ir.linkedin.com/in/mahdi-bagherzade"; VariantName = "[No Variations]"
Add component (AddParameter): Name = "Phone Number"; Value = "0915 8700 314"; VariantName = "[No Variations]"
Add component (AddParameter): Name = "Published Date"; Value = "9-15-2024"; VariantName = "[No Variations]"
Add component (AddParameter): Name = "Publisher"; Value = "Mahdi Bagherzadeh"; VariantName = "[No Variations]"
Add component (AddParameter): Name = "Type"; Value = "SMD"; VariantName = "[No Variations]"
Added Component: Designator=R56(R-0805)
Add component (AddParameter): Name = "ComponentLink1Description"; Value = "Linkedin"; VariantName = "[No Variations]"
Add component (AddParameter): Name = "ComponentLink1URL"; Value = "https://ir.linkedin.com/in/mahdi-bagherzade"; VariantName = "[No Variations]"
Add component (AddParameter): Name = "Phone Number"; Value = "0915 8700 314"; VariantName = "[No Variations]"
Add component (AddParameter): Name = "Power"; Value = "1/8W"; VariantName = "[No Variations]"
Add component (AddParameter): Name = "Published Date"; Value = "9-15-2024"; VariantName = "[No Variations]"
Add component (AddParameter): Name = "Publisher"; Value = "Mahdi Bagherzadeh"; VariantName = "[No Variations]"
Add component (AddParameter): Name = "Tolerance"; Value = "5%"; VariantName = "[No Variations]"
Add component (AddParameter): Name = "Type"; Value = "SMD"; VariantName = "[No Variations]"
Add component (AddParameter): Name = "VALUE"; Value = "4.7K"; VariantName = "[No Variations]"
Added Component: Designator=R57(R-0805)
Add component (AddParameter): Name = "ComponentLink1Description"; Value = "Linkedin"; VariantName = "[No Variations]"
Add component (AddParameter): Name = "ComponentLink1URL"; Value = "https://ir.linkedin.com/in/mahdi-bagherzade"; VariantName = "[No Variations]"
Add component (AddParameter): Name = "Phone Number"; Value = "0915 8700 314"; VariantName = "[No Variations]"
Add component (AddParameter): Name = "Power"; Value = "1/8W"; VariantName = "[No Variations]"
Add component (AddParameter): Name = "Published Date"; Value = "9-15-2024"; VariantName = "[No Variations]"
Add component (AddParameter): Name = "Publisher"; Value = "Mahdi Bagherzadeh"; VariantName = "[No Variations]"
Add component (AddParameter): Name = "Tolerance"; Value = "5%"; VariantName = "[No Variations]"
Add component (AddParameter): Name = "Type"; Value = "SMD"; VariantName = "[No Variations]"
Add component (AddParameter): Name = "VALUE"; Value = "10K"; VariantName = "[No Variations]"
Added Component: Designator=R58(R-0805)
Add component (AddParameter): Name = "ComponentLink1Description"; Value = "Linkedin"; VariantName = "[No Variations]"
Add component (AddParameter): Name = "ComponentLink1URL"; Value = "https://ir.linkedin.com/in/mahdi-bagherzade"; VariantName = "[No Variations]"
Add component (AddParameter): Name = "Phone Number"; Value = "0915 8700 314"; VariantName = "[No Variations]"
Add component (AddParameter): Name = "Power"; Value = "1/8W"; VariantName = "[No Variations]"
Add component (AddParameter): Name = "Published Date"; Value = "9-15-2024"; VariantName = "[No Variations]"
Add component (AddParameter): Name = "Publisher"; Value = "Mahdi Bagherzadeh"; VariantName = "[No Variations]"
Add component (AddParameter): Name = "Tolerance"; Value = "5%"; VariantName = "[No Variations]"
Add component (AddParameter): Name = "Type"; Value = "SMD"; VariantName = "[No Variations]"
Add component (AddParameter): Name = "VALUE"; Value = "10K"; VariantName = "[No Variations]"
Added Component: Designator=R59(R-0805)
Add component (AddParameter): Name = "ComponentLink1Description"; Value = "Linkedin"; VariantName = "[No Variations]"
Add component (AddParameter): Name = "ComponentLink1URL"; Value = "https://ir.linkedin.com/in/mahdi-bagherzade"; VariantName = "[No Variations]"
Add component (AddParameter): Name = "Phone Number"; Value = "0915 8700 314"; VariantName = "[No Variations]"
Add component (AddParameter): Name = "Power"; Value = "1/8W"; VariantName = "[No Variations]"
Add component (AddParameter): Name = "Published Date"; Value = "9-15-2024"; VariantName = "[No Variations]"
Add component (AddParameter): Name = "Publisher"; Value = "Mahdi Bagherzadeh"; VariantName = "[No Variations]"
Add component (AddParameter): Name = "Tolerance"; Value = "5%"; VariantName = "[No Variations]"
Add component (AddParameter): Name = "Type"; Value = "SMD"; VariantName = "[No Variations]"
Add component (AddParameter): Name = "VALUE"; Value = "22R"; VariantName = "[No Variations]"
Added Component: Designator=U7(SOIC8-W)
Add component (AddParameter): Name = "Code"; Value = "W25Qxx"; VariantName = "[No Variations]"
Add component (AddParameter): Name = "ComponentLink1Description"; Value = "Linkedin"; VariantName = "[No Variations]"
Add component (AddParameter): Name = "ComponentLink1URL"; Value = "https://ir.linkedin.com/in/mahdi-bagherzade"; VariantName = "[No Variations]"
Add component (AddParameter): Name = "Phone Number"; Value = "0915 8700 314"; VariantName = "[No Variations]"
Add component (AddParameter): Name = "Published Date"; Value = "9-15-2024"; VariantName = "[No Variations]"
Add component (AddParameter): Name = "Publisher"; Value = "Mahdi Bagherzadeh"; VariantName = "[No Variations]"
Add component (AddParameter): Name = "Type"; Value = "SMD"; VariantName = "[No Variations]"
Added Component: Designator=U8(TSSOP-54)
Add component (AddParameter): Name = "Code"; Value = "IS42S16400J-7TLI"; VariantName = "[No Variations]"
Add component (AddParameter): Name = "ComponentLink1Description"; Value = "Linkedin"; VariantName = "[No Variations]"
Add component (AddParameter): Name = "ComponentLink1URL"; Value = "https://ir.linkedin.com/in/mahdi-bagherzade"; VariantName = "[No Variations]"
Add component (AddParameter): Name = "Phone Number"; Value = "0915 8700 314"; VariantName = "[No Variations]"
Add component (AddParameter): Name = "Published Date"; Value = "9-15-2024"; VariantName = "[No Variations]"
Add component (AddParameter): Name = "Publisher"; Value = "Mahdi Bagherzadeh"; VariantName = "[No Variations]"
Add component (AddParameter): Name = "Type"; Value = "SMD"; VariantName = "[No Variations]"
Added Pin To Net: NetName=LTDC_B0 Pin=C50-1
Added Pin To Net: NetName=VCC_W25 Pin=C50-2
Added Pin To Net: NetName=LTDC_B0 Pin=C51-1
Added Pin To Net: NetName=VCC_IS42 Pin=C51-2
Added Pin To Net: NetName=LTDC_B0 Pin=C52-1
Added Pin To Net: NetName=VCC_IS42 Pin=C52-2
Added Pin To Net: NetName=LTDC_B0 Pin=C53-1
Added Pin To Net: NetName=VCC_IS42 Pin=C53-2
Added Pin To Net: NetName=LTDC_B0 Pin=C54-1
Added Pin To Net: NetName=VCC_IS42 Pin=C54-2
Added Pin To Net: NetName=LTDC_B0 Pin=C55-1
Added Pin To Net: NetName=VCC_IS42 Pin=C55-2
Added Pin To Net: NetName=LTDC_B0 Pin=C56-1
Added Pin To Net: NetName=VCC_IS42 Pin=C56-2
Added Pin To Net: NetName=LTDC_B0 Pin=C57-1
Added Pin To Net: NetName=VCC_IS42 Pin=C57-2
Added Pin To Net: NetName=LTDC_B0 Pin=C58-1
Added Pin To Net: NetName=VCC_IS42 Pin=C58-2
Added Pin To Net: NetName=+3V3 Pin=FB6-1
Added Pin To Net: NetName=VCC_W25 Pin=FB6-2
Added Pin To Net: NetName=+3V3 Pin=FB7-1
Added Pin To Net: NetName=VCC_IS42 Pin=FB7-2
Added Pin To Net: NetName=+3V3 Pin=FB8-1
Added Pin To Net: NetName=VCC_IS42 Pin=FB8-2
Added Pin To Net: NetName=NetR56_1 Pin=R56-1
Added Pin To Net: NetName=VCC_W25 Pin=R56-2
Added Pin To Net: NetName=NetR57_1 Pin=R57-1
Added Pin To Net: NetName=VCC_W25 Pin=R57-2
Added Pin To Net: NetName=NetR58_1 Pin=R58-1
Added Pin To Net: NetName=VCC_W25 Pin=R58-2
Added Pin To Net: NetName=NetR59_1 Pin=R59-1
Added Pin To Net: NetName=NetR59_2 Pin=R59-2
Added Pin To Net: NetName=NetR56_1 Pin=U7-1
Added Pin To Net: NetName=NetU2_4 Pin=U7-2
Added Pin To Net: NetName=NetR57_1 Pin=U7-3
Added Pin To Net: NetName=LTDC_B0 Pin=U7-4
Added Pin To Net: NetName=NetU2_5 Pin=U7-5
Added Pin To Net: NetName=NetU2_6 Pin=U7-6
Added Pin To Net: NetName=NetR58_1 Pin=U7-7
Added Pin To Net: NetName=VCC_W25 Pin=U7-8
Added Pin To Net: NetName=VCC_IS42 Pin=U8-1
Added Pin To Net: NetName=NetU3_85 Pin=U8-2
Added Pin To Net: NetName=VCC_IS42 Pin=U8-3
Added Pin To Net: NetName=NetU3_86 Pin=U8-4
Added Pin To Net: NetName=NetU3_114 Pin=U8-5
Added Pin To Net: NetName=LTDC_B0 Pin=U8-6
Added Pin To Net: NetName=NetU3_115 Pin=U8-7
Added Pin To Net: NetName=NetU3_58 Pin=U8-8
Added Pin To Net: NetName=VCC_IS42 Pin=U8-9
Added Pin To Net: NetName=NetU3_59 Pin=U8-10
Added Pin To Net: NetName=NetU3_60 Pin=U8-11
Added Pin To Net: NetName=LTDC_B0 Pin=U8-12
Added Pin To Net: NetName=NetU3_63 Pin=U8-13
Added Pin To Net: NetName=VCC_IS42 Pin=U8-14
Added Pin To Net: NetName=NetU3_141 Pin=U8-15
Added Pin To Net: NetName=NetU3_26 Pin=U8-16
Added Pin To Net: NetName=NetU3_132 Pin=U8-17
Added Pin To Net: NetName=NetU3_49 Pin=U8-18
Added Pin To Net: NetName=NetU3_28 Pin=U8-19
Added Pin To Net: NetName=NetU3_90 Pin=U8-20
Added Pin To Net: NetName=NetU3_89 Pin=U8-21
Added Pin To Net: NetName=NetU3_56 Pin=U8-22
Added Pin To Net: NetName=NetU3_10 Pin=U8-23
Added Pin To Net: NetName=NetU3_11 Pin=U8-24
Added Pin To Net: NetName=NetU3_12 Pin=U8-25
Added Pin To Net: NetName=NetU3_13 Pin=U8-26
Added Pin To Net: NetName=VCC_IS42 Pin=U8-27
Added Pin To Net: NetName=LTDC_B0 Pin=U8-28
Added Pin To Net: NetName=NetU3_14 Pin=U8-29
Added Pin To Net: NetName=NetU3_15 Pin=U8-30
Added Pin To Net: NetName=NetU3_50 Pin=U8-31
Added Pin To Net: NetName=NetU3_53 Pin=U8-32
Added Pin To Net: NetName=NetU3_54 Pin=U8-33
Added Pin To Net: NetName=NetU3_55 Pin=U8-34
Added Pin To Net: NetName=NetU3_57 Pin=U8-35
Added Pin To Net: NetName=NetU3_29 Pin=U8-37
Added Pin To Net: NetName=NetR59_2 Pin=U8-38
Added Pin To Net: NetName=NetU3_142 Pin=U8-39
Added Pin To Net: NetName=LTDC_B0 Pin=U8-41
Added Pin To Net: NetName=NetU3_64 Pin=U8-42
Added Pin To Net: NetName=VCC_IS42 Pin=U8-43
Added Pin To Net: NetName=NetU3_65 Pin=U8-44
Added Pin To Net: NetName=NetU3_66 Pin=U8-45
Added Pin To Net: NetName=LTDC_B0 Pin=U8-46
Added Pin To Net: NetName=NetU3_67 Pin=U8-47
Added Pin To Net: NetName=NetU3_68 Pin=U8-48
Added Pin To Net: NetName=VCC_IS42 Pin=U8-49
Added Pin To Net: NetName=NetU3_77 Pin=U8-50
Added Pin To Net: NetName=NetU3_78 Pin=U8-51
Added Pin To Net: NetName=LTDC_B0 Pin=U8-52
Added Pin To Net: NetName=NetU3_79 Pin=U8-53
Added Pin To Net: NetName=LTDC_B0 Pin=U8-54
Added Member To Class: ClassName=ISD1730 Member=Component C50 CAP Cer 100nF-50V-X7R-SMD
Added Member To Class: ClassName=IS42S16400J Member=Component C51 CAP Cer 100nF-50V-X7R-SMD
Added Member To Class: ClassName=IS42S16400J Member=Component C52 CAP Cer 100nF-50V-X7R-SMD
Added Member To Class: ClassName=IS42S16400J Member=Component C53 CAP Cer 100nF-50V-X7R-SMD
Added Member To Class: ClassName=IS42S16400J Member=Component C54 CAP Cer 100nF-50V-X7R-SMD
Added Member To Class: ClassName=IS42S16400J Member=Component C55 CAP Cer 100nF-50V-X7R-SMD
Added Member To Class: ClassName=IS42S16400J Member=Component C56 CAP Cer 100nF-50V-X7R-SMD
Added Member To Class: ClassName=IS42S16400J Member=Component C57 CAP Cer 100nF-50V-X7R-SMD
Added Member To Class: ClassName=IS42S16400J Member=Component C58 CAP Cer 10uF-50V-X7R-SMD
Added Member To Class: ClassName=ISD1730 Member=Component FB6 Ferrite Bead SMD
Added Member To Class: ClassName=IS42S16400J Member=Component FB7 Ferrite Bead SMD
Added Member To Class: ClassName=IS42S16400J Member=Component FB8 Ferrite Bead SMD
Added Member To Class: ClassName=ISD1730 Member=Component R56 RES 4.7K-5%-1/8W-SMD
Added Member To Class: ClassName=ISD1730 Member=Component R57 RES 10K-5%-1/8W-SMD
Added Member To Class: ClassName=ISD1730 Member=Component R58 RES 10K-5%-1/8W-SMD
Added Member To Class: ClassName=IS42S16400J Member=Component R59 RES 22R-5%-1/8W-SMD
Added Member To Class: ClassName=ISD1730 Member=Component U7 IC W25Qxx-SMD
Added Member To Class: ClassName=IS42S16400J Member=Component U8 IC IS42S16400J-7TLI-SMD
Added Room: Name=IS42S16400J
Added Room: Name=ISD1730
Added Room: Name=MC3202
