Removed Pin From Net: NetName=LTDC_B7 Pin=R19-1
Removed Pin From Net: NetName=LTDC_B6 Pin=R20-1
Removed Pin From Net: NetName=LTDC_B5 Pin=R21-1
Removed Pin From Net: NetName=LTDC_B4 Pin=R22-1
Removed Pin From Net: NetName=LTDC_B3 Pin=R23-1
Removed Pin From Net: NetName=LTDC_B2 Pin=R24-1
Removed Pin From Net: NetName=GND_MCU Pin=R25-1
Removed Pin From Net: NetName=GND_MCU Pin=R26-1
Removed Pin From Net: NetName=LTDC_G7 Pin=R27-1
Removed Pin From Net: NetName=LTDC_G6 Pin=R28-1
Removed Pin From Net: NetName=LTDC_G5 Pin=R29-1
Removed Pin From Net: NetName=LTDC_G4 Pin=R30-1
Removed Pin From Net: NetName=LTDC_G3 Pin=R31-1
Removed Pin From Net: NetName=LTDC_G2 Pin=R32-1
Removed Pin From Net: NetName=GND_MCU Pin=R33-1
Removed Pin From Net: NetName=GND_MCU Pin=R34-1
Removed Pin From Net: NetName=LTDC_R7 Pin=R35-1
Removed Pin From Net: NetName=LTDC_R6 Pin=R36-1
Removed Pin From Net: NetName=LTDC_R5 Pin=R37-1
Removed Pin From Net: NetName=LTDC_R4 Pin=R38-1
Removed Pin From Net: NetName=LTDC_R3 Pin=R39-1
Removed Pin From Net: NetName=LTDC_R2 Pin=R40-1
Removed Pin From Net: NetName=GND_MCU Pin=R41-1
Removed Pin From Net: NetName=GND_MCU Pin=R42-1
Removed Member From Class: ClassName=TFT Member=R19
Removed Member From Class: ClassName=TFT Member=R20
Removed Member From Class: ClassName=TFT Member=R21
Removed Member From Class: ClassName=TFT Member=R22
Removed Member From Class: ClassName=TFT Member=R23
Removed Member From Class: ClassName=TFT Member=R24
Removed Member From Class: ClassName=TFT Member=R25
Removed Member From Class: ClassName=TFT Member=R26
Removed Member From Class: ClassName=TFT Member=R27
Removed Member From Class: ClassName=TFT Member=R28
Removed Member From Class: ClassName=TFT Member=R29
Removed Member From Class: ClassName=TFT Member=R30
Removed Member From Class: ClassName=TFT Member=R31
Removed Member From Class: ClassName=TFT Member=R32
Removed Member From Class: ClassName=TFT Member=R33
Removed Member From Class: ClassName=TFT Member=R34
Removed Member From Class: ClassName=TFT Member=R35
Removed Member From Class: ClassName=TFT Member=R36
Removed Member From Class: ClassName=TFT Member=R37
Removed Member From Class: ClassName=TFT Member=R38
Removed Member From Class: ClassName=TFT Member=R39
Removed Member From Class: ClassName=TFT Member=R40
Removed Member From Class: ClassName=TFT Member=R41
Removed Member From Class: ClassName=TFT Member=R42
Removed Member From Class: ClassName=FPC Member=NetCN3_12
Removed Member From Class: ClassName=FPC Member=NetCN3_13
Removed Member From Class: ClassName=FPC Member=NetCN3_14
Removed Member From Class: ClassName=FPC Member=NetCN3_15
Removed Member From Class: ClassName=FPC Member=NetCN3_16
Removed Member From Class: ClassName=FPC Member=NetCN3_17
Removed Member From Class: ClassName=FPC Member=NetCN3_18
Removed Member From Class: ClassName=FPC Member=NetCN3_19
Removed Member From Class: ClassName=FPC Member=NetCN3_20
Removed Member From Class: ClassName=FPC Member=NetCN3_21
Removed Member From Class: ClassName=FPC Member=NetCN3_22
Removed Member From Class: ClassName=FPC Member=NetCN3_23
Removed Member From Class: ClassName=FPC Member=NetCN3_24
Removed Member From Class: ClassName=FPC Member=NetCN3_25
Removed Member From Class: ClassName=FPC Member=NetCN3_26
Removed Member From Class: ClassName=FPC Member=NetCN3_27
Removed Member From Class: ClassName=FPC Member=NetCN3_28
Removed Member From Class: ClassName=FPC Member=NetCN3_29
Removed Member From Class: ClassName=FPC Member=NetCN3_30
Removed Member From Class: ClassName=FPC Member=NetCN3_31
Removed Member From Class: ClassName=FPC Member=NetCN3_32
Removed Member From Class: ClassName=FPC Member=NetCN3_33
Removed Member From Class: ClassName=FPC Member=NetCN3_34
Removed Member From Class: ClassName=FPC Member=NetCN3_35
Added Pin To Net: NetName=LTDC_B7 Pin=CN3-12
Added Pin To Net: NetName=LTDC_B6 Pin=CN3-13
Added Pin To Net: NetName=LTDC_B5 Pin=CN3-14
Added Pin To Net: NetName=LTDC_B4 Pin=CN3-15
Added Pin To Net: NetName=LTDC_B3 Pin=CN3-16
Added Pin To Net: NetName=LTDC_B2 Pin=CN3-17
Added Pin To Net: NetName=GND_MCU Pin=CN3-18
Added Pin To Net: NetName=GND_MCU Pin=CN3-19
Added Pin To Net: NetName=LTDC_G7 Pin=CN3-20
Added Pin To Net: NetName=LTDC_G6 Pin=CN3-21
Added Pin To Net: NetName=LTDC_G5 Pin=CN3-22
Added Pin To Net: NetName=LTDC_G4 Pin=CN3-23
Added Pin To Net: NetName=LTDC_G3 Pin=CN3-24
Added Pin To Net: NetName=LTDC_G2 Pin=CN3-25
Added Pin To Net: NetName=GND_MCU Pin=CN3-26
Added Pin To Net: NetName=GND_MCU Pin=CN3-27
Added Pin To Net: NetName=LTDC_R7 Pin=CN3-28
Added Pin To Net: NetName=LTDC_R6 Pin=CN3-29
Added Pin To Net: NetName=LTDC_R5 Pin=CN3-30
Added Pin To Net: NetName=LTDC_R4 Pin=CN3-31
Added Pin To Net: NetName=LTDC_R3 Pin=CN3-32
Added Pin To Net: NetName=LTDC_R2 Pin=CN3-33
Added Pin To Net: NetName=GND_MCU Pin=CN3-34
Added Pin To Net: NetName=GND_MCU Pin=CN3-35
